

================================================================
== Vitis HLS Report for 'ConvertToOutStream'
================================================================
* Date:           Mon Mar 10 15:36:55 2025

* Version:        2023.2 (Build 4023990 on Oct 11 2023)
* Project:        SDA
* Solution:       solution1 (Vivado IP Flow Target)
* Product family: virtexuplusHBM
* Target device:  xcvu35p_CIV-fsvh2892-3-e


================================================================
== Performance Estimates
================================================================
+ Timing: 
    * Summary: 
    +--------+----------+----------+------------+
    |  Clock |  Target  | Estimated| Uncertainty|
    +--------+----------+----------+------------+
    |ap_clk  |  10.00 ns|  6.047 ns|     2.70 ns|
    +--------+----------+----------+------------+

+ Latency: 
    * Summary: 
    +---------+---------+----------+-----------+-----+------+---------+
    |  Latency (cycles) |  Latency (absolute)  |  Interval  | Pipeline|
    |   min   |   max   |    min   |    max    | min |  max |   Type  |
    +---------+---------+----------+-----------+-----+------+---------+
    |      259|     2316|  2.590 us|  23.160 us|  259|  2316|       no|
    +---------+---------+----------+-----------+-----+------+---------+

    + Detail: 
        * Instance: 
        +---------------------------------------------------------------------------------------------+----------------------------------------------------------------------------------+---------+---------+-----------+-----------+------+------+---------+
        |                                                                                             |                                                                                  |  Latency (cycles) |   Latency (absolute)  |   Interval  | Pipeline|
        |                                           Instance                                          |                                      Module                                      |   min   |   max   |    min    |    max    |  min |  max |   Type  |
        +---------------------------------------------------------------------------------------------+----------------------------------------------------------------------------------+---------+---------+-----------+-----------+------+------+---------+
        |grp_ConvertToOutStream_Pipeline_VITIS_LOOP_592_5_VITIS_LOOP_595_6_VITIS_LOOP_598_7_V_fu_298  |ConvertToOutStream_Pipeline_VITIS_LOOP_592_5_VITIS_LOOP_595_6_VITIS_LOOP_598_7_V  |      258|      258|   2.580 us|   2.580 us|   258|   258|       no|
        |grp_ConvertToOutStream_Pipeline_VITIS_LOOP_570_1_fu_464                                      |ConvertToOutStream_Pipeline_VITIS_LOOP_570_1                                      |     2315|     2315|  23.150 us|  23.150 us|  2315|  2315|       no|
        +---------------------------------------------------------------------------------------------+----------------------------------------------------------------------------------+---------+---------+-----------+-----------+------+------+---------+

        * Loop: 
        N/A



================================================================
== Utilization Estimates
================================================================
* Summary: 
+---------------------+---------+------+---------+--------+-----+
|         Name        | BRAM_18K|  DSP |    FF   |   LUT  | URAM|
+---------------------+---------+------+---------+--------+-----+
|DSP                  |        -|     -|        -|       -|    -|
|Expression           |        -|     -|        0|       4|    -|
|FIFO                 |        -|     -|        -|       -|    -|
|Instance             |        -|   132|    18734|   19161|    -|
|Memory               |        -|     -|        -|       -|    -|
|Multiplexer          |        -|     -|        -|    1270|    -|
|Register             |        -|     -|      130|       -|    -|
+---------------------+---------+------+---------+--------+-----+
|Total                |        0|   132|    18864|   20435|    0|
+---------------------+---------+------+---------+--------+-----+
|Available SLR        |     1344|  2976|   871680|  435840|  320|
+---------------------+---------+------+---------+--------+-----+
|Utilization SLR (%)  |        0|     4|        2|       4|    0|
+---------------------+---------+------+---------+--------+-----+
|Available            |     2688|  5952|  1743360|  871680|  640|
+---------------------+---------+------+---------+--------+-----+
|Utilization (%)      |        0|     2|        1|       2|    0|
+---------------------+---------+------+---------+--------+-----+

+ Detail: 
    * Instance: 
    +---------------------------------------------------------------------------------------------+----------------------------------------------------------------------------------+---------+-----+-------+-------+-----+
    |                                           Instance                                          |                                      Module                                      | BRAM_18K| DSP |   FF  |  LUT  | URAM|
    +---------------------------------------------------------------------------------------------+----------------------------------------------------------------------------------+---------+-----+-------+-------+-----+
    |grp_ConvertToOutStream_Pipeline_VITIS_LOOP_570_1_fu_464                                      |ConvertToOutStream_Pipeline_VITIS_LOOP_570_1                                      |        0|  128|  18549|  17290|    0|
    |grp_ConvertToOutStream_Pipeline_VITIS_LOOP_592_5_VITIS_LOOP_595_6_VITIS_LOOP_598_7_V_fu_298  |ConvertToOutStream_Pipeline_VITIS_LOOP_592_5_VITIS_LOOP_595_6_VITIS_LOOP_598_7_V  |        0|    0|    185|   1846|    0|
    |mul_28ns_36ns_64_1_1_U1352                                                                   |mul_28ns_36ns_64_1_1                                                              |        0|    4|      0|     25|    0|
    +---------------------------------------------------------------------------------------------+----------------------------------------------------------------------------------+---------+-----+-------+-------+-----+
    |Total                                                                                        |                                                                                  |        0|  132|  18734|  19161|    0|
    +---------------------------------------------------------------------------------------------+----------------------------------------------------------------------------------+---------+-----+-------+-------+-----+

    * DSP: 
    N/A

    * Memory: 
    N/A

    * FIFO: 
    N/A

    * Expression: 
    +---------------------------------+----------+----+---+----+------------+------------+
    |          Variable Name          | Operation| DSP| FF| LUT| Bitwidth P0| Bitwidth P1|
    +---------------------------------+----------+----+---+----+------------+------------+
    |ap_block_state1                  |        or|   0|  0|   2|           1|           1|
    |ap_block_state2_on_subcall_done  |        or|   0|  0|   2|           1|           1|
    +---------------------------------+----------+----+---+----+------------+------------+
    |Total                            |          |   0|  0|   4|           2|           2|
    +---------------------------------+----------+----+---+----+------------+------------+

    * Multiplexer: 
    +-------------------------+----+-----------+-----+-----------+
    |           Name          | LUT| Input Size| Bits| Total Bits|
    +-------------------------+----+-----------+-----+-----------+
    |MM_OUT_10_write          |   9|          2|    1|          2|
    |MM_OUT_11_write          |   9|          2|    1|          2|
    |MM_OUT_12_write          |   9|          2|    1|          2|
    |MM_OUT_13_write          |   9|          2|    1|          2|
    |MM_OUT_14_write          |   9|          2|    1|          2|
    |MM_OUT_15_write          |   9|          2|    1|          2|
    |MM_OUT_1_write           |   9|          2|    1|          2|
    |MM_OUT_2_write           |   9|          2|    1|          2|
    |MM_OUT_3_write           |   9|          2|    1|          2|
    |MM_OUT_4_write           |   9|          2|    1|          2|
    |MM_OUT_5_write           |   9|          2|    1|          2|
    |MM_OUT_6_write           |   9|          2|    1|          2|
    |MM_OUT_7_write           |   9|          2|    1|          2|
    |MM_OUT_8_write           |   9|          2|    1|          2|
    |MM_OUT_9_write           |   9|          2|    1|          2|
    |MM_OUT_write             |   9|          2|    1|          2|
    |N_blk_n                  |   9|          2|    1|          2|
    |N_c_blk_n                |   9|          2|    1|          2|
    |R_blk_n                  |   9|          2|    1|          2|
    |R_c_blk_n                |   9|          2|    1|          2|
    |ap_NS_fsm                |  14|          3|    1|          3|
    |ap_done                  |   9|          2|    1|          2|
    |fifo_CONV3_ACC_10_write  |   9|          2|    1|          2|
    |fifo_CONV3_ACC_11_write  |   9|          2|    1|          2|
    |fifo_CONV3_ACC_12_write  |   9|          2|    1|          2|
    |fifo_CONV3_ACC_13_write  |   9|          2|    1|          2|
    |fifo_CONV3_ACC_14_write  |   9|          2|    1|          2|
    |fifo_CONV3_ACC_15_write  |   9|          2|    1|          2|
    |fifo_CONV3_ACC_1_write   |   9|          2|    1|          2|
    |fifo_CONV3_ACC_2_write   |   9|          2|    1|          2|
    |fifo_CONV3_ACC_3_write   |   9|          2|    1|          2|
    |fifo_CONV3_ACC_4_write   |   9|          2|    1|          2|
    |fifo_CONV3_ACC_5_write   |   9|          2|    1|          2|
    |fifo_CONV3_ACC_6_write   |   9|          2|    1|          2|
    |fifo_CONV3_ACC_7_write   |   9|          2|    1|          2|
    |fifo_CONV3_ACC_8_write   |   9|          2|    1|          2|
    |fifo_CONV3_ACC_9_write   |   9|          2|    1|          2|
    |fifo_CONV3_ACC_write     |   9|          2|    1|          2|
    |fifo_SA_O_10_read        |  14|          3|    1|          3|
    |fifo_SA_O_11_read        |  14|          3|    1|          3|
    |fifo_SA_O_12_read        |  14|          3|    1|          3|
    |fifo_SA_O_13_read        |  14|          3|    1|          3|
    |fifo_SA_O_14_read        |  14|          3|    1|          3|
    |fifo_SA_O_15_read        |  14|          3|    1|          3|
    |fifo_SA_O_16_read        |  14|          3|    1|          3|
    |fifo_SA_O_17_read        |  14|          3|    1|          3|
    |fifo_SA_O_18_read        |  14|          3|    1|          3|
    |fifo_SA_O_19_read        |  14|          3|    1|          3|
    |fifo_SA_O_1_read         |  14|          3|    1|          3|
    |fifo_SA_O_20_read        |  14|          3|    1|          3|
    |fifo_SA_O_21_read        |  14|          3|    1|          3|
    |fifo_SA_O_22_read        |  14|          3|    1|          3|
    |fifo_SA_O_23_read        |  14|          3|    1|          3|
    |fifo_SA_O_24_read        |  14|          3|    1|          3|
    |fifo_SA_O_25_read        |  14|          3|    1|          3|
    |fifo_SA_O_26_read        |  14|          3|    1|          3|
    |fifo_SA_O_27_read        |  14|          3|    1|          3|
    |fifo_SA_O_28_read        |  14|          3|    1|          3|
    |fifo_SA_O_29_read        |  14|          3|    1|          3|
    |fifo_SA_O_2_read         |  14|          3|    1|          3|
    |fifo_SA_O_30_read        |  14|          3|    1|          3|
    |fifo_SA_O_31_read        |  14|          3|    1|          3|
    |fifo_SA_O_32_read        |  14|          3|    1|          3|
    |fifo_SA_O_33_read        |  14|          3|    1|          3|
    |fifo_SA_O_34_read        |  14|          3|    1|          3|
    |fifo_SA_O_35_read        |  14|          3|    1|          3|
    |fifo_SA_O_36_read        |  14|          3|    1|          3|
    |fifo_SA_O_37_read        |  14|          3|    1|          3|
    |fifo_SA_O_38_read        |  14|          3|    1|          3|
    |fifo_SA_O_39_read        |  14|          3|    1|          3|
    |fifo_SA_O_3_read         |  14|          3|    1|          3|
    |fifo_SA_O_40_read        |  14|          3|    1|          3|
    |fifo_SA_O_41_read        |  14|          3|    1|          3|
    |fifo_SA_O_42_read        |  14|          3|    1|          3|
    |fifo_SA_O_43_read        |  14|          3|    1|          3|
    |fifo_SA_O_44_read        |  14|          3|    1|          3|
    |fifo_SA_O_45_read        |  14|          3|    1|          3|
    |fifo_SA_O_46_read        |  14|          3|    1|          3|
    |fifo_SA_O_47_read        |  14|          3|    1|          3|
    |fifo_SA_O_48_read        |  14|          3|    1|          3|
    |fifo_SA_O_49_read        |  14|          3|    1|          3|
    |fifo_SA_O_4_read         |  14|          3|    1|          3|
    |fifo_SA_O_50_read        |  14|          3|    1|          3|
    |fifo_SA_O_51_read        |  14|          3|    1|          3|
    |fifo_SA_O_52_read        |  14|          3|    1|          3|
    |fifo_SA_O_53_read        |  14|          3|    1|          3|
    |fifo_SA_O_54_read        |  14|          3|    1|          3|
    |fifo_SA_O_55_read        |  14|          3|    1|          3|
    |fifo_SA_O_56_read        |  14|          3|    1|          3|
    |fifo_SA_O_57_read        |  14|          3|    1|          3|
    |fifo_SA_O_58_read        |  14|          3|    1|          3|
    |fifo_SA_O_59_read        |  14|          3|    1|          3|
    |fifo_SA_O_5_read         |  14|          3|    1|          3|
    |fifo_SA_O_60_read        |  14|          3|    1|          3|
    |fifo_SA_O_61_read        |  14|          3|    1|          3|
    |fifo_SA_O_62_read        |  14|          3|    1|          3|
    |fifo_SA_O_63_read        |  14|          3|    1|          3|
    |fifo_SA_O_6_read         |  14|          3|    1|          3|
    |fifo_SA_O_7_read         |  14|          3|    1|          3|
    |fifo_SA_O_8_read         |  14|          3|    1|          3|
    |fifo_SA_O_9_read         |  14|          3|    1|          3|
    |fifo_SA_O_read           |  14|          3|    1|          3|
    |mode_blk_n               |   9|          2|    1|          2|
    |mode_c64_blk_n           |   9|          2|    1|          2|
    |num_a_sa_2_loc_blk_n     |   9|          2|    1|          2|
    +-------------------------+----+-----------+-----+-----------+
    |Total                    |1270|        275|  105|        275|
    +-------------------------+----+-----------+-----+-----------+

    * Register: 
    +----------------------------------------------------------------------------------------------------------+----+----+-----+-----------+
    |                                                   Name                                                   | FF | LUT| Bits| Const Bits|
    +----------------------------------------------------------------------------------------------------------+----+----+-----+-----------+
    |ap_CS_fsm                                                                                                 |   2|   0|    2|          0|
    |ap_done_reg                                                                                               |   1|   0|    1|          0|
    |bound69_reg_688                                                                                           |  64|   0|   64|          0|
    |grp_ConvertToOutStream_Pipeline_VITIS_LOOP_570_1_fu_464_ap_start_reg                                      |   1|   0|    1|          0|
    |grp_ConvertToOutStream_Pipeline_VITIS_LOOP_592_5_VITIS_LOOP_595_6_VITIS_LOOP_598_7_V_fu_298_ap_start_reg  |   1|   0|    1|          0|
    |mode_6_reg_674                                                                                            |   1|   0|    1|          0|
    |numlines_reg_678                                                                                          |  32|   0|   32|          0|
    |tmp_s_reg_683                                                                                             |  28|   0|   36|          8|
    +----------------------------------------------------------------------------------------------------------+----+----+-----+-----------+
    |Total                                                                                                     | 130|   0|  138|          8|
    +----------------------------------------------------------------------------------------------------------+----+----+-----+-----------+



================================================================
== Interface
================================================================
* Summary: 
+----------------------------------+-----+-----+------------+--------------------+--------------+
|             RTL Ports            | Dir | Bits|  Protocol  |    Source Object   |    C Type    |
+----------------------------------+-----+-----+------------+--------------------+--------------+
|ap_clk                            |   in|    1|  ap_ctrl_hs|  ConvertToOutStream|  return value|
|ap_rst                            |   in|    1|  ap_ctrl_hs|  ConvertToOutStream|  return value|
|ap_start                          |   in|    1|  ap_ctrl_hs|  ConvertToOutStream|  return value|
|ap_done                           |  out|    1|  ap_ctrl_hs|  ConvertToOutStream|  return value|
|ap_continue                       |   in|    1|  ap_ctrl_hs|  ConvertToOutStream|  return value|
|ap_idle                           |  out|    1|  ap_ctrl_hs|  ConvertToOutStream|  return value|
|ap_ready                          |  out|    1|  ap_ctrl_hs|  ConvertToOutStream|  return value|
|fifo_SA_O_dout                    |   in|   32|     ap_fifo|           fifo_SA_O|       pointer|
|fifo_SA_O_num_data_valid          |   in|    5|     ap_fifo|           fifo_SA_O|       pointer|
|fifo_SA_O_fifo_cap                |   in|    5|     ap_fifo|           fifo_SA_O|       pointer|
|fifo_SA_O_empty_n                 |   in|    1|     ap_fifo|           fifo_SA_O|       pointer|
|fifo_SA_O_read                    |  out|    1|     ap_fifo|           fifo_SA_O|       pointer|
|fifo_SA_O_1_dout                  |   in|   32|     ap_fifo|         fifo_SA_O_1|       pointer|
|fifo_SA_O_1_num_data_valid        |   in|    5|     ap_fifo|         fifo_SA_O_1|       pointer|
|fifo_SA_O_1_fifo_cap              |   in|    5|     ap_fifo|         fifo_SA_O_1|       pointer|
|fifo_SA_O_1_empty_n               |   in|    1|     ap_fifo|         fifo_SA_O_1|       pointer|
|fifo_SA_O_1_read                  |  out|    1|     ap_fifo|         fifo_SA_O_1|       pointer|
|fifo_SA_O_2_dout                  |   in|   32|     ap_fifo|         fifo_SA_O_2|       pointer|
|fifo_SA_O_2_num_data_valid        |   in|    5|     ap_fifo|         fifo_SA_O_2|       pointer|
|fifo_SA_O_2_fifo_cap              |   in|    5|     ap_fifo|         fifo_SA_O_2|       pointer|
|fifo_SA_O_2_empty_n               |   in|    1|     ap_fifo|         fifo_SA_O_2|       pointer|
|fifo_SA_O_2_read                  |  out|    1|     ap_fifo|         fifo_SA_O_2|       pointer|
|fifo_SA_O_3_dout                  |   in|   32|     ap_fifo|         fifo_SA_O_3|       pointer|
|fifo_SA_O_3_num_data_valid        |   in|    5|     ap_fifo|         fifo_SA_O_3|       pointer|
|fifo_SA_O_3_fifo_cap              |   in|    5|     ap_fifo|         fifo_SA_O_3|       pointer|
|fifo_SA_O_3_empty_n               |   in|    1|     ap_fifo|         fifo_SA_O_3|       pointer|
|fifo_SA_O_3_read                  |  out|    1|     ap_fifo|         fifo_SA_O_3|       pointer|
|fifo_SA_O_4_dout                  |   in|   32|     ap_fifo|         fifo_SA_O_4|       pointer|
|fifo_SA_O_4_num_data_valid        |   in|    5|     ap_fifo|         fifo_SA_O_4|       pointer|
|fifo_SA_O_4_fifo_cap              |   in|    5|     ap_fifo|         fifo_SA_O_4|       pointer|
|fifo_SA_O_4_empty_n               |   in|    1|     ap_fifo|         fifo_SA_O_4|       pointer|
|fifo_SA_O_4_read                  |  out|    1|     ap_fifo|         fifo_SA_O_4|       pointer|
|fifo_SA_O_5_dout                  |   in|   32|     ap_fifo|         fifo_SA_O_5|       pointer|
|fifo_SA_O_5_num_data_valid        |   in|    5|     ap_fifo|         fifo_SA_O_5|       pointer|
|fifo_SA_O_5_fifo_cap              |   in|    5|     ap_fifo|         fifo_SA_O_5|       pointer|
|fifo_SA_O_5_empty_n               |   in|    1|     ap_fifo|         fifo_SA_O_5|       pointer|
|fifo_SA_O_5_read                  |  out|    1|     ap_fifo|         fifo_SA_O_5|       pointer|
|fifo_SA_O_6_dout                  |   in|   32|     ap_fifo|         fifo_SA_O_6|       pointer|
|fifo_SA_O_6_num_data_valid        |   in|    5|     ap_fifo|         fifo_SA_O_6|       pointer|
|fifo_SA_O_6_fifo_cap              |   in|    5|     ap_fifo|         fifo_SA_O_6|       pointer|
|fifo_SA_O_6_empty_n               |   in|    1|     ap_fifo|         fifo_SA_O_6|       pointer|
|fifo_SA_O_6_read                  |  out|    1|     ap_fifo|         fifo_SA_O_6|       pointer|
|fifo_SA_O_7_dout                  |   in|   32|     ap_fifo|         fifo_SA_O_7|       pointer|
|fifo_SA_O_7_num_data_valid        |   in|    5|     ap_fifo|         fifo_SA_O_7|       pointer|
|fifo_SA_O_7_fifo_cap              |   in|    5|     ap_fifo|         fifo_SA_O_7|       pointer|
|fifo_SA_O_7_empty_n               |   in|    1|     ap_fifo|         fifo_SA_O_7|       pointer|
|fifo_SA_O_7_read                  |  out|    1|     ap_fifo|         fifo_SA_O_7|       pointer|
|fifo_SA_O_8_dout                  |   in|   32|     ap_fifo|         fifo_SA_O_8|       pointer|
|fifo_SA_O_8_num_data_valid        |   in|    5|     ap_fifo|         fifo_SA_O_8|       pointer|
|fifo_SA_O_8_fifo_cap              |   in|    5|     ap_fifo|         fifo_SA_O_8|       pointer|
|fifo_SA_O_8_empty_n               |   in|    1|     ap_fifo|         fifo_SA_O_8|       pointer|
|fifo_SA_O_8_read                  |  out|    1|     ap_fifo|         fifo_SA_O_8|       pointer|
|fifo_SA_O_9_dout                  |   in|   32|     ap_fifo|         fifo_SA_O_9|       pointer|
|fifo_SA_O_9_num_data_valid        |   in|    5|     ap_fifo|         fifo_SA_O_9|       pointer|
|fifo_SA_O_9_fifo_cap              |   in|    5|     ap_fifo|         fifo_SA_O_9|       pointer|
|fifo_SA_O_9_empty_n               |   in|    1|     ap_fifo|         fifo_SA_O_9|       pointer|
|fifo_SA_O_9_read                  |  out|    1|     ap_fifo|         fifo_SA_O_9|       pointer|
|fifo_SA_O_10_dout                 |   in|   32|     ap_fifo|        fifo_SA_O_10|       pointer|
|fifo_SA_O_10_num_data_valid       |   in|    5|     ap_fifo|        fifo_SA_O_10|       pointer|
|fifo_SA_O_10_fifo_cap             |   in|    5|     ap_fifo|        fifo_SA_O_10|       pointer|
|fifo_SA_O_10_empty_n              |   in|    1|     ap_fifo|        fifo_SA_O_10|       pointer|
|fifo_SA_O_10_read                 |  out|    1|     ap_fifo|        fifo_SA_O_10|       pointer|
|fifo_SA_O_11_dout                 |   in|   32|     ap_fifo|        fifo_SA_O_11|       pointer|
|fifo_SA_O_11_num_data_valid       |   in|    5|     ap_fifo|        fifo_SA_O_11|       pointer|
|fifo_SA_O_11_fifo_cap             |   in|    5|     ap_fifo|        fifo_SA_O_11|       pointer|
|fifo_SA_O_11_empty_n              |   in|    1|     ap_fifo|        fifo_SA_O_11|       pointer|
|fifo_SA_O_11_read                 |  out|    1|     ap_fifo|        fifo_SA_O_11|       pointer|
|fifo_SA_O_12_dout                 |   in|   32|     ap_fifo|        fifo_SA_O_12|       pointer|
|fifo_SA_O_12_num_data_valid       |   in|    5|     ap_fifo|        fifo_SA_O_12|       pointer|
|fifo_SA_O_12_fifo_cap             |   in|    5|     ap_fifo|        fifo_SA_O_12|       pointer|
|fifo_SA_O_12_empty_n              |   in|    1|     ap_fifo|        fifo_SA_O_12|       pointer|
|fifo_SA_O_12_read                 |  out|    1|     ap_fifo|        fifo_SA_O_12|       pointer|
|fifo_SA_O_13_dout                 |   in|   32|     ap_fifo|        fifo_SA_O_13|       pointer|
|fifo_SA_O_13_num_data_valid       |   in|    5|     ap_fifo|        fifo_SA_O_13|       pointer|
|fifo_SA_O_13_fifo_cap             |   in|    5|     ap_fifo|        fifo_SA_O_13|       pointer|
|fifo_SA_O_13_empty_n              |   in|    1|     ap_fifo|        fifo_SA_O_13|       pointer|
|fifo_SA_O_13_read                 |  out|    1|     ap_fifo|        fifo_SA_O_13|       pointer|
|fifo_SA_O_14_dout                 |   in|   32|     ap_fifo|        fifo_SA_O_14|       pointer|
|fifo_SA_O_14_num_data_valid       |   in|    5|     ap_fifo|        fifo_SA_O_14|       pointer|
|fifo_SA_O_14_fifo_cap             |   in|    5|     ap_fifo|        fifo_SA_O_14|       pointer|
|fifo_SA_O_14_empty_n              |   in|    1|     ap_fifo|        fifo_SA_O_14|       pointer|
|fifo_SA_O_14_read                 |  out|    1|     ap_fifo|        fifo_SA_O_14|       pointer|
|fifo_SA_O_15_dout                 |   in|   32|     ap_fifo|        fifo_SA_O_15|       pointer|
|fifo_SA_O_15_num_data_valid       |   in|    5|     ap_fifo|        fifo_SA_O_15|       pointer|
|fifo_SA_O_15_fifo_cap             |   in|    5|     ap_fifo|        fifo_SA_O_15|       pointer|
|fifo_SA_O_15_empty_n              |   in|    1|     ap_fifo|        fifo_SA_O_15|       pointer|
|fifo_SA_O_15_read                 |  out|    1|     ap_fifo|        fifo_SA_O_15|       pointer|
|fifo_SA_O_16_dout                 |   in|   32|     ap_fifo|        fifo_SA_O_16|       pointer|
|fifo_SA_O_16_num_data_valid       |   in|    5|     ap_fifo|        fifo_SA_O_16|       pointer|
|fifo_SA_O_16_fifo_cap             |   in|    5|     ap_fifo|        fifo_SA_O_16|       pointer|
|fifo_SA_O_16_empty_n              |   in|    1|     ap_fifo|        fifo_SA_O_16|       pointer|
|fifo_SA_O_16_read                 |  out|    1|     ap_fifo|        fifo_SA_O_16|       pointer|
|fifo_SA_O_17_dout                 |   in|   32|     ap_fifo|        fifo_SA_O_17|       pointer|
|fifo_SA_O_17_num_data_valid       |   in|    5|     ap_fifo|        fifo_SA_O_17|       pointer|
|fifo_SA_O_17_fifo_cap             |   in|    5|     ap_fifo|        fifo_SA_O_17|       pointer|
|fifo_SA_O_17_empty_n              |   in|    1|     ap_fifo|        fifo_SA_O_17|       pointer|
|fifo_SA_O_17_read                 |  out|    1|     ap_fifo|        fifo_SA_O_17|       pointer|
|fifo_SA_O_18_dout                 |   in|   32|     ap_fifo|        fifo_SA_O_18|       pointer|
|fifo_SA_O_18_num_data_valid       |   in|    5|     ap_fifo|        fifo_SA_O_18|       pointer|
|fifo_SA_O_18_fifo_cap             |   in|    5|     ap_fifo|        fifo_SA_O_18|       pointer|
|fifo_SA_O_18_empty_n              |   in|    1|     ap_fifo|        fifo_SA_O_18|       pointer|
|fifo_SA_O_18_read                 |  out|    1|     ap_fifo|        fifo_SA_O_18|       pointer|
|fifo_SA_O_19_dout                 |   in|   32|     ap_fifo|        fifo_SA_O_19|       pointer|
|fifo_SA_O_19_num_data_valid       |   in|    5|     ap_fifo|        fifo_SA_O_19|       pointer|
|fifo_SA_O_19_fifo_cap             |   in|    5|     ap_fifo|        fifo_SA_O_19|       pointer|
|fifo_SA_O_19_empty_n              |   in|    1|     ap_fifo|        fifo_SA_O_19|       pointer|
|fifo_SA_O_19_read                 |  out|    1|     ap_fifo|        fifo_SA_O_19|       pointer|
|fifo_SA_O_20_dout                 |   in|   32|     ap_fifo|        fifo_SA_O_20|       pointer|
|fifo_SA_O_20_num_data_valid       |   in|    5|     ap_fifo|        fifo_SA_O_20|       pointer|
|fifo_SA_O_20_fifo_cap             |   in|    5|     ap_fifo|        fifo_SA_O_20|       pointer|
|fifo_SA_O_20_empty_n              |   in|    1|     ap_fifo|        fifo_SA_O_20|       pointer|
|fifo_SA_O_20_read                 |  out|    1|     ap_fifo|        fifo_SA_O_20|       pointer|
|fifo_SA_O_21_dout                 |   in|   32|     ap_fifo|        fifo_SA_O_21|       pointer|
|fifo_SA_O_21_num_data_valid       |   in|    5|     ap_fifo|        fifo_SA_O_21|       pointer|
|fifo_SA_O_21_fifo_cap             |   in|    5|     ap_fifo|        fifo_SA_O_21|       pointer|
|fifo_SA_O_21_empty_n              |   in|    1|     ap_fifo|        fifo_SA_O_21|       pointer|
|fifo_SA_O_21_read                 |  out|    1|     ap_fifo|        fifo_SA_O_21|       pointer|
|fifo_SA_O_22_dout                 |   in|   32|     ap_fifo|        fifo_SA_O_22|       pointer|
|fifo_SA_O_22_num_data_valid       |   in|    5|     ap_fifo|        fifo_SA_O_22|       pointer|
|fifo_SA_O_22_fifo_cap             |   in|    5|     ap_fifo|        fifo_SA_O_22|       pointer|
|fifo_SA_O_22_empty_n              |   in|    1|     ap_fifo|        fifo_SA_O_22|       pointer|
|fifo_SA_O_22_read                 |  out|    1|     ap_fifo|        fifo_SA_O_22|       pointer|
|fifo_SA_O_23_dout                 |   in|   32|     ap_fifo|        fifo_SA_O_23|       pointer|
|fifo_SA_O_23_num_data_valid       |   in|    5|     ap_fifo|        fifo_SA_O_23|       pointer|
|fifo_SA_O_23_fifo_cap             |   in|    5|     ap_fifo|        fifo_SA_O_23|       pointer|
|fifo_SA_O_23_empty_n              |   in|    1|     ap_fifo|        fifo_SA_O_23|       pointer|
|fifo_SA_O_23_read                 |  out|    1|     ap_fifo|        fifo_SA_O_23|       pointer|
|fifo_SA_O_24_dout                 |   in|   32|     ap_fifo|        fifo_SA_O_24|       pointer|
|fifo_SA_O_24_num_data_valid       |   in|    5|     ap_fifo|        fifo_SA_O_24|       pointer|
|fifo_SA_O_24_fifo_cap             |   in|    5|     ap_fifo|        fifo_SA_O_24|       pointer|
|fifo_SA_O_24_empty_n              |   in|    1|     ap_fifo|        fifo_SA_O_24|       pointer|
|fifo_SA_O_24_read                 |  out|    1|     ap_fifo|        fifo_SA_O_24|       pointer|
|fifo_SA_O_25_dout                 |   in|   32|     ap_fifo|        fifo_SA_O_25|       pointer|
|fifo_SA_O_25_num_data_valid       |   in|    5|     ap_fifo|        fifo_SA_O_25|       pointer|
|fifo_SA_O_25_fifo_cap             |   in|    5|     ap_fifo|        fifo_SA_O_25|       pointer|
|fifo_SA_O_25_empty_n              |   in|    1|     ap_fifo|        fifo_SA_O_25|       pointer|
|fifo_SA_O_25_read                 |  out|    1|     ap_fifo|        fifo_SA_O_25|       pointer|
|fifo_SA_O_26_dout                 |   in|   32|     ap_fifo|        fifo_SA_O_26|       pointer|
|fifo_SA_O_26_num_data_valid       |   in|    5|     ap_fifo|        fifo_SA_O_26|       pointer|
|fifo_SA_O_26_fifo_cap             |   in|    5|     ap_fifo|        fifo_SA_O_26|       pointer|
|fifo_SA_O_26_empty_n              |   in|    1|     ap_fifo|        fifo_SA_O_26|       pointer|
|fifo_SA_O_26_read                 |  out|    1|     ap_fifo|        fifo_SA_O_26|       pointer|
|fifo_SA_O_27_dout                 |   in|   32|     ap_fifo|        fifo_SA_O_27|       pointer|
|fifo_SA_O_27_num_data_valid       |   in|    5|     ap_fifo|        fifo_SA_O_27|       pointer|
|fifo_SA_O_27_fifo_cap             |   in|    5|     ap_fifo|        fifo_SA_O_27|       pointer|
|fifo_SA_O_27_empty_n              |   in|    1|     ap_fifo|        fifo_SA_O_27|       pointer|
|fifo_SA_O_27_read                 |  out|    1|     ap_fifo|        fifo_SA_O_27|       pointer|
|fifo_SA_O_28_dout                 |   in|   32|     ap_fifo|        fifo_SA_O_28|       pointer|
|fifo_SA_O_28_num_data_valid       |   in|    5|     ap_fifo|        fifo_SA_O_28|       pointer|
|fifo_SA_O_28_fifo_cap             |   in|    5|     ap_fifo|        fifo_SA_O_28|       pointer|
|fifo_SA_O_28_empty_n              |   in|    1|     ap_fifo|        fifo_SA_O_28|       pointer|
|fifo_SA_O_28_read                 |  out|    1|     ap_fifo|        fifo_SA_O_28|       pointer|
|fifo_SA_O_29_dout                 |   in|   32|     ap_fifo|        fifo_SA_O_29|       pointer|
|fifo_SA_O_29_num_data_valid       |   in|    5|     ap_fifo|        fifo_SA_O_29|       pointer|
|fifo_SA_O_29_fifo_cap             |   in|    5|     ap_fifo|        fifo_SA_O_29|       pointer|
|fifo_SA_O_29_empty_n              |   in|    1|     ap_fifo|        fifo_SA_O_29|       pointer|
|fifo_SA_O_29_read                 |  out|    1|     ap_fifo|        fifo_SA_O_29|       pointer|
|fifo_SA_O_30_dout                 |   in|   32|     ap_fifo|        fifo_SA_O_30|       pointer|
|fifo_SA_O_30_num_data_valid       |   in|    5|     ap_fifo|        fifo_SA_O_30|       pointer|
|fifo_SA_O_30_fifo_cap             |   in|    5|     ap_fifo|        fifo_SA_O_30|       pointer|
|fifo_SA_O_30_empty_n              |   in|    1|     ap_fifo|        fifo_SA_O_30|       pointer|
|fifo_SA_O_30_read                 |  out|    1|     ap_fifo|        fifo_SA_O_30|       pointer|
|fifo_SA_O_31_dout                 |   in|   32|     ap_fifo|        fifo_SA_O_31|       pointer|
|fifo_SA_O_31_num_data_valid       |   in|    5|     ap_fifo|        fifo_SA_O_31|       pointer|
|fifo_SA_O_31_fifo_cap             |   in|    5|     ap_fifo|        fifo_SA_O_31|       pointer|
|fifo_SA_O_31_empty_n              |   in|    1|     ap_fifo|        fifo_SA_O_31|       pointer|
|fifo_SA_O_31_read                 |  out|    1|     ap_fifo|        fifo_SA_O_31|       pointer|
|fifo_SA_O_32_dout                 |   in|   32|     ap_fifo|        fifo_SA_O_32|       pointer|
|fifo_SA_O_32_num_data_valid       |   in|    5|     ap_fifo|        fifo_SA_O_32|       pointer|
|fifo_SA_O_32_fifo_cap             |   in|    5|     ap_fifo|        fifo_SA_O_32|       pointer|
|fifo_SA_O_32_empty_n              |   in|    1|     ap_fifo|        fifo_SA_O_32|       pointer|
|fifo_SA_O_32_read                 |  out|    1|     ap_fifo|        fifo_SA_O_32|       pointer|
|fifo_SA_O_33_dout                 |   in|   32|     ap_fifo|        fifo_SA_O_33|       pointer|
|fifo_SA_O_33_num_data_valid       |   in|    5|     ap_fifo|        fifo_SA_O_33|       pointer|
|fifo_SA_O_33_fifo_cap             |   in|    5|     ap_fifo|        fifo_SA_O_33|       pointer|
|fifo_SA_O_33_empty_n              |   in|    1|     ap_fifo|        fifo_SA_O_33|       pointer|
|fifo_SA_O_33_read                 |  out|    1|     ap_fifo|        fifo_SA_O_33|       pointer|
|fifo_SA_O_34_dout                 |   in|   32|     ap_fifo|        fifo_SA_O_34|       pointer|
|fifo_SA_O_34_num_data_valid       |   in|    5|     ap_fifo|        fifo_SA_O_34|       pointer|
|fifo_SA_O_34_fifo_cap             |   in|    5|     ap_fifo|        fifo_SA_O_34|       pointer|
|fifo_SA_O_34_empty_n              |   in|    1|     ap_fifo|        fifo_SA_O_34|       pointer|
|fifo_SA_O_34_read                 |  out|    1|     ap_fifo|        fifo_SA_O_34|       pointer|
|fifo_SA_O_35_dout                 |   in|   32|     ap_fifo|        fifo_SA_O_35|       pointer|
|fifo_SA_O_35_num_data_valid       |   in|    5|     ap_fifo|        fifo_SA_O_35|       pointer|
|fifo_SA_O_35_fifo_cap             |   in|    5|     ap_fifo|        fifo_SA_O_35|       pointer|
|fifo_SA_O_35_empty_n              |   in|    1|     ap_fifo|        fifo_SA_O_35|       pointer|
|fifo_SA_O_35_read                 |  out|    1|     ap_fifo|        fifo_SA_O_35|       pointer|
|fifo_SA_O_36_dout                 |   in|   32|     ap_fifo|        fifo_SA_O_36|       pointer|
|fifo_SA_O_36_num_data_valid       |   in|    5|     ap_fifo|        fifo_SA_O_36|       pointer|
|fifo_SA_O_36_fifo_cap             |   in|    5|     ap_fifo|        fifo_SA_O_36|       pointer|
|fifo_SA_O_36_empty_n              |   in|    1|     ap_fifo|        fifo_SA_O_36|       pointer|
|fifo_SA_O_36_read                 |  out|    1|     ap_fifo|        fifo_SA_O_36|       pointer|
|fifo_SA_O_37_dout                 |   in|   32|     ap_fifo|        fifo_SA_O_37|       pointer|
|fifo_SA_O_37_num_data_valid       |   in|    5|     ap_fifo|        fifo_SA_O_37|       pointer|
|fifo_SA_O_37_fifo_cap             |   in|    5|     ap_fifo|        fifo_SA_O_37|       pointer|
|fifo_SA_O_37_empty_n              |   in|    1|     ap_fifo|        fifo_SA_O_37|       pointer|
|fifo_SA_O_37_read                 |  out|    1|     ap_fifo|        fifo_SA_O_37|       pointer|
|fifo_SA_O_38_dout                 |   in|   32|     ap_fifo|        fifo_SA_O_38|       pointer|
|fifo_SA_O_38_num_data_valid       |   in|    5|     ap_fifo|        fifo_SA_O_38|       pointer|
|fifo_SA_O_38_fifo_cap             |   in|    5|     ap_fifo|        fifo_SA_O_38|       pointer|
|fifo_SA_O_38_empty_n              |   in|    1|     ap_fifo|        fifo_SA_O_38|       pointer|
|fifo_SA_O_38_read                 |  out|    1|     ap_fifo|        fifo_SA_O_38|       pointer|
|fifo_SA_O_39_dout                 |   in|   32|     ap_fifo|        fifo_SA_O_39|       pointer|
|fifo_SA_O_39_num_data_valid       |   in|    5|     ap_fifo|        fifo_SA_O_39|       pointer|
|fifo_SA_O_39_fifo_cap             |   in|    5|     ap_fifo|        fifo_SA_O_39|       pointer|
|fifo_SA_O_39_empty_n              |   in|    1|     ap_fifo|        fifo_SA_O_39|       pointer|
|fifo_SA_O_39_read                 |  out|    1|     ap_fifo|        fifo_SA_O_39|       pointer|
|fifo_SA_O_40_dout                 |   in|   32|     ap_fifo|        fifo_SA_O_40|       pointer|
|fifo_SA_O_40_num_data_valid       |   in|    5|     ap_fifo|        fifo_SA_O_40|       pointer|
|fifo_SA_O_40_fifo_cap             |   in|    5|     ap_fifo|        fifo_SA_O_40|       pointer|
|fifo_SA_O_40_empty_n              |   in|    1|     ap_fifo|        fifo_SA_O_40|       pointer|
|fifo_SA_O_40_read                 |  out|    1|     ap_fifo|        fifo_SA_O_40|       pointer|
|fifo_SA_O_41_dout                 |   in|   32|     ap_fifo|        fifo_SA_O_41|       pointer|
|fifo_SA_O_41_num_data_valid       |   in|    5|     ap_fifo|        fifo_SA_O_41|       pointer|
|fifo_SA_O_41_fifo_cap             |   in|    5|     ap_fifo|        fifo_SA_O_41|       pointer|
|fifo_SA_O_41_empty_n              |   in|    1|     ap_fifo|        fifo_SA_O_41|       pointer|
|fifo_SA_O_41_read                 |  out|    1|     ap_fifo|        fifo_SA_O_41|       pointer|
|fifo_SA_O_42_dout                 |   in|   32|     ap_fifo|        fifo_SA_O_42|       pointer|
|fifo_SA_O_42_num_data_valid       |   in|    5|     ap_fifo|        fifo_SA_O_42|       pointer|
|fifo_SA_O_42_fifo_cap             |   in|    5|     ap_fifo|        fifo_SA_O_42|       pointer|
|fifo_SA_O_42_empty_n              |   in|    1|     ap_fifo|        fifo_SA_O_42|       pointer|
|fifo_SA_O_42_read                 |  out|    1|     ap_fifo|        fifo_SA_O_42|       pointer|
|fifo_SA_O_43_dout                 |   in|   32|     ap_fifo|        fifo_SA_O_43|       pointer|
|fifo_SA_O_43_num_data_valid       |   in|    5|     ap_fifo|        fifo_SA_O_43|       pointer|
|fifo_SA_O_43_fifo_cap             |   in|    5|     ap_fifo|        fifo_SA_O_43|       pointer|
|fifo_SA_O_43_empty_n              |   in|    1|     ap_fifo|        fifo_SA_O_43|       pointer|
|fifo_SA_O_43_read                 |  out|    1|     ap_fifo|        fifo_SA_O_43|       pointer|
|fifo_SA_O_44_dout                 |   in|   32|     ap_fifo|        fifo_SA_O_44|       pointer|
|fifo_SA_O_44_num_data_valid       |   in|    5|     ap_fifo|        fifo_SA_O_44|       pointer|
|fifo_SA_O_44_fifo_cap             |   in|    5|     ap_fifo|        fifo_SA_O_44|       pointer|
|fifo_SA_O_44_empty_n              |   in|    1|     ap_fifo|        fifo_SA_O_44|       pointer|
|fifo_SA_O_44_read                 |  out|    1|     ap_fifo|        fifo_SA_O_44|       pointer|
|fifo_SA_O_45_dout                 |   in|   32|     ap_fifo|        fifo_SA_O_45|       pointer|
|fifo_SA_O_45_num_data_valid       |   in|    5|     ap_fifo|        fifo_SA_O_45|       pointer|
|fifo_SA_O_45_fifo_cap             |   in|    5|     ap_fifo|        fifo_SA_O_45|       pointer|
|fifo_SA_O_45_empty_n              |   in|    1|     ap_fifo|        fifo_SA_O_45|       pointer|
|fifo_SA_O_45_read                 |  out|    1|     ap_fifo|        fifo_SA_O_45|       pointer|
|fifo_SA_O_46_dout                 |   in|   32|     ap_fifo|        fifo_SA_O_46|       pointer|
|fifo_SA_O_46_num_data_valid       |   in|    5|     ap_fifo|        fifo_SA_O_46|       pointer|
|fifo_SA_O_46_fifo_cap             |   in|    5|     ap_fifo|        fifo_SA_O_46|       pointer|
|fifo_SA_O_46_empty_n              |   in|    1|     ap_fifo|        fifo_SA_O_46|       pointer|
|fifo_SA_O_46_read                 |  out|    1|     ap_fifo|        fifo_SA_O_46|       pointer|
|fifo_SA_O_47_dout                 |   in|   32|     ap_fifo|        fifo_SA_O_47|       pointer|
|fifo_SA_O_47_num_data_valid       |   in|    5|     ap_fifo|        fifo_SA_O_47|       pointer|
|fifo_SA_O_47_fifo_cap             |   in|    5|     ap_fifo|        fifo_SA_O_47|       pointer|
|fifo_SA_O_47_empty_n              |   in|    1|     ap_fifo|        fifo_SA_O_47|       pointer|
|fifo_SA_O_47_read                 |  out|    1|     ap_fifo|        fifo_SA_O_47|       pointer|
|fifo_SA_O_48_dout                 |   in|   32|     ap_fifo|        fifo_SA_O_48|       pointer|
|fifo_SA_O_48_num_data_valid       |   in|    5|     ap_fifo|        fifo_SA_O_48|       pointer|
|fifo_SA_O_48_fifo_cap             |   in|    5|     ap_fifo|        fifo_SA_O_48|       pointer|
|fifo_SA_O_48_empty_n              |   in|    1|     ap_fifo|        fifo_SA_O_48|       pointer|
|fifo_SA_O_48_read                 |  out|    1|     ap_fifo|        fifo_SA_O_48|       pointer|
|fifo_SA_O_49_dout                 |   in|   32|     ap_fifo|        fifo_SA_O_49|       pointer|
|fifo_SA_O_49_num_data_valid       |   in|    5|     ap_fifo|        fifo_SA_O_49|       pointer|
|fifo_SA_O_49_fifo_cap             |   in|    5|     ap_fifo|        fifo_SA_O_49|       pointer|
|fifo_SA_O_49_empty_n              |   in|    1|     ap_fifo|        fifo_SA_O_49|       pointer|
|fifo_SA_O_49_read                 |  out|    1|     ap_fifo|        fifo_SA_O_49|       pointer|
|fifo_SA_O_50_dout                 |   in|   32|     ap_fifo|        fifo_SA_O_50|       pointer|
|fifo_SA_O_50_num_data_valid       |   in|    5|     ap_fifo|        fifo_SA_O_50|       pointer|
|fifo_SA_O_50_fifo_cap             |   in|    5|     ap_fifo|        fifo_SA_O_50|       pointer|
|fifo_SA_O_50_empty_n              |   in|    1|     ap_fifo|        fifo_SA_O_50|       pointer|
|fifo_SA_O_50_read                 |  out|    1|     ap_fifo|        fifo_SA_O_50|       pointer|
|fifo_SA_O_51_dout                 |   in|   32|     ap_fifo|        fifo_SA_O_51|       pointer|
|fifo_SA_O_51_num_data_valid       |   in|    5|     ap_fifo|        fifo_SA_O_51|       pointer|
|fifo_SA_O_51_fifo_cap             |   in|    5|     ap_fifo|        fifo_SA_O_51|       pointer|
|fifo_SA_O_51_empty_n              |   in|    1|     ap_fifo|        fifo_SA_O_51|       pointer|
|fifo_SA_O_51_read                 |  out|    1|     ap_fifo|        fifo_SA_O_51|       pointer|
|fifo_SA_O_52_dout                 |   in|   32|     ap_fifo|        fifo_SA_O_52|       pointer|
|fifo_SA_O_52_num_data_valid       |   in|    5|     ap_fifo|        fifo_SA_O_52|       pointer|
|fifo_SA_O_52_fifo_cap             |   in|    5|     ap_fifo|        fifo_SA_O_52|       pointer|
|fifo_SA_O_52_empty_n              |   in|    1|     ap_fifo|        fifo_SA_O_52|       pointer|
|fifo_SA_O_52_read                 |  out|    1|     ap_fifo|        fifo_SA_O_52|       pointer|
|fifo_SA_O_53_dout                 |   in|   32|     ap_fifo|        fifo_SA_O_53|       pointer|
|fifo_SA_O_53_num_data_valid       |   in|    5|     ap_fifo|        fifo_SA_O_53|       pointer|
|fifo_SA_O_53_fifo_cap             |   in|    5|     ap_fifo|        fifo_SA_O_53|       pointer|
|fifo_SA_O_53_empty_n              |   in|    1|     ap_fifo|        fifo_SA_O_53|       pointer|
|fifo_SA_O_53_read                 |  out|    1|     ap_fifo|        fifo_SA_O_53|       pointer|
|fifo_SA_O_54_dout                 |   in|   32|     ap_fifo|        fifo_SA_O_54|       pointer|
|fifo_SA_O_54_num_data_valid       |   in|    5|     ap_fifo|        fifo_SA_O_54|       pointer|
|fifo_SA_O_54_fifo_cap             |   in|    5|     ap_fifo|        fifo_SA_O_54|       pointer|
|fifo_SA_O_54_empty_n              |   in|    1|     ap_fifo|        fifo_SA_O_54|       pointer|
|fifo_SA_O_54_read                 |  out|    1|     ap_fifo|        fifo_SA_O_54|       pointer|
|fifo_SA_O_55_dout                 |   in|   32|     ap_fifo|        fifo_SA_O_55|       pointer|
|fifo_SA_O_55_num_data_valid       |   in|    5|     ap_fifo|        fifo_SA_O_55|       pointer|
|fifo_SA_O_55_fifo_cap             |   in|    5|     ap_fifo|        fifo_SA_O_55|       pointer|
|fifo_SA_O_55_empty_n              |   in|    1|     ap_fifo|        fifo_SA_O_55|       pointer|
|fifo_SA_O_55_read                 |  out|    1|     ap_fifo|        fifo_SA_O_55|       pointer|
|fifo_SA_O_56_dout                 |   in|   32|     ap_fifo|        fifo_SA_O_56|       pointer|
|fifo_SA_O_56_num_data_valid       |   in|    5|     ap_fifo|        fifo_SA_O_56|       pointer|
|fifo_SA_O_56_fifo_cap             |   in|    5|     ap_fifo|        fifo_SA_O_56|       pointer|
|fifo_SA_O_56_empty_n              |   in|    1|     ap_fifo|        fifo_SA_O_56|       pointer|
|fifo_SA_O_56_read                 |  out|    1|     ap_fifo|        fifo_SA_O_56|       pointer|
|fifo_SA_O_57_dout                 |   in|   32|     ap_fifo|        fifo_SA_O_57|       pointer|
|fifo_SA_O_57_num_data_valid       |   in|    5|     ap_fifo|        fifo_SA_O_57|       pointer|
|fifo_SA_O_57_fifo_cap             |   in|    5|     ap_fifo|        fifo_SA_O_57|       pointer|
|fifo_SA_O_57_empty_n              |   in|    1|     ap_fifo|        fifo_SA_O_57|       pointer|
|fifo_SA_O_57_read                 |  out|    1|     ap_fifo|        fifo_SA_O_57|       pointer|
|fifo_SA_O_58_dout                 |   in|   32|     ap_fifo|        fifo_SA_O_58|       pointer|
|fifo_SA_O_58_num_data_valid       |   in|    5|     ap_fifo|        fifo_SA_O_58|       pointer|
|fifo_SA_O_58_fifo_cap             |   in|    5|     ap_fifo|        fifo_SA_O_58|       pointer|
|fifo_SA_O_58_empty_n              |   in|    1|     ap_fifo|        fifo_SA_O_58|       pointer|
|fifo_SA_O_58_read                 |  out|    1|     ap_fifo|        fifo_SA_O_58|       pointer|
|fifo_SA_O_59_dout                 |   in|   32|     ap_fifo|        fifo_SA_O_59|       pointer|
|fifo_SA_O_59_num_data_valid       |   in|    5|     ap_fifo|        fifo_SA_O_59|       pointer|
|fifo_SA_O_59_fifo_cap             |   in|    5|     ap_fifo|        fifo_SA_O_59|       pointer|
|fifo_SA_O_59_empty_n              |   in|    1|     ap_fifo|        fifo_SA_O_59|       pointer|
|fifo_SA_O_59_read                 |  out|    1|     ap_fifo|        fifo_SA_O_59|       pointer|
|fifo_SA_O_60_dout                 |   in|   32|     ap_fifo|        fifo_SA_O_60|       pointer|
|fifo_SA_O_60_num_data_valid       |   in|    5|     ap_fifo|        fifo_SA_O_60|       pointer|
|fifo_SA_O_60_fifo_cap             |   in|    5|     ap_fifo|        fifo_SA_O_60|       pointer|
|fifo_SA_O_60_empty_n              |   in|    1|     ap_fifo|        fifo_SA_O_60|       pointer|
|fifo_SA_O_60_read                 |  out|    1|     ap_fifo|        fifo_SA_O_60|       pointer|
|fifo_SA_O_61_dout                 |   in|   32|     ap_fifo|        fifo_SA_O_61|       pointer|
|fifo_SA_O_61_num_data_valid       |   in|    5|     ap_fifo|        fifo_SA_O_61|       pointer|
|fifo_SA_O_61_fifo_cap             |   in|    5|     ap_fifo|        fifo_SA_O_61|       pointer|
|fifo_SA_O_61_empty_n              |   in|    1|     ap_fifo|        fifo_SA_O_61|       pointer|
|fifo_SA_O_61_read                 |  out|    1|     ap_fifo|        fifo_SA_O_61|       pointer|
|fifo_SA_O_62_dout                 |   in|   32|     ap_fifo|        fifo_SA_O_62|       pointer|
|fifo_SA_O_62_num_data_valid       |   in|    5|     ap_fifo|        fifo_SA_O_62|       pointer|
|fifo_SA_O_62_fifo_cap             |   in|    5|     ap_fifo|        fifo_SA_O_62|       pointer|
|fifo_SA_O_62_empty_n              |   in|    1|     ap_fifo|        fifo_SA_O_62|       pointer|
|fifo_SA_O_62_read                 |  out|    1|     ap_fifo|        fifo_SA_O_62|       pointer|
|fifo_SA_O_63_dout                 |   in|   32|     ap_fifo|        fifo_SA_O_63|       pointer|
|fifo_SA_O_63_num_data_valid       |   in|    5|     ap_fifo|        fifo_SA_O_63|       pointer|
|fifo_SA_O_63_fifo_cap             |   in|    5|     ap_fifo|        fifo_SA_O_63|       pointer|
|fifo_SA_O_63_empty_n              |   in|    1|     ap_fifo|        fifo_SA_O_63|       pointer|
|fifo_SA_O_63_read                 |  out|    1|     ap_fifo|        fifo_SA_O_63|       pointer|
|fifo_CONV3_ACC_din                |  out|   32|     ap_fifo|      fifo_CONV3_ACC|       pointer|
|fifo_CONV3_ACC_num_data_valid     |   in|    4|     ap_fifo|      fifo_CONV3_ACC|       pointer|
|fifo_CONV3_ACC_fifo_cap           |   in|    4|     ap_fifo|      fifo_CONV3_ACC|       pointer|
|fifo_CONV3_ACC_full_n             |   in|    1|     ap_fifo|      fifo_CONV3_ACC|       pointer|
|fifo_CONV3_ACC_write              |  out|    1|     ap_fifo|      fifo_CONV3_ACC|       pointer|
|fifo_CONV3_ACC_1_din              |  out|   32|     ap_fifo|    fifo_CONV3_ACC_1|       pointer|
|fifo_CONV3_ACC_1_num_data_valid   |   in|    4|     ap_fifo|    fifo_CONV3_ACC_1|       pointer|
|fifo_CONV3_ACC_1_fifo_cap         |   in|    4|     ap_fifo|    fifo_CONV3_ACC_1|       pointer|
|fifo_CONV3_ACC_1_full_n           |   in|    1|     ap_fifo|    fifo_CONV3_ACC_1|       pointer|
|fifo_CONV3_ACC_1_write            |  out|    1|     ap_fifo|    fifo_CONV3_ACC_1|       pointer|
|fifo_CONV3_ACC_2_din              |  out|   32|     ap_fifo|    fifo_CONV3_ACC_2|       pointer|
|fifo_CONV3_ACC_2_num_data_valid   |   in|    4|     ap_fifo|    fifo_CONV3_ACC_2|       pointer|
|fifo_CONV3_ACC_2_fifo_cap         |   in|    4|     ap_fifo|    fifo_CONV3_ACC_2|       pointer|
|fifo_CONV3_ACC_2_full_n           |   in|    1|     ap_fifo|    fifo_CONV3_ACC_2|       pointer|
|fifo_CONV3_ACC_2_write            |  out|    1|     ap_fifo|    fifo_CONV3_ACC_2|       pointer|
|fifo_CONV3_ACC_3_din              |  out|   32|     ap_fifo|    fifo_CONV3_ACC_3|       pointer|
|fifo_CONV3_ACC_3_num_data_valid   |   in|    4|     ap_fifo|    fifo_CONV3_ACC_3|       pointer|
|fifo_CONV3_ACC_3_fifo_cap         |   in|    4|     ap_fifo|    fifo_CONV3_ACC_3|       pointer|
|fifo_CONV3_ACC_3_full_n           |   in|    1|     ap_fifo|    fifo_CONV3_ACC_3|       pointer|
|fifo_CONV3_ACC_3_write            |  out|    1|     ap_fifo|    fifo_CONV3_ACC_3|       pointer|
|fifo_CONV3_ACC_4_din              |  out|   32|     ap_fifo|    fifo_CONV3_ACC_4|       pointer|
|fifo_CONV3_ACC_4_num_data_valid   |   in|    4|     ap_fifo|    fifo_CONV3_ACC_4|       pointer|
|fifo_CONV3_ACC_4_fifo_cap         |   in|    4|     ap_fifo|    fifo_CONV3_ACC_4|       pointer|
|fifo_CONV3_ACC_4_full_n           |   in|    1|     ap_fifo|    fifo_CONV3_ACC_4|       pointer|
|fifo_CONV3_ACC_4_write            |  out|    1|     ap_fifo|    fifo_CONV3_ACC_4|       pointer|
|fifo_CONV3_ACC_5_din              |  out|   32|     ap_fifo|    fifo_CONV3_ACC_5|       pointer|
|fifo_CONV3_ACC_5_num_data_valid   |   in|    4|     ap_fifo|    fifo_CONV3_ACC_5|       pointer|
|fifo_CONV3_ACC_5_fifo_cap         |   in|    4|     ap_fifo|    fifo_CONV3_ACC_5|       pointer|
|fifo_CONV3_ACC_5_full_n           |   in|    1|     ap_fifo|    fifo_CONV3_ACC_5|       pointer|
|fifo_CONV3_ACC_5_write            |  out|    1|     ap_fifo|    fifo_CONV3_ACC_5|       pointer|
|fifo_CONV3_ACC_6_din              |  out|   32|     ap_fifo|    fifo_CONV3_ACC_6|       pointer|
|fifo_CONV3_ACC_6_num_data_valid   |   in|    4|     ap_fifo|    fifo_CONV3_ACC_6|       pointer|
|fifo_CONV3_ACC_6_fifo_cap         |   in|    4|     ap_fifo|    fifo_CONV3_ACC_6|       pointer|
|fifo_CONV3_ACC_6_full_n           |   in|    1|     ap_fifo|    fifo_CONV3_ACC_6|       pointer|
|fifo_CONV3_ACC_6_write            |  out|    1|     ap_fifo|    fifo_CONV3_ACC_6|       pointer|
|fifo_CONV3_ACC_7_din              |  out|   32|     ap_fifo|    fifo_CONV3_ACC_7|       pointer|
|fifo_CONV3_ACC_7_num_data_valid   |   in|    4|     ap_fifo|    fifo_CONV3_ACC_7|       pointer|
|fifo_CONV3_ACC_7_fifo_cap         |   in|    4|     ap_fifo|    fifo_CONV3_ACC_7|       pointer|
|fifo_CONV3_ACC_7_full_n           |   in|    1|     ap_fifo|    fifo_CONV3_ACC_7|       pointer|
|fifo_CONV3_ACC_7_write            |  out|    1|     ap_fifo|    fifo_CONV3_ACC_7|       pointer|
|fifo_CONV3_ACC_8_din              |  out|   32|     ap_fifo|    fifo_CONV3_ACC_8|       pointer|
|fifo_CONV3_ACC_8_num_data_valid   |   in|    4|     ap_fifo|    fifo_CONV3_ACC_8|       pointer|
|fifo_CONV3_ACC_8_fifo_cap         |   in|    4|     ap_fifo|    fifo_CONV3_ACC_8|       pointer|
|fifo_CONV3_ACC_8_full_n           |   in|    1|     ap_fifo|    fifo_CONV3_ACC_8|       pointer|
|fifo_CONV3_ACC_8_write            |  out|    1|     ap_fifo|    fifo_CONV3_ACC_8|       pointer|
|fifo_CONV3_ACC_9_din              |  out|   32|     ap_fifo|    fifo_CONV3_ACC_9|       pointer|
|fifo_CONV3_ACC_9_num_data_valid   |   in|    4|     ap_fifo|    fifo_CONV3_ACC_9|       pointer|
|fifo_CONV3_ACC_9_fifo_cap         |   in|    4|     ap_fifo|    fifo_CONV3_ACC_9|       pointer|
|fifo_CONV3_ACC_9_full_n           |   in|    1|     ap_fifo|    fifo_CONV3_ACC_9|       pointer|
|fifo_CONV3_ACC_9_write            |  out|    1|     ap_fifo|    fifo_CONV3_ACC_9|       pointer|
|fifo_CONV3_ACC_10_din             |  out|   32|     ap_fifo|   fifo_CONV3_ACC_10|       pointer|
|fifo_CONV3_ACC_10_num_data_valid  |   in|    4|     ap_fifo|   fifo_CONV3_ACC_10|       pointer|
|fifo_CONV3_ACC_10_fifo_cap        |   in|    4|     ap_fifo|   fifo_CONV3_ACC_10|       pointer|
|fifo_CONV3_ACC_10_full_n          |   in|    1|     ap_fifo|   fifo_CONV3_ACC_10|       pointer|
|fifo_CONV3_ACC_10_write           |  out|    1|     ap_fifo|   fifo_CONV3_ACC_10|       pointer|
|fifo_CONV3_ACC_11_din             |  out|   32|     ap_fifo|   fifo_CONV3_ACC_11|       pointer|
|fifo_CONV3_ACC_11_num_data_valid  |   in|    4|     ap_fifo|   fifo_CONV3_ACC_11|       pointer|
|fifo_CONV3_ACC_11_fifo_cap        |   in|    4|     ap_fifo|   fifo_CONV3_ACC_11|       pointer|
|fifo_CONV3_ACC_11_full_n          |   in|    1|     ap_fifo|   fifo_CONV3_ACC_11|       pointer|
|fifo_CONV3_ACC_11_write           |  out|    1|     ap_fifo|   fifo_CONV3_ACC_11|       pointer|
|fifo_CONV3_ACC_12_din             |  out|   32|     ap_fifo|   fifo_CONV3_ACC_12|       pointer|
|fifo_CONV3_ACC_12_num_data_valid  |   in|    4|     ap_fifo|   fifo_CONV3_ACC_12|       pointer|
|fifo_CONV3_ACC_12_fifo_cap        |   in|    4|     ap_fifo|   fifo_CONV3_ACC_12|       pointer|
|fifo_CONV3_ACC_12_full_n          |   in|    1|     ap_fifo|   fifo_CONV3_ACC_12|       pointer|
|fifo_CONV3_ACC_12_write           |  out|    1|     ap_fifo|   fifo_CONV3_ACC_12|       pointer|
|fifo_CONV3_ACC_13_din             |  out|   32|     ap_fifo|   fifo_CONV3_ACC_13|       pointer|
|fifo_CONV3_ACC_13_num_data_valid  |   in|    4|     ap_fifo|   fifo_CONV3_ACC_13|       pointer|
|fifo_CONV3_ACC_13_fifo_cap        |   in|    4|     ap_fifo|   fifo_CONV3_ACC_13|       pointer|
|fifo_CONV3_ACC_13_full_n          |   in|    1|     ap_fifo|   fifo_CONV3_ACC_13|       pointer|
|fifo_CONV3_ACC_13_write           |  out|    1|     ap_fifo|   fifo_CONV3_ACC_13|       pointer|
|fifo_CONV3_ACC_14_din             |  out|   32|     ap_fifo|   fifo_CONV3_ACC_14|       pointer|
|fifo_CONV3_ACC_14_num_data_valid  |   in|    4|     ap_fifo|   fifo_CONV3_ACC_14|       pointer|
|fifo_CONV3_ACC_14_fifo_cap        |   in|    4|     ap_fifo|   fifo_CONV3_ACC_14|       pointer|
|fifo_CONV3_ACC_14_full_n          |   in|    1|     ap_fifo|   fifo_CONV3_ACC_14|       pointer|
|fifo_CONV3_ACC_14_write           |  out|    1|     ap_fifo|   fifo_CONV3_ACC_14|       pointer|
|fifo_CONV3_ACC_15_din             |  out|   32|     ap_fifo|   fifo_CONV3_ACC_15|       pointer|
|fifo_CONV3_ACC_15_num_data_valid  |   in|    4|     ap_fifo|   fifo_CONV3_ACC_15|       pointer|
|fifo_CONV3_ACC_15_fifo_cap        |   in|    4|     ap_fifo|   fifo_CONV3_ACC_15|       pointer|
|fifo_CONV3_ACC_15_full_n          |   in|    1|     ap_fifo|   fifo_CONV3_ACC_15|       pointer|
|fifo_CONV3_ACC_15_write           |  out|    1|     ap_fifo|   fifo_CONV3_ACC_15|       pointer|
|MM_OUT_din                        |  out|   32|     ap_fifo|              MM_OUT|       pointer|
|MM_OUT_num_data_valid             |   in|    3|     ap_fifo|              MM_OUT|       pointer|
|MM_OUT_fifo_cap                   |   in|    3|     ap_fifo|              MM_OUT|       pointer|
|MM_OUT_full_n                     |   in|    1|     ap_fifo|              MM_OUT|       pointer|
|MM_OUT_write                      |  out|    1|     ap_fifo|              MM_OUT|       pointer|
|MM_OUT_1_din                      |  out|   32|     ap_fifo|            MM_OUT_1|       pointer|
|MM_OUT_1_num_data_valid           |   in|    3|     ap_fifo|            MM_OUT_1|       pointer|
|MM_OUT_1_fifo_cap                 |   in|    3|     ap_fifo|            MM_OUT_1|       pointer|
|MM_OUT_1_full_n                   |   in|    1|     ap_fifo|            MM_OUT_1|       pointer|
|MM_OUT_1_write                    |  out|    1|     ap_fifo|            MM_OUT_1|       pointer|
|MM_OUT_2_din                      |  out|   32|     ap_fifo|            MM_OUT_2|       pointer|
|MM_OUT_2_num_data_valid           |   in|    3|     ap_fifo|            MM_OUT_2|       pointer|
|MM_OUT_2_fifo_cap                 |   in|    3|     ap_fifo|            MM_OUT_2|       pointer|
|MM_OUT_2_full_n                   |   in|    1|     ap_fifo|            MM_OUT_2|       pointer|
|MM_OUT_2_write                    |  out|    1|     ap_fifo|            MM_OUT_2|       pointer|
|MM_OUT_3_din                      |  out|   32|     ap_fifo|            MM_OUT_3|       pointer|
|MM_OUT_3_num_data_valid           |   in|    3|     ap_fifo|            MM_OUT_3|       pointer|
|MM_OUT_3_fifo_cap                 |   in|    3|     ap_fifo|            MM_OUT_3|       pointer|
|MM_OUT_3_full_n                   |   in|    1|     ap_fifo|            MM_OUT_3|       pointer|
|MM_OUT_3_write                    |  out|    1|     ap_fifo|            MM_OUT_3|       pointer|
|MM_OUT_4_din                      |  out|   32|     ap_fifo|            MM_OUT_4|       pointer|
|MM_OUT_4_num_data_valid           |   in|    3|     ap_fifo|            MM_OUT_4|       pointer|
|MM_OUT_4_fifo_cap                 |   in|    3|     ap_fifo|            MM_OUT_4|       pointer|
|MM_OUT_4_full_n                   |   in|    1|     ap_fifo|            MM_OUT_4|       pointer|
|MM_OUT_4_write                    |  out|    1|     ap_fifo|            MM_OUT_4|       pointer|
|MM_OUT_5_din                      |  out|   32|     ap_fifo|            MM_OUT_5|       pointer|
|MM_OUT_5_num_data_valid           |   in|    3|     ap_fifo|            MM_OUT_5|       pointer|
|MM_OUT_5_fifo_cap                 |   in|    3|     ap_fifo|            MM_OUT_5|       pointer|
|MM_OUT_5_full_n                   |   in|    1|     ap_fifo|            MM_OUT_5|       pointer|
|MM_OUT_5_write                    |  out|    1|     ap_fifo|            MM_OUT_5|       pointer|
|MM_OUT_6_din                      |  out|   32|     ap_fifo|            MM_OUT_6|       pointer|
|MM_OUT_6_num_data_valid           |   in|    3|     ap_fifo|            MM_OUT_6|       pointer|
|MM_OUT_6_fifo_cap                 |   in|    3|     ap_fifo|            MM_OUT_6|       pointer|
|MM_OUT_6_full_n                   |   in|    1|     ap_fifo|            MM_OUT_6|       pointer|
|MM_OUT_6_write                    |  out|    1|     ap_fifo|            MM_OUT_6|       pointer|
|MM_OUT_7_din                      |  out|   32|     ap_fifo|            MM_OUT_7|       pointer|
|MM_OUT_7_num_data_valid           |   in|    3|     ap_fifo|            MM_OUT_7|       pointer|
|MM_OUT_7_fifo_cap                 |   in|    3|     ap_fifo|            MM_OUT_7|       pointer|
|MM_OUT_7_full_n                   |   in|    1|     ap_fifo|            MM_OUT_7|       pointer|
|MM_OUT_7_write                    |  out|    1|     ap_fifo|            MM_OUT_7|       pointer|
|MM_OUT_8_din                      |  out|   32|     ap_fifo|            MM_OUT_8|       pointer|
|MM_OUT_8_num_data_valid           |   in|    3|     ap_fifo|            MM_OUT_8|       pointer|
|MM_OUT_8_fifo_cap                 |   in|    3|     ap_fifo|            MM_OUT_8|       pointer|
|MM_OUT_8_full_n                   |   in|    1|     ap_fifo|            MM_OUT_8|       pointer|
|MM_OUT_8_write                    |  out|    1|     ap_fifo|            MM_OUT_8|       pointer|
|MM_OUT_9_din                      |  out|   32|     ap_fifo|            MM_OUT_9|       pointer|
|MM_OUT_9_num_data_valid           |   in|    3|     ap_fifo|            MM_OUT_9|       pointer|
|MM_OUT_9_fifo_cap                 |   in|    3|     ap_fifo|            MM_OUT_9|       pointer|
|MM_OUT_9_full_n                   |   in|    1|     ap_fifo|            MM_OUT_9|       pointer|
|MM_OUT_9_write                    |  out|    1|     ap_fifo|            MM_OUT_9|       pointer|
|MM_OUT_10_din                     |  out|   32|     ap_fifo|           MM_OUT_10|       pointer|
|MM_OUT_10_num_data_valid          |   in|    3|     ap_fifo|           MM_OUT_10|       pointer|
|MM_OUT_10_fifo_cap                |   in|    3|     ap_fifo|           MM_OUT_10|       pointer|
|MM_OUT_10_full_n                  |   in|    1|     ap_fifo|           MM_OUT_10|       pointer|
|MM_OUT_10_write                   |  out|    1|     ap_fifo|           MM_OUT_10|       pointer|
|MM_OUT_11_din                     |  out|   32|     ap_fifo|           MM_OUT_11|       pointer|
|MM_OUT_11_num_data_valid          |   in|    3|     ap_fifo|           MM_OUT_11|       pointer|
|MM_OUT_11_fifo_cap                |   in|    3|     ap_fifo|           MM_OUT_11|       pointer|
|MM_OUT_11_full_n                  |   in|    1|     ap_fifo|           MM_OUT_11|       pointer|
|MM_OUT_11_write                   |  out|    1|     ap_fifo|           MM_OUT_11|       pointer|
|MM_OUT_12_din                     |  out|   32|     ap_fifo|           MM_OUT_12|       pointer|
|MM_OUT_12_num_data_valid          |   in|    3|     ap_fifo|           MM_OUT_12|       pointer|
|MM_OUT_12_fifo_cap                |   in|    3|     ap_fifo|           MM_OUT_12|       pointer|
|MM_OUT_12_full_n                  |   in|    1|     ap_fifo|           MM_OUT_12|       pointer|
|MM_OUT_12_write                   |  out|    1|     ap_fifo|           MM_OUT_12|       pointer|
|MM_OUT_13_din                     |  out|   32|     ap_fifo|           MM_OUT_13|       pointer|
|MM_OUT_13_num_data_valid          |   in|    3|     ap_fifo|           MM_OUT_13|       pointer|
|MM_OUT_13_fifo_cap                |   in|    3|     ap_fifo|           MM_OUT_13|       pointer|
|MM_OUT_13_full_n                  |   in|    1|     ap_fifo|           MM_OUT_13|       pointer|
|MM_OUT_13_write                   |  out|    1|     ap_fifo|           MM_OUT_13|       pointer|
|MM_OUT_14_din                     |  out|   32|     ap_fifo|           MM_OUT_14|       pointer|
|MM_OUT_14_num_data_valid          |   in|    3|     ap_fifo|           MM_OUT_14|       pointer|
|MM_OUT_14_fifo_cap                |   in|    3|     ap_fifo|           MM_OUT_14|       pointer|
|MM_OUT_14_full_n                  |   in|    1|     ap_fifo|           MM_OUT_14|       pointer|
|MM_OUT_14_write                   |  out|    1|     ap_fifo|           MM_OUT_14|       pointer|
|MM_OUT_15_din                     |  out|   32|     ap_fifo|           MM_OUT_15|       pointer|
|MM_OUT_15_num_data_valid          |   in|    3|     ap_fifo|           MM_OUT_15|       pointer|
|MM_OUT_15_fifo_cap                |   in|    3|     ap_fifo|           MM_OUT_15|       pointer|
|MM_OUT_15_full_n                  |   in|    1|     ap_fifo|           MM_OUT_15|       pointer|
|MM_OUT_15_write                   |  out|    1|     ap_fifo|           MM_OUT_15|       pointer|
|num_a_sa_2_loc_dout               |   in|   32|     ap_fifo|      num_a_sa_2_loc|       pointer|
|num_a_sa_2_loc_num_data_valid     |   in|    3|     ap_fifo|      num_a_sa_2_loc|       pointer|
|num_a_sa_2_loc_fifo_cap           |   in|    3|     ap_fifo|      num_a_sa_2_loc|       pointer|
|num_a_sa_2_loc_empty_n            |   in|    1|     ap_fifo|      num_a_sa_2_loc|       pointer|
|num_a_sa_2_loc_read               |  out|    1|     ap_fifo|      num_a_sa_2_loc|       pointer|
|R_dout                            |   in|   32|     ap_fifo|                   R|       pointer|
|R_num_data_valid                  |   in|    3|     ap_fifo|                   R|       pointer|
|R_fifo_cap                        |   in|    3|     ap_fifo|                   R|       pointer|
|R_empty_n                         |   in|    1|     ap_fifo|                   R|       pointer|
|R_read                            |  out|    1|     ap_fifo|                   R|       pointer|
|N_dout                            |   in|   32|     ap_fifo|                   N|       pointer|
|N_num_data_valid                  |   in|    3|     ap_fifo|                   N|       pointer|
|N_fifo_cap                        |   in|    3|     ap_fifo|                   N|       pointer|
|N_empty_n                         |   in|    1|     ap_fifo|                   N|       pointer|
|N_read                            |  out|    1|     ap_fifo|                   N|       pointer|
|mode_dout                         |   in|    1|     ap_fifo|                mode|       pointer|
|mode_num_data_valid               |   in|    3|     ap_fifo|                mode|       pointer|
|mode_fifo_cap                     |   in|    3|     ap_fifo|                mode|       pointer|
|mode_empty_n                      |   in|    1|     ap_fifo|                mode|       pointer|
|mode_read                         |  out|    1|     ap_fifo|                mode|       pointer|
|R_c_din                           |  out|   32|     ap_fifo|                 R_c|       pointer|
|R_c_num_data_valid                |   in|    4|     ap_fifo|                 R_c|       pointer|
|R_c_fifo_cap                      |   in|    4|     ap_fifo|                 R_c|       pointer|
|R_c_full_n                        |   in|    1|     ap_fifo|                 R_c|       pointer|
|R_c_write                         |  out|    1|     ap_fifo|                 R_c|       pointer|
|N_c_din                           |  out|   32|     ap_fifo|                 N_c|       pointer|
|N_c_num_data_valid                |   in|    3|     ap_fifo|                 N_c|       pointer|
|N_c_fifo_cap                      |   in|    3|     ap_fifo|                 N_c|       pointer|
|N_c_full_n                        |   in|    1|     ap_fifo|                 N_c|       pointer|
|N_c_write                         |  out|    1|     ap_fifo|                 N_c|       pointer|
|mode_c64_din                      |  out|    1|     ap_fifo|            mode_c64|       pointer|
|mode_c64_num_data_valid           |   in|    3|     ap_fifo|            mode_c64|       pointer|
|mode_c64_fifo_cap                 |   in|    3|     ap_fifo|            mode_c64|       pointer|
|mode_c64_full_n                   |   in|    1|     ap_fifo|            mode_c64|       pointer|
|mode_c64_write                    |  out|    1|     ap_fifo|            mode_c64|       pointer|
+----------------------------------+-----+-----+------------+--------------------+--------------+

