

================================================================
== Vitis HLS Report for 'ConvertToOutStream_Pipeline_VITIS_LOOP_579_1'
================================================================
* Date:           Tue Feb 25 14:23:56 2025

* Version:        2023.2 (Build 4023990 on Oct 11 2023)
* Project:        SDA
* Solution:       solution1 (Vivado IP Flow Target)
* Product family: virtexuplusHBM
* Target device:  xcvu35p_CIV-fsvh2892-3-e


================================================================
== Performance Estimates
================================================================
+ Timing: 
    * Summary: 
    +--------+----------+----------+------------+
    |  Clock |  Target  | Estimated| Uncertainty|
    +--------+----------+----------+------------+
    |ap_clk  |  10.00 ns|  4.393 ns|     2.70 ns|
    +--------+----------+----------+------------+

+ Latency: 
    * Summary: 
    +---------+---------+-----------+-----------+------+------+---------+
    |  Latency (cycles) |   Latency (absolute)  |   Interval  | Pipeline|
    |   min   |   max   |    min    |    max    |  min |  max |   Type  |
    +---------+---------+-----------+-----------+------+------+---------+
    |     9218|     9218|  92.180 us|  92.180 us|  9218|  9218|       no|
    +---------+---------+-----------+-----------+------+------+---------+

    + Detail: 
        * Instance: 
        N/A

        * Loop: 
        +--------------------+---------+---------+----------+-----------+-----------+------+----------+
        |                    |  Latency (cycles) | Iteration|  Initiation Interval  | Trip |          |
        |      Loop Name     |   min   |   max   |  Latency |  achieved |   target  | Count| Pipelined|
        +--------------------+---------+---------+----------+-----------+-----------+------+----------+
        |- VITIS_LOOP_579_1  |     9216|     9216|         2|          1|          1|  9216|       yes|
        +--------------------+---------+---------+----------+-----------+-----------+------+----------+



================================================================
== Utilization Estimates
================================================================
* Summary: 
+---------------------+---------+------+---------+--------+-----+
|         Name        | BRAM_18K|  DSP |    FF   |   LUT  | URAM|
+---------------------+---------+------+---------+--------+-----+
|DSP                  |        -|     -|        -|       -|    -|
|Expression           |        -|     -|        0|    1732|    -|
|FIFO                 |        -|     -|        -|       -|    -|
|Instance             |        -|     -|        -|       -|    -|
|Memory               |        -|     -|        -|       -|    -|
|Multiplexer          |        -|     -|        -|     756|    -|
|Register             |        -|     -|       35|       -|    -|
+---------------------+---------+------+---------+--------+-----+
|Total                |        0|     0|       35|    2488|    0|
+---------------------+---------+------+---------+--------+-----+
|Available SLR        |     1344|  2976|   871680|  435840|  320|
+---------------------+---------+------+---------+--------+-----+
|Utilization SLR (%)  |        0|     0|       ~0|      ~0|    0|
+---------------------+---------+------+---------+--------+-----+
|Available            |     2688|  5952|  1743360|  871680|  640|
+---------------------+---------+------+---------+--------+-----+
|Utilization (%)      |        0|     0|       ~0|      ~0|    0|
+---------------------+---------+------+---------+--------+-----+

+ Detail: 
    * Instance: 
    N/A

    * DSP: 
    N/A

    * Memory: 
    N/A

    * FIFO: 
    N/A

    * Expression: 
    +----------------------------------+----------+----+---+----+------------+------------+
    |           Variable Name          | Operation| DSP| FF| LUT| Bitwidth P0| Bitwidth P1|
    +----------------------------------+----------+----+---+----+------------+------------+
    |add_ln591_10_fu_792_p2            |         +|   0|  0|  39|          32|          32|
    |add_ln591_12_fu_805_p2            |         +|   0|  0|  32|          32|          32|
    |add_ln591_13_fu_811_p2            |         +|   0|  0|  39|          32|          32|
    |add_ln591_15_fu_824_p2            |         +|   0|  0|  32|          32|          32|
    |add_ln591_16_fu_830_p2            |         +|   0|  0|  39|          32|          32|
    |add_ln591_18_fu_843_p2            |         +|   0|  0|  32|          32|          32|
    |add_ln591_19_fu_849_p2            |         +|   0|  0|  39|          32|          32|
    |add_ln591_1_fu_735_p2             |         +|   0|  0|  39|          32|          32|
    |add_ln591_21_fu_862_p2            |         +|   0|  0|  32|          32|          32|
    |add_ln591_22_fu_868_p2            |         +|   0|  0|  39|          32|          32|
    |add_ln591_24_fu_881_p2            |         +|   0|  0|  32|          32|          32|
    |add_ln591_25_fu_887_p2            |         +|   0|  0|  39|          32|          32|
    |add_ln591_27_fu_900_p2            |         +|   0|  0|  32|          32|          32|
    |add_ln591_28_fu_906_p2            |         +|   0|  0|  39|          32|          32|
    |add_ln591_30_fu_919_p2            |         +|   0|  0|  32|          32|          32|
    |add_ln591_31_fu_925_p2            |         +|   0|  0|  39|          32|          32|
    |add_ln591_33_fu_938_p2            |         +|   0|  0|  32|          32|          32|
    |add_ln591_34_fu_944_p2            |         +|   0|  0|  39|          32|          32|
    |add_ln591_36_fu_957_p2            |         +|   0|  0|  32|          32|          32|
    |add_ln591_37_fu_963_p2            |         +|   0|  0|  39|          32|          32|
    |add_ln591_39_fu_976_p2            |         +|   0|  0|  32|          32|          32|
    |add_ln591_3_fu_748_p2             |         +|   0|  0|  32|          32|          32|
    |add_ln591_40_fu_982_p2            |         +|   0|  0|  39|          32|          32|
    |add_ln591_42_fu_995_p2            |         +|   0|  0|  32|          32|          32|
    |add_ln591_43_fu_1001_p2           |         +|   0|  0|  39|          32|          32|
    |add_ln591_45_fu_1014_p2           |         +|   0|  0|  32|          32|          32|
    |add_ln591_46_fu_1020_p2           |         +|   0|  0|  39|          32|          32|
    |add_ln591_4_fu_754_p2             |         +|   0|  0|  39|          32|          32|
    |add_ln591_6_fu_767_p2             |         +|   0|  0|  32|          32|          32|
    |add_ln591_7_fu_773_p2             |         +|   0|  0|  39|          32|          32|
    |add_ln591_9_fu_786_p2             |         +|   0|  0|  32|          32|          32|
    |add_ln591_fu_729_p2               |         +|   0|  0|  32|          32|          32|
    |fifo_CONV3_ACC_0_din              |         +|   0|  0|  32|          32|          32|
    |fifo_CONV3_ACC_10_din             |         +|   0|  0|  32|          32|          32|
    |fifo_CONV3_ACC_11_din             |         +|   0|  0|  32|          32|          32|
    |fifo_CONV3_ACC_12_din             |         +|   0|  0|  32|          32|          32|
    |fifo_CONV3_ACC_13_din             |         +|   0|  0|  32|          32|          32|
    |fifo_CONV3_ACC_14_din             |         +|   0|  0|  32|          32|          32|
    |fifo_CONV3_ACC_15_din             |         +|   0|  0|  32|          32|          32|
    |fifo_CONV3_ACC_1_din              |         +|   0|  0|  32|          32|          32|
    |fifo_CONV3_ACC_2_din              |         +|   0|  0|  32|          32|          32|
    |fifo_CONV3_ACC_3_din              |         +|   0|  0|  32|          32|          32|
    |fifo_CONV3_ACC_4_din              |         +|   0|  0|  32|          32|          32|
    |fifo_CONV3_ACC_5_din              |         +|   0|  0|  32|          32|          32|
    |fifo_CONV3_ACC_6_din              |         +|   0|  0|  32|          32|          32|
    |fifo_CONV3_ACC_7_din              |         +|   0|  0|  32|          32|          32|
    |fifo_CONV3_ACC_8_din              |         +|   0|  0|  32|          32|          32|
    |fifo_CONV3_ACC_9_din              |         +|   0|  0|  32|          32|          32|
    |h_2_fu_718_p2                     |         +|   0|  0|  39|          32|           1|
    |ap_block_pp0_stage0_01001         |       and|   0|  0|   2|           1|           1|
    |icmp_ln579_fu_712_p2              |      icmp|   0|  0|  39|          32|          32|
    |ap_block_state2_pp0_stage0_iter1  |        or|   0|  0|   2|           1|           1|
    |ap_enable_pp0                     |       xor|   0|  0|   2|           1|           2|
    +----------------------------------+----------+----+---+----+------------+------------+
    |Total                             |          |   0|  0|1732|        1603|        1573|
    +----------------------------------+----------+----+---+----+------------+------------+

    * Multiplexer: 
    +-------------------------+----+-----------+-----+-----------+
    |           Name          | LUT| Input Size| Bits| Total Bits|
    +-------------------------+----+-----------+-----+-----------+
    |ap_done_int              |   9|          2|    1|          2|
    |ap_enable_reg_pp0_iter1  |   9|          2|    1|          2|
    |ap_sig_allocacmp_h_1     |   9|          2|   32|         64|
    |fifo_CONV3_ACC_0_blk_n   |   9|          2|    1|          2|
    |fifo_CONV3_ACC_10_blk_n  |   9|          2|    1|          2|
    |fifo_CONV3_ACC_11_blk_n  |   9|          2|    1|          2|
    |fifo_CONV3_ACC_12_blk_n  |   9|          2|    1|          2|
    |fifo_CONV3_ACC_13_blk_n  |   9|          2|    1|          2|
    |fifo_CONV3_ACC_14_blk_n  |   9|          2|    1|          2|
    |fifo_CONV3_ACC_15_blk_n  |   9|          2|    1|          2|
    |fifo_CONV3_ACC_1_blk_n   |   9|          2|    1|          2|
    |fifo_CONV3_ACC_2_blk_n   |   9|          2|    1|          2|
    |fifo_CONV3_ACC_3_blk_n   |   9|          2|    1|          2|
    |fifo_CONV3_ACC_4_blk_n   |   9|          2|    1|          2|
    |fifo_CONV3_ACC_5_blk_n   |   9|          2|    1|          2|
    |fifo_CONV3_ACC_6_blk_n   |   9|          2|    1|          2|
    |fifo_CONV3_ACC_7_blk_n   |   9|          2|    1|          2|
    |fifo_CONV3_ACC_8_blk_n   |   9|          2|    1|          2|
    |fifo_CONV3_ACC_9_blk_n   |   9|          2|    1|          2|
    |fifo_SA_O_0_0_0_blk_n    |   9|          2|    1|          2|
    |fifo_SA_O_0_0_1_blk_n    |   9|          2|    1|          2|
    |fifo_SA_O_0_0_2_blk_n    |   9|          2|    1|          2|
    |fifo_SA_O_0_0_3_blk_n    |   9|          2|    1|          2|
    |fifo_SA_O_0_1_0_blk_n    |   9|          2|    1|          2|
    |fifo_SA_O_0_1_1_blk_n    |   9|          2|    1|          2|
    |fifo_SA_O_0_1_2_blk_n    |   9|          2|    1|          2|
    |fifo_SA_O_0_1_3_blk_n    |   9|          2|    1|          2|
    |fifo_SA_O_0_2_0_blk_n    |   9|          2|    1|          2|
    |fifo_SA_O_0_2_1_blk_n    |   9|          2|    1|          2|
    |fifo_SA_O_0_2_2_blk_n    |   9|          2|    1|          2|
    |fifo_SA_O_0_2_3_blk_n    |   9|          2|    1|          2|
    |fifo_SA_O_0_3_0_blk_n    |   9|          2|    1|          2|
    |fifo_SA_O_0_3_1_blk_n    |   9|          2|    1|          2|
    |fifo_SA_O_0_3_2_blk_n    |   9|          2|    1|          2|
    |fifo_SA_O_0_3_3_blk_n    |   9|          2|    1|          2|
    |fifo_SA_O_1_0_0_blk_n    |   9|          2|    1|          2|
    |fifo_SA_O_1_0_1_blk_n    |   9|          2|    1|          2|
    |fifo_SA_O_1_0_2_blk_n    |   9|          2|    1|          2|
    |fifo_SA_O_1_0_3_blk_n    |   9|          2|    1|          2|
    |fifo_SA_O_1_1_0_blk_n    |   9|          2|    1|          2|
    |fifo_SA_O_1_1_1_blk_n    |   9|          2|    1|          2|
    |fifo_SA_O_1_1_2_blk_n    |   9|          2|    1|          2|
    |fifo_SA_O_1_1_3_blk_n    |   9|          2|    1|          2|
    |fifo_SA_O_1_2_0_blk_n    |   9|          2|    1|          2|
    |fifo_SA_O_1_2_1_blk_n    |   9|          2|    1|          2|
    |fifo_SA_O_1_2_2_blk_n    |   9|          2|    1|          2|
    |fifo_SA_O_1_2_3_blk_n    |   9|          2|    1|          2|
    |fifo_SA_O_1_3_0_blk_n    |   9|          2|    1|          2|
    |fifo_SA_O_1_3_1_blk_n    |   9|          2|    1|          2|
    |fifo_SA_O_1_3_2_blk_n    |   9|          2|    1|          2|
    |fifo_SA_O_1_3_3_blk_n    |   9|          2|    1|          2|
    |fifo_SA_O_2_0_0_blk_n    |   9|          2|    1|          2|
    |fifo_SA_O_2_0_1_blk_n    |   9|          2|    1|          2|
    |fifo_SA_O_2_0_2_blk_n    |   9|          2|    1|          2|
    |fifo_SA_O_2_0_3_blk_n    |   9|          2|    1|          2|
    |fifo_SA_O_2_1_0_blk_n    |   9|          2|    1|          2|
    |fifo_SA_O_2_1_1_blk_n    |   9|          2|    1|          2|
    |fifo_SA_O_2_1_2_blk_n    |   9|          2|    1|          2|
    |fifo_SA_O_2_1_3_blk_n    |   9|          2|    1|          2|
    |fifo_SA_O_2_2_0_blk_n    |   9|          2|    1|          2|
    |fifo_SA_O_2_2_1_blk_n    |   9|          2|    1|          2|
    |fifo_SA_O_2_2_2_blk_n    |   9|          2|    1|          2|
    |fifo_SA_O_2_2_3_blk_n    |   9|          2|    1|          2|
    |fifo_SA_O_2_3_0_blk_n    |   9|          2|    1|          2|
    |fifo_SA_O_2_3_1_blk_n    |   9|          2|    1|          2|
    |fifo_SA_O_2_3_2_blk_n    |   9|          2|    1|          2|
    |fifo_SA_O_2_3_3_blk_n    |   9|          2|    1|          2|
    |fifo_SA_O_3_0_0_blk_n    |   9|          2|    1|          2|
    |fifo_SA_O_3_0_1_blk_n    |   9|          2|    1|          2|
    |fifo_SA_O_3_0_2_blk_n    |   9|          2|    1|          2|
    |fifo_SA_O_3_0_3_blk_n    |   9|          2|    1|          2|
    |fifo_SA_O_3_1_0_blk_n    |   9|          2|    1|          2|
    |fifo_SA_O_3_1_1_blk_n    |   9|          2|    1|          2|
    |fifo_SA_O_3_1_2_blk_n    |   9|          2|    1|          2|
    |fifo_SA_O_3_1_3_blk_n    |   9|          2|    1|          2|
    |fifo_SA_O_3_2_0_blk_n    |   9|          2|    1|          2|
    |fifo_SA_O_3_2_1_blk_n    |   9|          2|    1|          2|
    |fifo_SA_O_3_2_2_blk_n    |   9|          2|    1|          2|
    |fifo_SA_O_3_2_3_blk_n    |   9|          2|    1|          2|
    |fifo_SA_O_3_3_0_blk_n    |   9|          2|    1|          2|
    |fifo_SA_O_3_3_1_blk_n    |   9|          2|    1|          2|
    |fifo_SA_O_3_3_2_blk_n    |   9|          2|    1|          2|
    |fifo_SA_O_3_3_3_blk_n    |   9|          2|    1|          2|
    |h_fu_198                 |   9|          2|   32|         64|
    +-------------------------+----+-----------+-----+-----------+
    |Total                    | 756|        168|  146|        292|
    +-------------------------+----+-----------+-----+-----------+

    * Register: 
    +-------------------------+----+----+-----+-----------+
    |           Name          | FF | LUT| Bits| Const Bits|
    +-------------------------+----+----+-----+-----------+
    |ap_CS_fsm                |   1|   0|    1|          0|
    |ap_done_reg              |   1|   0|    1|          0|
    |ap_enable_reg_pp0_iter1  |   1|   0|    1|          0|
    |h_fu_198                 |  32|   0|   32|          0|
    +-------------------------+----+----+-----+-----------+
    |Total                    |  35|   0|   35|          0|
    +-------------------------+----+----+-----+-----------+



================================================================
== Interface
================================================================
* Summary: 
+--------------------------+-----+-----+------------+----------------------------------------------+--------------+
|         RTL Ports        | Dir | Bits|  Protocol  |                 Source Object                |    C Type    |
+--------------------------+-----+-----+------------+----------------------------------------------+--------------+
|ap_clk                    |   in|    1|  ap_ctrl_hs|  ConvertToOutStream_Pipeline_VITIS_LOOP_579_1|  return value|
|ap_rst                    |   in|    1|  ap_ctrl_hs|  ConvertToOutStream_Pipeline_VITIS_LOOP_579_1|  return value|
|ap_start                  |   in|    1|  ap_ctrl_hs|  ConvertToOutStream_Pipeline_VITIS_LOOP_579_1|  return value|
|ap_done                   |  out|    1|  ap_ctrl_hs|  ConvertToOutStream_Pipeline_VITIS_LOOP_579_1|  return value|
|ap_idle                   |  out|    1|  ap_ctrl_hs|  ConvertToOutStream_Pipeline_VITIS_LOOP_579_1|  return value|
|ap_ready                  |  out|    1|  ap_ctrl_hs|  ConvertToOutStream_Pipeline_VITIS_LOOP_579_1|  return value|
|fifo_SA_O_0_0_0_dout      |   in|   32|     ap_fifo|                               fifo_SA_O_0_0_0|       pointer|
|fifo_SA_O_0_0_0_empty_n   |   in|    1|     ap_fifo|                               fifo_SA_O_0_0_0|       pointer|
|fifo_SA_O_0_0_0_read      |  out|    1|     ap_fifo|                               fifo_SA_O_0_0_0|       pointer|
|fifo_SA_O_1_0_0_dout      |   in|   32|     ap_fifo|                               fifo_SA_O_1_0_0|       pointer|
|fifo_SA_O_1_0_0_empty_n   |   in|    1|     ap_fifo|                               fifo_SA_O_1_0_0|       pointer|
|fifo_SA_O_1_0_0_read      |  out|    1|     ap_fifo|                               fifo_SA_O_1_0_0|       pointer|
|fifo_SA_O_2_0_0_dout      |   in|   32|     ap_fifo|                               fifo_SA_O_2_0_0|       pointer|
|fifo_SA_O_2_0_0_empty_n   |   in|    1|     ap_fifo|                               fifo_SA_O_2_0_0|       pointer|
|fifo_SA_O_2_0_0_read      |  out|    1|     ap_fifo|                               fifo_SA_O_2_0_0|       pointer|
|fifo_SA_O_3_0_0_dout      |   in|   32|     ap_fifo|                               fifo_SA_O_3_0_0|       pointer|
|fifo_SA_O_3_0_0_empty_n   |   in|    1|     ap_fifo|                               fifo_SA_O_3_0_0|       pointer|
|fifo_SA_O_3_0_0_read      |  out|    1|     ap_fifo|                               fifo_SA_O_3_0_0|       pointer|
|fifo_CONV3_ACC_0_din      |  out|   32|     ap_fifo|                              fifo_CONV3_ACC_0|       pointer|
|fifo_CONV3_ACC_0_full_n   |   in|    1|     ap_fifo|                              fifo_CONV3_ACC_0|       pointer|
|fifo_CONV3_ACC_0_write    |  out|    1|     ap_fifo|                              fifo_CONV3_ACC_0|       pointer|
|fifo_SA_O_0_0_1_dout      |   in|   32|     ap_fifo|                               fifo_SA_O_0_0_1|       pointer|
|fifo_SA_O_0_0_1_empty_n   |   in|    1|     ap_fifo|                               fifo_SA_O_0_0_1|       pointer|
|fifo_SA_O_0_0_1_read      |  out|    1|     ap_fifo|                               fifo_SA_O_0_0_1|       pointer|
|fifo_SA_O_1_0_1_dout      |   in|   32|     ap_fifo|                               fifo_SA_O_1_0_1|       pointer|
|fifo_SA_O_1_0_1_empty_n   |   in|    1|     ap_fifo|                               fifo_SA_O_1_0_1|       pointer|
|fifo_SA_O_1_0_1_read      |  out|    1|     ap_fifo|                               fifo_SA_O_1_0_1|       pointer|
|fifo_SA_O_2_0_1_dout      |   in|   32|     ap_fifo|                               fifo_SA_O_2_0_1|       pointer|
|fifo_SA_O_2_0_1_empty_n   |   in|    1|     ap_fifo|                               fifo_SA_O_2_0_1|       pointer|
|fifo_SA_O_2_0_1_read      |  out|    1|     ap_fifo|                               fifo_SA_O_2_0_1|       pointer|
|fifo_SA_O_3_0_1_dout      |   in|   32|     ap_fifo|                               fifo_SA_O_3_0_1|       pointer|
|fifo_SA_O_3_0_1_empty_n   |   in|    1|     ap_fifo|                               fifo_SA_O_3_0_1|       pointer|
|fifo_SA_O_3_0_1_read      |  out|    1|     ap_fifo|                               fifo_SA_O_3_0_1|       pointer|
|fifo_CONV3_ACC_1_din      |  out|   32|     ap_fifo|                              fifo_CONV3_ACC_1|       pointer|
|fifo_CONV3_ACC_1_full_n   |   in|    1|     ap_fifo|                              fifo_CONV3_ACC_1|       pointer|
|fifo_CONV3_ACC_1_write    |  out|    1|     ap_fifo|                              fifo_CONV3_ACC_1|       pointer|
|fifo_SA_O_0_0_2_dout      |   in|   32|     ap_fifo|                               fifo_SA_O_0_0_2|       pointer|
|fifo_SA_O_0_0_2_empty_n   |   in|    1|     ap_fifo|                               fifo_SA_O_0_0_2|       pointer|
|fifo_SA_O_0_0_2_read      |  out|    1|     ap_fifo|                               fifo_SA_O_0_0_2|       pointer|
|fifo_SA_O_1_0_2_dout      |   in|   32|     ap_fifo|                               fifo_SA_O_1_0_2|       pointer|
|fifo_SA_O_1_0_2_empty_n   |   in|    1|     ap_fifo|                               fifo_SA_O_1_0_2|       pointer|
|fifo_SA_O_1_0_2_read      |  out|    1|     ap_fifo|                               fifo_SA_O_1_0_2|       pointer|
|fifo_SA_O_2_0_2_dout      |   in|   32|     ap_fifo|                               fifo_SA_O_2_0_2|       pointer|
|fifo_SA_O_2_0_2_empty_n   |   in|    1|     ap_fifo|                               fifo_SA_O_2_0_2|       pointer|
|fifo_SA_O_2_0_2_read      |  out|    1|     ap_fifo|                               fifo_SA_O_2_0_2|       pointer|
|fifo_SA_O_3_0_2_dout      |   in|   32|     ap_fifo|                               fifo_SA_O_3_0_2|       pointer|
|fifo_SA_O_3_0_2_empty_n   |   in|    1|     ap_fifo|                               fifo_SA_O_3_0_2|       pointer|
|fifo_SA_O_3_0_2_read      |  out|    1|     ap_fifo|                               fifo_SA_O_3_0_2|       pointer|
|fifo_CONV3_ACC_2_din      |  out|   32|     ap_fifo|                              fifo_CONV3_ACC_2|       pointer|
|fifo_CONV3_ACC_2_full_n   |   in|    1|     ap_fifo|                              fifo_CONV3_ACC_2|       pointer|
|fifo_CONV3_ACC_2_write    |  out|    1|     ap_fifo|                              fifo_CONV3_ACC_2|       pointer|
|fifo_SA_O_0_0_3_dout      |   in|   32|     ap_fifo|                               fifo_SA_O_0_0_3|       pointer|
|fifo_SA_O_0_0_3_empty_n   |   in|    1|     ap_fifo|                               fifo_SA_O_0_0_3|       pointer|
|fifo_SA_O_0_0_3_read      |  out|    1|     ap_fifo|                               fifo_SA_O_0_0_3|       pointer|
|fifo_SA_O_1_0_3_dout      |   in|   32|     ap_fifo|                               fifo_SA_O_1_0_3|       pointer|
|fifo_SA_O_1_0_3_empty_n   |   in|    1|     ap_fifo|                               fifo_SA_O_1_0_3|       pointer|
|fifo_SA_O_1_0_3_read      |  out|    1|     ap_fifo|                               fifo_SA_O_1_0_3|       pointer|
|fifo_SA_O_2_0_3_dout      |   in|   32|     ap_fifo|                               fifo_SA_O_2_0_3|       pointer|
|fifo_SA_O_2_0_3_empty_n   |   in|    1|     ap_fifo|                               fifo_SA_O_2_0_3|       pointer|
|fifo_SA_O_2_0_3_read      |  out|    1|     ap_fifo|                               fifo_SA_O_2_0_3|       pointer|
|fifo_SA_O_3_0_3_dout      |   in|   32|     ap_fifo|                               fifo_SA_O_3_0_3|       pointer|
|fifo_SA_O_3_0_3_empty_n   |   in|    1|     ap_fifo|                               fifo_SA_O_3_0_3|       pointer|
|fifo_SA_O_3_0_3_read      |  out|    1|     ap_fifo|                               fifo_SA_O_3_0_3|       pointer|
|fifo_CONV3_ACC_3_din      |  out|   32|     ap_fifo|                              fifo_CONV3_ACC_3|       pointer|
|fifo_CONV3_ACC_3_full_n   |   in|    1|     ap_fifo|                              fifo_CONV3_ACC_3|       pointer|
|fifo_CONV3_ACC_3_write    |  out|    1|     ap_fifo|                              fifo_CONV3_ACC_3|       pointer|
|fifo_SA_O_0_1_0_dout      |   in|   32|     ap_fifo|                               fifo_SA_O_0_1_0|       pointer|
|fifo_SA_O_0_1_0_empty_n   |   in|    1|     ap_fifo|                               fifo_SA_O_0_1_0|       pointer|
|fifo_SA_O_0_1_0_read      |  out|    1|     ap_fifo|                               fifo_SA_O_0_1_0|       pointer|
|fifo_SA_O_1_1_0_dout      |   in|   32|     ap_fifo|                               fifo_SA_O_1_1_0|       pointer|
|fifo_SA_O_1_1_0_empty_n   |   in|    1|     ap_fifo|                               fifo_SA_O_1_1_0|       pointer|
|fifo_SA_O_1_1_0_read      |  out|    1|     ap_fifo|                               fifo_SA_O_1_1_0|       pointer|
|fifo_SA_O_2_1_0_dout      |   in|   32|     ap_fifo|                               fifo_SA_O_2_1_0|       pointer|
|fifo_SA_O_2_1_0_empty_n   |   in|    1|     ap_fifo|                               fifo_SA_O_2_1_0|       pointer|
|fifo_SA_O_2_1_0_read      |  out|    1|     ap_fifo|                               fifo_SA_O_2_1_0|       pointer|
|fifo_SA_O_3_1_0_dout      |   in|   32|     ap_fifo|                               fifo_SA_O_3_1_0|       pointer|
|fifo_SA_O_3_1_0_empty_n   |   in|    1|     ap_fifo|                               fifo_SA_O_3_1_0|       pointer|
|fifo_SA_O_3_1_0_read      |  out|    1|     ap_fifo|                               fifo_SA_O_3_1_0|       pointer|
|fifo_CONV3_ACC_4_din      |  out|   32|     ap_fifo|                              fifo_CONV3_ACC_4|       pointer|
|fifo_CONV3_ACC_4_full_n   |   in|    1|     ap_fifo|                              fifo_CONV3_ACC_4|       pointer|
|fifo_CONV3_ACC_4_write    |  out|    1|     ap_fifo|                              fifo_CONV3_ACC_4|       pointer|
|fifo_SA_O_0_1_1_dout      |   in|   32|     ap_fifo|                               fifo_SA_O_0_1_1|       pointer|
|fifo_SA_O_0_1_1_empty_n   |   in|    1|     ap_fifo|                               fifo_SA_O_0_1_1|       pointer|
|fifo_SA_O_0_1_1_read      |  out|    1|     ap_fifo|                               fifo_SA_O_0_1_1|       pointer|
|fifo_SA_O_1_1_1_dout      |   in|   32|     ap_fifo|                               fifo_SA_O_1_1_1|       pointer|
|fifo_SA_O_1_1_1_empty_n   |   in|    1|     ap_fifo|                               fifo_SA_O_1_1_1|       pointer|
|fifo_SA_O_1_1_1_read      |  out|    1|     ap_fifo|                               fifo_SA_O_1_1_1|       pointer|
|fifo_SA_O_2_1_1_dout      |   in|   32|     ap_fifo|                               fifo_SA_O_2_1_1|       pointer|
|fifo_SA_O_2_1_1_empty_n   |   in|    1|     ap_fifo|                               fifo_SA_O_2_1_1|       pointer|
|fifo_SA_O_2_1_1_read      |  out|    1|     ap_fifo|                               fifo_SA_O_2_1_1|       pointer|
|fifo_SA_O_3_1_1_dout      |   in|   32|     ap_fifo|                               fifo_SA_O_3_1_1|       pointer|
|fifo_SA_O_3_1_1_empty_n   |   in|    1|     ap_fifo|                               fifo_SA_O_3_1_1|       pointer|
|fifo_SA_O_3_1_1_read      |  out|    1|     ap_fifo|                               fifo_SA_O_3_1_1|       pointer|
|fifo_CONV3_ACC_5_din      |  out|   32|     ap_fifo|                              fifo_CONV3_ACC_5|       pointer|
|fifo_CONV3_ACC_5_full_n   |   in|    1|     ap_fifo|                              fifo_CONV3_ACC_5|       pointer|
|fifo_CONV3_ACC_5_write    |  out|    1|     ap_fifo|                              fifo_CONV3_ACC_5|       pointer|
|fifo_SA_O_0_1_2_dout      |   in|   32|     ap_fifo|                               fifo_SA_O_0_1_2|       pointer|
|fifo_SA_O_0_1_2_empty_n   |   in|    1|     ap_fifo|                               fifo_SA_O_0_1_2|       pointer|
|fifo_SA_O_0_1_2_read      |  out|    1|     ap_fifo|                               fifo_SA_O_0_1_2|       pointer|
|fifo_SA_O_1_1_2_dout      |   in|   32|     ap_fifo|                               fifo_SA_O_1_1_2|       pointer|
|fifo_SA_O_1_1_2_empty_n   |   in|    1|     ap_fifo|                               fifo_SA_O_1_1_2|       pointer|
|fifo_SA_O_1_1_2_read      |  out|    1|     ap_fifo|                               fifo_SA_O_1_1_2|       pointer|
|fifo_SA_O_2_1_2_dout      |   in|   32|     ap_fifo|                               fifo_SA_O_2_1_2|       pointer|
|fifo_SA_O_2_1_2_empty_n   |   in|    1|     ap_fifo|                               fifo_SA_O_2_1_2|       pointer|
|fifo_SA_O_2_1_2_read      |  out|    1|     ap_fifo|                               fifo_SA_O_2_1_2|       pointer|
|fifo_SA_O_3_1_2_dout      |   in|   32|     ap_fifo|                               fifo_SA_O_3_1_2|       pointer|
|fifo_SA_O_3_1_2_empty_n   |   in|    1|     ap_fifo|                               fifo_SA_O_3_1_2|       pointer|
|fifo_SA_O_3_1_2_read      |  out|    1|     ap_fifo|                               fifo_SA_O_3_1_2|       pointer|
|fifo_CONV3_ACC_6_din      |  out|   32|     ap_fifo|                              fifo_CONV3_ACC_6|       pointer|
|fifo_CONV3_ACC_6_full_n   |   in|    1|     ap_fifo|                              fifo_CONV3_ACC_6|       pointer|
|fifo_CONV3_ACC_6_write    |  out|    1|     ap_fifo|                              fifo_CONV3_ACC_6|       pointer|
|fifo_SA_O_0_1_3_dout      |   in|   32|     ap_fifo|                               fifo_SA_O_0_1_3|       pointer|
|fifo_SA_O_0_1_3_empty_n   |   in|    1|     ap_fifo|                               fifo_SA_O_0_1_3|       pointer|
|fifo_SA_O_0_1_3_read      |  out|    1|     ap_fifo|                               fifo_SA_O_0_1_3|       pointer|
|fifo_SA_O_1_1_3_dout      |   in|   32|     ap_fifo|                               fifo_SA_O_1_1_3|       pointer|
|fifo_SA_O_1_1_3_empty_n   |   in|    1|     ap_fifo|                               fifo_SA_O_1_1_3|       pointer|
|fifo_SA_O_1_1_3_read      |  out|    1|     ap_fifo|                               fifo_SA_O_1_1_3|       pointer|
|fifo_SA_O_2_1_3_dout      |   in|   32|     ap_fifo|                               fifo_SA_O_2_1_3|       pointer|
|fifo_SA_O_2_1_3_empty_n   |   in|    1|     ap_fifo|                               fifo_SA_O_2_1_3|       pointer|
|fifo_SA_O_2_1_3_read      |  out|    1|     ap_fifo|                               fifo_SA_O_2_1_3|       pointer|
|fifo_SA_O_3_1_3_dout      |   in|   32|     ap_fifo|                               fifo_SA_O_3_1_3|       pointer|
|fifo_SA_O_3_1_3_empty_n   |   in|    1|     ap_fifo|                               fifo_SA_O_3_1_3|       pointer|
|fifo_SA_O_3_1_3_read      |  out|    1|     ap_fifo|                               fifo_SA_O_3_1_3|       pointer|
|fifo_CONV3_ACC_7_din      |  out|   32|     ap_fifo|                              fifo_CONV3_ACC_7|       pointer|
|fifo_CONV3_ACC_7_full_n   |   in|    1|     ap_fifo|                              fifo_CONV3_ACC_7|       pointer|
|fifo_CONV3_ACC_7_write    |  out|    1|     ap_fifo|                              fifo_CONV3_ACC_7|       pointer|
|fifo_SA_O_0_2_0_dout      |   in|   32|     ap_fifo|                               fifo_SA_O_0_2_0|       pointer|
|fifo_SA_O_0_2_0_empty_n   |   in|    1|     ap_fifo|                               fifo_SA_O_0_2_0|       pointer|
|fifo_SA_O_0_2_0_read      |  out|    1|     ap_fifo|                               fifo_SA_O_0_2_0|       pointer|
|fifo_SA_O_1_2_0_dout      |   in|   32|     ap_fifo|                               fifo_SA_O_1_2_0|       pointer|
|fifo_SA_O_1_2_0_empty_n   |   in|    1|     ap_fifo|                               fifo_SA_O_1_2_0|       pointer|
|fifo_SA_O_1_2_0_read      |  out|    1|     ap_fifo|                               fifo_SA_O_1_2_0|       pointer|
|fifo_SA_O_2_2_0_dout      |   in|   32|     ap_fifo|                               fifo_SA_O_2_2_0|       pointer|
|fifo_SA_O_2_2_0_empty_n   |   in|    1|     ap_fifo|                               fifo_SA_O_2_2_0|       pointer|
|fifo_SA_O_2_2_0_read      |  out|    1|     ap_fifo|                               fifo_SA_O_2_2_0|       pointer|
|fifo_SA_O_3_2_0_dout      |   in|   32|     ap_fifo|                               fifo_SA_O_3_2_0|       pointer|
|fifo_SA_O_3_2_0_empty_n   |   in|    1|     ap_fifo|                               fifo_SA_O_3_2_0|       pointer|
|fifo_SA_O_3_2_0_read      |  out|    1|     ap_fifo|                               fifo_SA_O_3_2_0|       pointer|
|fifo_CONV3_ACC_8_din      |  out|   32|     ap_fifo|                              fifo_CONV3_ACC_8|       pointer|
|fifo_CONV3_ACC_8_full_n   |   in|    1|     ap_fifo|                              fifo_CONV3_ACC_8|       pointer|
|fifo_CONV3_ACC_8_write    |  out|    1|     ap_fifo|                              fifo_CONV3_ACC_8|       pointer|
|fifo_SA_O_0_2_1_dout      |   in|   32|     ap_fifo|                               fifo_SA_O_0_2_1|       pointer|
|fifo_SA_O_0_2_1_empty_n   |   in|    1|     ap_fifo|                               fifo_SA_O_0_2_1|       pointer|
|fifo_SA_O_0_2_1_read      |  out|    1|     ap_fifo|                               fifo_SA_O_0_2_1|       pointer|
|fifo_SA_O_1_2_1_dout      |   in|   32|     ap_fifo|                               fifo_SA_O_1_2_1|       pointer|
|fifo_SA_O_1_2_1_empty_n   |   in|    1|     ap_fifo|                               fifo_SA_O_1_2_1|       pointer|
|fifo_SA_O_1_2_1_read      |  out|    1|     ap_fifo|                               fifo_SA_O_1_2_1|       pointer|
|fifo_SA_O_2_2_1_dout      |   in|   32|     ap_fifo|                               fifo_SA_O_2_2_1|       pointer|
|fifo_SA_O_2_2_1_empty_n   |   in|    1|     ap_fifo|                               fifo_SA_O_2_2_1|       pointer|
|fifo_SA_O_2_2_1_read      |  out|    1|     ap_fifo|                               fifo_SA_O_2_2_1|       pointer|
|fifo_SA_O_3_2_1_dout      |   in|   32|     ap_fifo|                               fifo_SA_O_3_2_1|       pointer|
|fifo_SA_O_3_2_1_empty_n   |   in|    1|     ap_fifo|                               fifo_SA_O_3_2_1|       pointer|
|fifo_SA_O_3_2_1_read      |  out|    1|     ap_fifo|                               fifo_SA_O_3_2_1|       pointer|
|fifo_CONV3_ACC_9_din      |  out|   32|     ap_fifo|                              fifo_CONV3_ACC_9|       pointer|
|fifo_CONV3_ACC_9_full_n   |   in|    1|     ap_fifo|                              fifo_CONV3_ACC_9|       pointer|
|fifo_CONV3_ACC_9_write    |  out|    1|     ap_fifo|                              fifo_CONV3_ACC_9|       pointer|
|fifo_SA_O_0_2_2_dout      |   in|   32|     ap_fifo|                               fifo_SA_O_0_2_2|       pointer|
|fifo_SA_O_0_2_2_empty_n   |   in|    1|     ap_fifo|                               fifo_SA_O_0_2_2|       pointer|
|fifo_SA_O_0_2_2_read      |  out|    1|     ap_fifo|                               fifo_SA_O_0_2_2|       pointer|
|fifo_SA_O_1_2_2_dout      |   in|   32|     ap_fifo|                               fifo_SA_O_1_2_2|       pointer|
|fifo_SA_O_1_2_2_empty_n   |   in|    1|     ap_fifo|                               fifo_SA_O_1_2_2|       pointer|
|fifo_SA_O_1_2_2_read      |  out|    1|     ap_fifo|                               fifo_SA_O_1_2_2|       pointer|
|fifo_SA_O_2_2_2_dout      |   in|   32|     ap_fifo|                               fifo_SA_O_2_2_2|       pointer|
|fifo_SA_O_2_2_2_empty_n   |   in|    1|     ap_fifo|                               fifo_SA_O_2_2_2|       pointer|
|fifo_SA_O_2_2_2_read      |  out|    1|     ap_fifo|                               fifo_SA_O_2_2_2|       pointer|
|fifo_SA_O_3_2_2_dout      |   in|   32|     ap_fifo|                               fifo_SA_O_3_2_2|       pointer|
|fifo_SA_O_3_2_2_empty_n   |   in|    1|     ap_fifo|                               fifo_SA_O_3_2_2|       pointer|
|fifo_SA_O_3_2_2_read      |  out|    1|     ap_fifo|                               fifo_SA_O_3_2_2|       pointer|
|fifo_CONV3_ACC_10_din     |  out|   32|     ap_fifo|                             fifo_CONV3_ACC_10|       pointer|
|fifo_CONV3_ACC_10_full_n  |   in|    1|     ap_fifo|                             fifo_CONV3_ACC_10|       pointer|
|fifo_CONV3_ACC_10_write   |  out|    1|     ap_fifo|                             fifo_CONV3_ACC_10|       pointer|
|fifo_SA_O_0_2_3_dout      |   in|   32|     ap_fifo|                               fifo_SA_O_0_2_3|       pointer|
|fifo_SA_O_0_2_3_empty_n   |   in|    1|     ap_fifo|                               fifo_SA_O_0_2_3|       pointer|
|fifo_SA_O_0_2_3_read      |  out|    1|     ap_fifo|                               fifo_SA_O_0_2_3|       pointer|
|fifo_SA_O_1_2_3_dout      |   in|   32|     ap_fifo|                               fifo_SA_O_1_2_3|       pointer|
|fifo_SA_O_1_2_3_empty_n   |   in|    1|     ap_fifo|                               fifo_SA_O_1_2_3|       pointer|
|fifo_SA_O_1_2_3_read      |  out|    1|     ap_fifo|                               fifo_SA_O_1_2_3|       pointer|
|fifo_SA_O_2_2_3_dout      |   in|   32|     ap_fifo|                               fifo_SA_O_2_2_3|       pointer|
|fifo_SA_O_2_2_3_empty_n   |   in|    1|     ap_fifo|                               fifo_SA_O_2_2_3|       pointer|
|fifo_SA_O_2_2_3_read      |  out|    1|     ap_fifo|                               fifo_SA_O_2_2_3|       pointer|
|fifo_SA_O_3_2_3_dout      |   in|   32|     ap_fifo|                               fifo_SA_O_3_2_3|       pointer|
|fifo_SA_O_3_2_3_empty_n   |   in|    1|     ap_fifo|                               fifo_SA_O_3_2_3|       pointer|
|fifo_SA_O_3_2_3_read      |  out|    1|     ap_fifo|                               fifo_SA_O_3_2_3|       pointer|
|fifo_CONV3_ACC_11_din     |  out|   32|     ap_fifo|                             fifo_CONV3_ACC_11|       pointer|
|fifo_CONV3_ACC_11_full_n  |   in|    1|     ap_fifo|                             fifo_CONV3_ACC_11|       pointer|
|fifo_CONV3_ACC_11_write   |  out|    1|     ap_fifo|                             fifo_CONV3_ACC_11|       pointer|
|fifo_SA_O_0_3_0_dout      |   in|   32|     ap_fifo|                               fifo_SA_O_0_3_0|       pointer|
|fifo_SA_O_0_3_0_empty_n   |   in|    1|     ap_fifo|                               fifo_SA_O_0_3_0|       pointer|
|fifo_SA_O_0_3_0_read      |  out|    1|     ap_fifo|                               fifo_SA_O_0_3_0|       pointer|
|fifo_SA_O_1_3_0_dout      |   in|   32|     ap_fifo|                               fifo_SA_O_1_3_0|       pointer|
|fifo_SA_O_1_3_0_empty_n   |   in|    1|     ap_fifo|                               fifo_SA_O_1_3_0|       pointer|
|fifo_SA_O_1_3_0_read      |  out|    1|     ap_fifo|                               fifo_SA_O_1_3_0|       pointer|
|fifo_SA_O_2_3_0_dout      |   in|   32|     ap_fifo|                               fifo_SA_O_2_3_0|       pointer|
|fifo_SA_O_2_3_0_empty_n   |   in|    1|     ap_fifo|                               fifo_SA_O_2_3_0|       pointer|
|fifo_SA_O_2_3_0_read      |  out|    1|     ap_fifo|                               fifo_SA_O_2_3_0|       pointer|
|fifo_SA_O_3_3_0_dout      |   in|   32|     ap_fifo|                               fifo_SA_O_3_3_0|       pointer|
|fifo_SA_O_3_3_0_empty_n   |   in|    1|     ap_fifo|                               fifo_SA_O_3_3_0|       pointer|
|fifo_SA_O_3_3_0_read      |  out|    1|     ap_fifo|                               fifo_SA_O_3_3_0|       pointer|
|fifo_CONV3_ACC_12_din     |  out|   32|     ap_fifo|                             fifo_CONV3_ACC_12|       pointer|
|fifo_CONV3_ACC_12_full_n  |   in|    1|     ap_fifo|                             fifo_CONV3_ACC_12|       pointer|
|fifo_CONV3_ACC_12_write   |  out|    1|     ap_fifo|                             fifo_CONV3_ACC_12|       pointer|
|fifo_SA_O_0_3_1_dout      |   in|   32|     ap_fifo|                               fifo_SA_O_0_3_1|       pointer|
|fifo_SA_O_0_3_1_empty_n   |   in|    1|     ap_fifo|                               fifo_SA_O_0_3_1|       pointer|
|fifo_SA_O_0_3_1_read      |  out|    1|     ap_fifo|                               fifo_SA_O_0_3_1|       pointer|
|fifo_SA_O_1_3_1_dout      |   in|   32|     ap_fifo|                               fifo_SA_O_1_3_1|       pointer|
|fifo_SA_O_1_3_1_empty_n   |   in|    1|     ap_fifo|                               fifo_SA_O_1_3_1|       pointer|
|fifo_SA_O_1_3_1_read      |  out|    1|     ap_fifo|                               fifo_SA_O_1_3_1|       pointer|
|fifo_SA_O_2_3_1_dout      |   in|   32|     ap_fifo|                               fifo_SA_O_2_3_1|       pointer|
|fifo_SA_O_2_3_1_empty_n   |   in|    1|     ap_fifo|                               fifo_SA_O_2_3_1|       pointer|
|fifo_SA_O_2_3_1_read      |  out|    1|     ap_fifo|                               fifo_SA_O_2_3_1|       pointer|
|fifo_SA_O_3_3_1_dout      |   in|   32|     ap_fifo|                               fifo_SA_O_3_3_1|       pointer|
|fifo_SA_O_3_3_1_empty_n   |   in|    1|     ap_fifo|                               fifo_SA_O_3_3_1|       pointer|
|fifo_SA_O_3_3_1_read      |  out|    1|     ap_fifo|                               fifo_SA_O_3_3_1|       pointer|
|fifo_CONV3_ACC_13_din     |  out|   32|     ap_fifo|                             fifo_CONV3_ACC_13|       pointer|
|fifo_CONV3_ACC_13_full_n  |   in|    1|     ap_fifo|                             fifo_CONV3_ACC_13|       pointer|
|fifo_CONV3_ACC_13_write   |  out|    1|     ap_fifo|                             fifo_CONV3_ACC_13|       pointer|
|fifo_SA_O_0_3_2_dout      |   in|   32|     ap_fifo|                               fifo_SA_O_0_3_2|       pointer|
|fifo_SA_O_0_3_2_empty_n   |   in|    1|     ap_fifo|                               fifo_SA_O_0_3_2|       pointer|
|fifo_SA_O_0_3_2_read      |  out|    1|     ap_fifo|                               fifo_SA_O_0_3_2|       pointer|
|fifo_SA_O_1_3_2_dout      |   in|   32|     ap_fifo|                               fifo_SA_O_1_3_2|       pointer|
|fifo_SA_O_1_3_2_empty_n   |   in|    1|     ap_fifo|                               fifo_SA_O_1_3_2|       pointer|
|fifo_SA_O_1_3_2_read      |  out|    1|     ap_fifo|                               fifo_SA_O_1_3_2|       pointer|
|fifo_SA_O_2_3_2_dout      |   in|   32|     ap_fifo|                               fifo_SA_O_2_3_2|       pointer|
|fifo_SA_O_2_3_2_empty_n   |   in|    1|     ap_fifo|                               fifo_SA_O_2_3_2|       pointer|
|fifo_SA_O_2_3_2_read      |  out|    1|     ap_fifo|                               fifo_SA_O_2_3_2|       pointer|
|fifo_SA_O_3_3_2_dout      |   in|   32|     ap_fifo|                               fifo_SA_O_3_3_2|       pointer|
|fifo_SA_O_3_3_2_empty_n   |   in|    1|     ap_fifo|                               fifo_SA_O_3_3_2|       pointer|
|fifo_SA_O_3_3_2_read      |  out|    1|     ap_fifo|                               fifo_SA_O_3_3_2|       pointer|
|fifo_CONV3_ACC_14_din     |  out|   32|     ap_fifo|                             fifo_CONV3_ACC_14|       pointer|
|fifo_CONV3_ACC_14_full_n  |   in|    1|     ap_fifo|                             fifo_CONV3_ACC_14|       pointer|
|fifo_CONV3_ACC_14_write   |  out|    1|     ap_fifo|                             fifo_CONV3_ACC_14|       pointer|
|fifo_SA_O_0_3_3_dout      |   in|   32|     ap_fifo|                               fifo_SA_O_0_3_3|       pointer|
|fifo_SA_O_0_3_3_empty_n   |   in|    1|     ap_fifo|                               fifo_SA_O_0_3_3|       pointer|
|fifo_SA_O_0_3_3_read      |  out|    1|     ap_fifo|                               fifo_SA_O_0_3_3|       pointer|
|fifo_SA_O_1_3_3_dout      |   in|   32|     ap_fifo|                               fifo_SA_O_1_3_3|       pointer|
|fifo_SA_O_1_3_3_empty_n   |   in|    1|     ap_fifo|                               fifo_SA_O_1_3_3|       pointer|
|fifo_SA_O_1_3_3_read      |  out|    1|     ap_fifo|                               fifo_SA_O_1_3_3|       pointer|
|fifo_SA_O_2_3_3_dout      |   in|   32|     ap_fifo|                               fifo_SA_O_2_3_3|       pointer|
|fifo_SA_O_2_3_3_empty_n   |   in|    1|     ap_fifo|                               fifo_SA_O_2_3_3|       pointer|
|fifo_SA_O_2_3_3_read      |  out|    1|     ap_fifo|                               fifo_SA_O_2_3_3|       pointer|
|fifo_SA_O_3_3_3_dout      |   in|   32|     ap_fifo|                               fifo_SA_O_3_3_3|       pointer|
|fifo_SA_O_3_3_3_empty_n   |   in|    1|     ap_fifo|                               fifo_SA_O_3_3_3|       pointer|
|fifo_SA_O_3_3_3_read      |  out|    1|     ap_fifo|                               fifo_SA_O_3_3_3|       pointer|
|fifo_CONV3_ACC_15_din     |  out|   32|     ap_fifo|                             fifo_CONV3_ACC_15|       pointer|
|fifo_CONV3_ACC_15_full_n  |   in|    1|     ap_fifo|                             fifo_CONV3_ACC_15|       pointer|
|fifo_CONV3_ACC_15_write   |  out|    1|     ap_fifo|                             fifo_CONV3_ACC_15|       pointer|
|numlines                  |   in|   32|     ap_none|                                      numlines|        scalar|
+--------------------------+-----+-----+------------+----------------------------------------------+--------------+

