

================================================================
== Vitis HLS Report for 'ConvertToOutStream_Pipeline_VITIS_LOOP_570_1'
================================================================
* Date:           Mon Mar 10 15:36:54 2025

* Version:        2023.2 (Build 4023990 on Oct 11 2023)
* Project:        SDA
* Solution:       solution1 (Vivado IP Flow Target)
* Product family: virtexuplusHBM
* Target device:  xcvu35p_CIV-fsvh2892-3-e


================================================================
== Performance Estimates
================================================================
+ Timing: 
    * Summary: 
    +--------+----------+----------+------------+
    |  Clock |  Target  | Estimated| Uncertainty|
    +--------+----------+----------+------------+
    |ap_clk  |  10.00 ns|  6.047 ns|     2.70 ns|
    +--------+----------+----------+------------+

+ Latency: 
    * Summary: 
    +---------+---------+-----------+-----------+------+------+---------+
    |  Latency (cycles) |   Latency (absolute)  |   Interval  | Pipeline|
    |   min   |   max   |    min    |    max    |  min |  max |   Type  |
    +---------+---------+-----------+-----------+------+------+---------+
    |     2315|     2315|  23.150 us|  23.150 us|  2315|  2315|       no|
    +---------+---------+-----------+-----------+------+------+---------+

    + Detail: 
        * Instance: 
        N/A

        * Loop: 
        +--------------------+---------+---------+----------+-----------+-----------+------+----------+
        |                    |  Latency (cycles) | Iteration|  Initiation Interval  | Trip |          |
        |      Loop Name     |   min   |   max   |  Latency |  achieved |   target  | Count| Pipelined|
        +--------------------+---------+---------+----------+-----------+-----------+------+----------+
        |- VITIS_LOOP_570_1  |     2313|     2313|        11|          1|          1|  2304|       yes|
        +--------------------+---------+---------+----------+-----------+-----------+------+----------+



================================================================
== Utilization Estimates
================================================================
* Summary: 
+---------------------+---------+------+---------+--------+-----+
|         Name        | BRAM_18K|  DSP |    FF   |   LUT  | URAM|
+---------------------+---------+------+---------+--------+-----+
|DSP                  |        -|     -|        -|       -|    -|
|Expression           |        -|     -|        0|      86|    -|
|FIFO                 |        -|     -|        -|       -|    -|
|Instance             |        -|   128|    11328|   14912|    -|
|Memory               |        -|     -|        -|       -|    -|
|Multiplexer          |        -|     -|        -|     756|    -|
|Register             |        -|     -|     7221|    1536|    -|
+---------------------+---------+------+---------+--------+-----+
|Total                |        0|   128|    18549|   17290|    0|
+---------------------+---------+------+---------+--------+-----+
|Available SLR        |     1344|  2976|   871680|  435840|  320|
+---------------------+---------+------+---------+--------+-----+
|Utilization SLR (%)  |        0|     4|        2|       3|    0|
+---------------------+---------+------+---------+--------+-----+
|Available            |     2688|  5952|  1743360|  871680|  640|
+---------------------+---------+------+---------+--------+-----+
|Utilization (%)      |        0|     2|        1|       1|    0|
+---------------------+---------+------+---------+--------+-----+

+ Detail: 
    * Instance: 
    +--------------------------------------+--------------------------------+---------+----+-----+-----+-----+
    |               Instance               |             Module             | BRAM_18K| DSP|  FF | LUT | URAM|
    +--------------------------------------+--------------------------------+---------+----+-----+-----+-----+
    |fadd_32ns_32ns_32_2_full_dsp_1_U1207  |fadd_32ns_32ns_32_2_full_dsp_1  |        0|   2|  177|  233|    0|
    |fadd_32ns_32ns_32_2_full_dsp_1_U1208  |fadd_32ns_32ns_32_2_full_dsp_1  |        0|   2|  177|  233|    0|
    |fadd_32ns_32ns_32_2_full_dsp_1_U1209  |fadd_32ns_32ns_32_2_full_dsp_1  |        0|   2|  177|  233|    0|
    |fadd_32ns_32ns_32_2_full_dsp_1_U1210  |fadd_32ns_32ns_32_2_full_dsp_1  |        0|   2|  177|  233|    0|
    |fadd_32ns_32ns_32_2_full_dsp_1_U1211  |fadd_32ns_32ns_32_2_full_dsp_1  |        0|   2|  177|  233|    0|
    |fadd_32ns_32ns_32_2_full_dsp_1_U1212  |fadd_32ns_32ns_32_2_full_dsp_1  |        0|   2|  177|  233|    0|
    |fadd_32ns_32ns_32_2_full_dsp_1_U1213  |fadd_32ns_32ns_32_2_full_dsp_1  |        0|   2|  177|  233|    0|
    |fadd_32ns_32ns_32_2_full_dsp_1_U1214  |fadd_32ns_32ns_32_2_full_dsp_1  |        0|   2|  177|  233|    0|
    |fadd_32ns_32ns_32_2_full_dsp_1_U1215  |fadd_32ns_32ns_32_2_full_dsp_1  |        0|   2|  177|  233|    0|
    |fadd_32ns_32ns_32_2_full_dsp_1_U1216  |fadd_32ns_32ns_32_2_full_dsp_1  |        0|   2|  177|  233|    0|
    |fadd_32ns_32ns_32_2_full_dsp_1_U1217  |fadd_32ns_32ns_32_2_full_dsp_1  |        0|   2|  177|  233|    0|
    |fadd_32ns_32ns_32_2_full_dsp_1_U1218  |fadd_32ns_32ns_32_2_full_dsp_1  |        0|   2|  177|  233|    0|
    |fadd_32ns_32ns_32_2_full_dsp_1_U1219  |fadd_32ns_32ns_32_2_full_dsp_1  |        0|   2|  177|  233|    0|
    |fadd_32ns_32ns_32_2_full_dsp_1_U1220  |fadd_32ns_32ns_32_2_full_dsp_1  |        0|   2|  177|  233|    0|
    |fadd_32ns_32ns_32_2_full_dsp_1_U1221  |fadd_32ns_32ns_32_2_full_dsp_1  |        0|   2|  177|  233|    0|
    |fadd_32ns_32ns_32_2_full_dsp_1_U1222  |fadd_32ns_32ns_32_2_full_dsp_1  |        0|   2|  177|  233|    0|
    |fadd_32ns_32ns_32_2_full_dsp_1_U1223  |fadd_32ns_32ns_32_2_full_dsp_1  |        0|   2|  177|  233|    0|
    |fadd_32ns_32ns_32_2_full_dsp_1_U1224  |fadd_32ns_32ns_32_2_full_dsp_1  |        0|   2|  177|  233|    0|
    |fadd_32ns_32ns_32_2_full_dsp_1_U1225  |fadd_32ns_32ns_32_2_full_dsp_1  |        0|   2|  177|  233|    0|
    |fadd_32ns_32ns_32_2_full_dsp_1_U1226  |fadd_32ns_32ns_32_2_full_dsp_1  |        0|   2|  177|  233|    0|
    |fadd_32ns_32ns_32_2_full_dsp_1_U1227  |fadd_32ns_32ns_32_2_full_dsp_1  |        0|   2|  177|  233|    0|
    |fadd_32ns_32ns_32_2_full_dsp_1_U1228  |fadd_32ns_32ns_32_2_full_dsp_1  |        0|   2|  177|  233|    0|
    |fadd_32ns_32ns_32_2_full_dsp_1_U1229  |fadd_32ns_32ns_32_2_full_dsp_1  |        0|   2|  177|  233|    0|
    |fadd_32ns_32ns_32_2_full_dsp_1_U1230  |fadd_32ns_32ns_32_2_full_dsp_1  |        0|   2|  177|  233|    0|
    |fadd_32ns_32ns_32_2_full_dsp_1_U1231  |fadd_32ns_32ns_32_2_full_dsp_1  |        0|   2|  177|  233|    0|
    |fadd_32ns_32ns_32_2_full_dsp_1_U1232  |fadd_32ns_32ns_32_2_full_dsp_1  |        0|   2|  177|  233|    0|
    |fadd_32ns_32ns_32_2_full_dsp_1_U1233  |fadd_32ns_32ns_32_2_full_dsp_1  |        0|   2|  177|  233|    0|
    |fadd_32ns_32ns_32_2_full_dsp_1_U1234  |fadd_32ns_32ns_32_2_full_dsp_1  |        0|   2|  177|  233|    0|
    |fadd_32ns_32ns_32_2_full_dsp_1_U1235  |fadd_32ns_32ns_32_2_full_dsp_1  |        0|   2|  177|  233|    0|
    |fadd_32ns_32ns_32_2_full_dsp_1_U1236  |fadd_32ns_32ns_32_2_full_dsp_1  |        0|   2|  177|  233|    0|
    |fadd_32ns_32ns_32_2_full_dsp_1_U1237  |fadd_32ns_32ns_32_2_full_dsp_1  |        0|   2|  177|  233|    0|
    |fadd_32ns_32ns_32_2_full_dsp_1_U1238  |fadd_32ns_32ns_32_2_full_dsp_1  |        0|   2|  177|  233|    0|
    |fadd_32ns_32ns_32_2_full_dsp_1_U1239  |fadd_32ns_32ns_32_2_full_dsp_1  |        0|   2|  177|  233|    0|
    |fadd_32ns_32ns_32_2_full_dsp_1_U1240  |fadd_32ns_32ns_32_2_full_dsp_1  |        0|   2|  177|  233|    0|
    |fadd_32ns_32ns_32_2_full_dsp_1_U1241  |fadd_32ns_32ns_32_2_full_dsp_1  |        0|   2|  177|  233|    0|
    |fadd_32ns_32ns_32_2_full_dsp_1_U1242  |fadd_32ns_32ns_32_2_full_dsp_1  |        0|   2|  177|  233|    0|
    |fadd_32ns_32ns_32_2_full_dsp_1_U1243  |fadd_32ns_32ns_32_2_full_dsp_1  |        0|   2|  177|  233|    0|
    |fadd_32ns_32ns_32_2_full_dsp_1_U1244  |fadd_32ns_32ns_32_2_full_dsp_1  |        0|   2|  177|  233|    0|
    |fadd_32ns_32ns_32_2_full_dsp_1_U1245  |fadd_32ns_32ns_32_2_full_dsp_1  |        0|   2|  177|  233|    0|
    |fadd_32ns_32ns_32_2_full_dsp_1_U1246  |fadd_32ns_32ns_32_2_full_dsp_1  |        0|   2|  177|  233|    0|
    |fadd_32ns_32ns_32_2_full_dsp_1_U1247  |fadd_32ns_32ns_32_2_full_dsp_1  |        0|   2|  177|  233|    0|
    |fadd_32ns_32ns_32_2_full_dsp_1_U1248  |fadd_32ns_32ns_32_2_full_dsp_1  |        0|   2|  177|  233|    0|
    |fadd_32ns_32ns_32_2_full_dsp_1_U1249  |fadd_32ns_32ns_32_2_full_dsp_1  |        0|   2|  177|  233|    0|
    |fadd_32ns_32ns_32_2_full_dsp_1_U1250  |fadd_32ns_32ns_32_2_full_dsp_1  |        0|   2|  177|  233|    0|
    |fadd_32ns_32ns_32_2_full_dsp_1_U1251  |fadd_32ns_32ns_32_2_full_dsp_1  |        0|   2|  177|  233|    0|
    |fadd_32ns_32ns_32_2_full_dsp_1_U1252  |fadd_32ns_32ns_32_2_full_dsp_1  |        0|   2|  177|  233|    0|
    |fadd_32ns_32ns_32_2_full_dsp_1_U1253  |fadd_32ns_32ns_32_2_full_dsp_1  |        0|   2|  177|  233|    0|
    |fadd_32ns_32ns_32_2_full_dsp_1_U1254  |fadd_32ns_32ns_32_2_full_dsp_1  |        0|   2|  177|  233|    0|
    |fadd_32ns_32ns_32_2_full_dsp_1_U1255  |fadd_32ns_32ns_32_2_full_dsp_1  |        0|   2|  177|  233|    0|
    |fadd_32ns_32ns_32_2_full_dsp_1_U1256  |fadd_32ns_32ns_32_2_full_dsp_1  |        0|   2|  177|  233|    0|
    |fadd_32ns_32ns_32_2_full_dsp_1_U1257  |fadd_32ns_32ns_32_2_full_dsp_1  |        0|   2|  177|  233|    0|
    |fadd_32ns_32ns_32_2_full_dsp_1_U1258  |fadd_32ns_32ns_32_2_full_dsp_1  |        0|   2|  177|  233|    0|
    |fadd_32ns_32ns_32_2_full_dsp_1_U1259  |fadd_32ns_32ns_32_2_full_dsp_1  |        0|   2|  177|  233|    0|
    |fadd_32ns_32ns_32_2_full_dsp_1_U1260  |fadd_32ns_32ns_32_2_full_dsp_1  |        0|   2|  177|  233|    0|
    |fadd_32ns_32ns_32_2_full_dsp_1_U1261  |fadd_32ns_32ns_32_2_full_dsp_1  |        0|   2|  177|  233|    0|
    |fadd_32ns_32ns_32_2_full_dsp_1_U1262  |fadd_32ns_32ns_32_2_full_dsp_1  |        0|   2|  177|  233|    0|
    |fadd_32ns_32ns_32_2_full_dsp_1_U1263  |fadd_32ns_32ns_32_2_full_dsp_1  |        0|   2|  177|  233|    0|
    |fadd_32ns_32ns_32_2_full_dsp_1_U1264  |fadd_32ns_32ns_32_2_full_dsp_1  |        0|   2|  177|  233|    0|
    |fadd_32ns_32ns_32_2_full_dsp_1_U1265  |fadd_32ns_32ns_32_2_full_dsp_1  |        0|   2|  177|  233|    0|
    |fadd_32ns_32ns_32_2_full_dsp_1_U1266  |fadd_32ns_32ns_32_2_full_dsp_1  |        0|   2|  177|  233|    0|
    |fadd_32ns_32ns_32_2_full_dsp_1_U1267  |fadd_32ns_32ns_32_2_full_dsp_1  |        0|   2|  177|  233|    0|
    |fadd_32ns_32ns_32_2_full_dsp_1_U1268  |fadd_32ns_32ns_32_2_full_dsp_1  |        0|   2|  177|  233|    0|
    |fadd_32ns_32ns_32_2_full_dsp_1_U1269  |fadd_32ns_32ns_32_2_full_dsp_1  |        0|   2|  177|  233|    0|
    |fadd_32ns_32ns_32_2_full_dsp_1_U1270  |fadd_32ns_32ns_32_2_full_dsp_1  |        0|   2|  177|  233|    0|
    +--------------------------------------+--------------------------------+---------+----+-----+-----+-----+
    |Total                                 |                                |        0| 128|11328|14912|    0|
    +--------------------------------------+--------------------------------+---------+----+-----+-----+-----+

    * DSP: 
    N/A

    * Memory: 
    N/A

    * FIFO: 
    N/A

    * Expression: 
    +------------------------------------+----------+----+---+----+------------+------------+
    |            Variable Name           | Operation| DSP| FF| LUT| Bitwidth P0| Bitwidth P1|
    +------------------------------------+----------+----+---+----+------------+------------+
    |h_2_fu_984_p2                       |         +|   0|  0|  39|          32|           1|
    |icmp_ln570_fu_978_p2                |      icmp|   0|  0|  39|          32|          32|
    |ap_block_pp0_stage0_01001           |        or|   0|  0|   2|           1|           1|
    |ap_block_state11_pp0_stage0_iter10  |        or|   0|  0|   2|           1|           1|
    |ap_block_state2_pp0_stage0_iter1    |        or|   0|  0|   2|           1|           1|
    |ap_enable_pp0                       |       xor|   0|  0|   2|           1|           2|
    +------------------------------------+----------+----+---+----+------------+------------+
    |Total                               |          |   0|  0|  86|          68|          38|
    +------------------------------------+----------+----+---+----+------------+------------+

    * Multiplexer: 
    +-------------------------+----+-----------+-----+-----------+
    |           Name          | LUT| Input Size| Bits| Total Bits|
    +-------------------------+----+-----------+-----+-----------+
    |ap_done_int              |   9|          2|    1|          2|
    |ap_enable_reg_pp0_iter1  |   9|          2|    1|          2|
    |ap_sig_allocacmp_h_1     |   9|          2|   32|         64|
    |fifo_CONV3_ACC_10_blk_n  |   9|          2|    1|          2|
    |fifo_CONV3_ACC_11_blk_n  |   9|          2|    1|          2|
    |fifo_CONV3_ACC_12_blk_n  |   9|          2|    1|          2|
    |fifo_CONV3_ACC_13_blk_n  |   9|          2|    1|          2|
    |fifo_CONV3_ACC_14_blk_n  |   9|          2|    1|          2|
    |fifo_CONV3_ACC_15_blk_n  |   9|          2|    1|          2|
    |fifo_CONV3_ACC_1_blk_n   |   9|          2|    1|          2|
    |fifo_CONV3_ACC_2_blk_n   |   9|          2|    1|          2|
    |fifo_CONV3_ACC_3_blk_n   |   9|          2|    1|          2|
    |fifo_CONV3_ACC_4_blk_n   |   9|          2|    1|          2|
    |fifo_CONV3_ACC_5_blk_n   |   9|          2|    1|          2|
    |fifo_CONV3_ACC_6_blk_n   |   9|          2|    1|          2|
    |fifo_CONV3_ACC_7_blk_n   |   9|          2|    1|          2|
    |fifo_CONV3_ACC_8_blk_n   |   9|          2|    1|          2|
    |fifo_CONV3_ACC_9_blk_n   |   9|          2|    1|          2|
    |fifo_CONV3_ACC_blk_n     |   9|          2|    1|          2|
    |fifo_SA_O_10_blk_n       |   9|          2|    1|          2|
    |fifo_SA_O_11_blk_n       |   9|          2|    1|          2|
    |fifo_SA_O_12_blk_n       |   9|          2|    1|          2|
    |fifo_SA_O_13_blk_n       |   9|          2|    1|          2|
    |fifo_SA_O_14_blk_n       |   9|          2|    1|          2|
    |fifo_SA_O_15_blk_n       |   9|          2|    1|          2|
    |fifo_SA_O_16_blk_n       |   9|          2|    1|          2|
    |fifo_SA_O_17_blk_n       |   9|          2|    1|          2|
    |fifo_SA_O_18_blk_n       |   9|          2|    1|          2|
    |fifo_SA_O_19_blk_n       |   9|          2|    1|          2|
    |fifo_SA_O_1_blk_n        |   9|          2|    1|          2|
    |fifo_SA_O_20_blk_n       |   9|          2|    1|          2|
    |fifo_SA_O_21_blk_n       |   9|          2|    1|          2|
    |fifo_SA_O_22_blk_n       |   9|          2|    1|          2|
    |fifo_SA_O_23_blk_n       |   9|          2|    1|          2|
    |fifo_SA_O_24_blk_n       |   9|          2|    1|          2|
    |fifo_SA_O_25_blk_n       |   9|          2|    1|          2|
    |fifo_SA_O_26_blk_n       |   9|          2|    1|          2|
    |fifo_SA_O_27_blk_n       |   9|          2|    1|          2|
    |fifo_SA_O_28_blk_n       |   9|          2|    1|          2|
    |fifo_SA_O_29_blk_n       |   9|          2|    1|          2|
    |fifo_SA_O_2_blk_n        |   9|          2|    1|          2|
    |fifo_SA_O_30_blk_n       |   9|          2|    1|          2|
    |fifo_SA_O_31_blk_n       |   9|          2|    1|          2|
    |fifo_SA_O_32_blk_n       |   9|          2|    1|          2|
    |fifo_SA_O_33_blk_n       |   9|          2|    1|          2|
    |fifo_SA_O_34_blk_n       |   9|          2|    1|          2|
    |fifo_SA_O_35_blk_n       |   9|          2|    1|          2|
    |fifo_SA_O_36_blk_n       |   9|          2|    1|          2|
    |fifo_SA_O_37_blk_n       |   9|          2|    1|          2|
    |fifo_SA_O_38_blk_n       |   9|          2|    1|          2|
    |fifo_SA_O_39_blk_n       |   9|          2|    1|          2|
    |fifo_SA_O_3_blk_n        |   9|          2|    1|          2|
    |fifo_SA_O_40_blk_n       |   9|          2|    1|          2|
    |fifo_SA_O_41_blk_n       |   9|          2|    1|          2|
    |fifo_SA_O_42_blk_n       |   9|          2|    1|          2|
    |fifo_SA_O_43_blk_n       |   9|          2|    1|          2|
    |fifo_SA_O_44_blk_n       |   9|          2|    1|          2|
    |fifo_SA_O_45_blk_n       |   9|          2|    1|          2|
    |fifo_SA_O_46_blk_n       |   9|          2|    1|          2|
    |fifo_SA_O_47_blk_n       |   9|          2|    1|          2|
    |fifo_SA_O_48_blk_n       |   9|          2|    1|          2|
    |fifo_SA_O_49_blk_n       |   9|          2|    1|          2|
    |fifo_SA_O_4_blk_n        |   9|          2|    1|          2|
    |fifo_SA_O_50_blk_n       |   9|          2|    1|          2|
    |fifo_SA_O_51_blk_n       |   9|          2|    1|          2|
    |fifo_SA_O_52_blk_n       |   9|          2|    1|          2|
    |fifo_SA_O_53_blk_n       |   9|          2|    1|          2|
    |fifo_SA_O_54_blk_n       |   9|          2|    1|          2|
    |fifo_SA_O_55_blk_n       |   9|          2|    1|          2|
    |fifo_SA_O_56_blk_n       |   9|          2|    1|          2|
    |fifo_SA_O_57_blk_n       |   9|          2|    1|          2|
    |fifo_SA_O_58_blk_n       |   9|          2|    1|          2|
    |fifo_SA_O_59_blk_n       |   9|          2|    1|          2|
    |fifo_SA_O_5_blk_n        |   9|          2|    1|          2|
    |fifo_SA_O_60_blk_n       |   9|          2|    1|          2|
    |fifo_SA_O_61_blk_n       |   9|          2|    1|          2|
    |fifo_SA_O_62_blk_n       |   9|          2|    1|          2|
    |fifo_SA_O_63_blk_n       |   9|          2|    1|          2|
    |fifo_SA_O_6_blk_n        |   9|          2|    1|          2|
    |fifo_SA_O_7_blk_n        |   9|          2|    1|          2|
    |fifo_SA_O_8_blk_n        |   9|          2|    1|          2|
    |fifo_SA_O_9_blk_n        |   9|          2|    1|          2|
    |fifo_SA_O_blk_n          |   9|          2|    1|          2|
    |h_fu_192                 |   9|          2|   32|         64|
    +-------------------------+----+-----------+-----+-----------+
    |Total                    | 756|        168|  146|        292|
    +-------------------------+----+-----------+-----+-----------+

    * Register: 
    +----------------------------------+----+----+-----+-----------+
    |               Name               | FF | LUT| Bits| Const Bits|
    +----------------------------------+----+----+-----+-----------+
    |ap_CS_fsm                         |   1|   0|    1|          0|
    |ap_done_reg                       |   1|   0|    1|          0|
    |ap_enable_reg_pp0_iter1           |   1|   0|    1|          0|
    |ap_enable_reg_pp0_iter10          |   1|   0|    1|          0|
    |ap_enable_reg_pp0_iter2           |   1|   0|    1|          0|
    |ap_enable_reg_pp0_iter3           |   1|   0|    1|          0|
    |ap_enable_reg_pp0_iter4           |   1|   0|    1|          0|
    |ap_enable_reg_pp0_iter5           |   1|   0|    1|          0|
    |ap_enable_reg_pp0_iter6           |   1|   0|    1|          0|
    |ap_enable_reg_pp0_iter7           |   1|   0|    1|          0|
    |ap_enable_reg_pp0_iter8           |   1|   0|    1|          0|
    |ap_enable_reg_pp0_iter9           |   1|   0|    1|          0|
    |ap_loop_exit_ready_pp0_iter1_reg  |   1|   0|    1|          0|
    |ap_loop_exit_ready_pp0_iter2_reg  |   1|   0|    1|          0|
    |ap_loop_exit_ready_pp0_iter3_reg  |   1|   0|    1|          0|
    |ap_loop_exit_ready_pp0_iter4_reg  |   1|   0|    1|          0|
    |ap_loop_exit_ready_pp0_iter5_reg  |   1|   0|    1|          0|
    |ap_loop_exit_ready_pp0_iter6_reg  |   1|   0|    1|          0|
    |ap_loop_exit_ready_pp0_iter7_reg  |   1|   0|    1|          0|
    |ap_loop_exit_ready_pp0_iter8_reg  |   1|   0|    1|          0|
    |ap_loop_exit_ready_pp0_iter9_reg  |   1|   0|    1|          0|
    |fifo_SA_O_10_read_reg_1526        |  32|   0|   32|          0|
    |fifo_SA_O_11_read_reg_1546        |  32|   0|   32|          0|
    |fifo_SA_O_12_read_reg_1566        |  32|   0|   32|          0|
    |fifo_SA_O_13_read_reg_1586        |  32|   0|   32|          0|
    |fifo_SA_O_14_read_reg_1606        |  32|   0|   32|          0|
    |fifo_SA_O_15_read_reg_1626        |  32|   0|   32|          0|
    |fifo_SA_O_16_read_reg_1331        |  32|   0|   32|          0|
    |fifo_SA_O_17_read_reg_1351        |  32|   0|   32|          0|
    |fifo_SA_O_18_read_reg_1371        |  32|   0|   32|          0|
    |fifo_SA_O_19_read_reg_1391        |  32|   0|   32|          0|
    |fifo_SA_O_1_read_reg_1346         |  32|   0|   32|          0|
    |fifo_SA_O_20_read_reg_1411        |  32|   0|   32|          0|
    |fifo_SA_O_21_read_reg_1431        |  32|   0|   32|          0|
    |fifo_SA_O_22_read_reg_1451        |  32|   0|   32|          0|
    |fifo_SA_O_23_read_reg_1471        |  32|   0|   32|          0|
    |fifo_SA_O_24_read_reg_1491        |  32|   0|   32|          0|
    |fifo_SA_O_25_read_reg_1511        |  32|   0|   32|          0|
    |fifo_SA_O_26_read_reg_1531        |  32|   0|   32|          0|
    |fifo_SA_O_27_read_reg_1551        |  32|   0|   32|          0|
    |fifo_SA_O_28_read_reg_1571        |  32|   0|   32|          0|
    |fifo_SA_O_29_read_reg_1591        |  32|   0|   32|          0|
    |fifo_SA_O_2_read_reg_1366         |  32|   0|   32|          0|
    |fifo_SA_O_30_read_reg_1611        |  32|   0|   32|          0|
    |fifo_SA_O_31_read_reg_1631        |  32|   0|   32|          0|
    |fifo_SA_O_32_read_reg_1336        |  32|   0|   32|          0|
    |fifo_SA_O_33_read_reg_1356        |  32|   0|   32|          0|
    |fifo_SA_O_34_read_reg_1376        |  32|   0|   32|          0|
    |fifo_SA_O_35_read_reg_1396        |  32|   0|   32|          0|
    |fifo_SA_O_36_read_reg_1416        |  32|   0|   32|          0|
    |fifo_SA_O_37_read_reg_1436        |  32|   0|   32|          0|
    |fifo_SA_O_38_read_reg_1456        |  32|   0|   32|          0|
    |fifo_SA_O_39_read_reg_1476        |  32|   0|   32|          0|
    |fifo_SA_O_3_read_reg_1386         |  32|   0|   32|          0|
    |fifo_SA_O_40_read_reg_1496        |  32|   0|   32|          0|
    |fifo_SA_O_41_read_reg_1516        |  32|   0|   32|          0|
    |fifo_SA_O_42_read_reg_1536        |  32|   0|   32|          0|
    |fifo_SA_O_43_read_reg_1556        |  32|   0|   32|          0|
    |fifo_SA_O_44_read_reg_1576        |  32|   0|   32|          0|
    |fifo_SA_O_45_read_reg_1596        |  32|   0|   32|          0|
    |fifo_SA_O_46_read_reg_1616        |  32|   0|   32|          0|
    |fifo_SA_O_47_read_reg_1636        |  32|   0|   32|          0|
    |fifo_SA_O_48_read_reg_1341        |  32|   0|   32|          0|
    |fifo_SA_O_49_read_reg_1361        |  32|   0|   32|          0|
    |fifo_SA_O_4_read_reg_1406         |  32|   0|   32|          0|
    |fifo_SA_O_50_read_reg_1381        |  32|   0|   32|          0|
    |fifo_SA_O_51_read_reg_1401        |  32|   0|   32|          0|
    |fifo_SA_O_52_read_reg_1421        |  32|   0|   32|          0|
    |fifo_SA_O_53_read_reg_1441        |  32|   0|   32|          0|
    |fifo_SA_O_54_read_reg_1461        |  32|   0|   32|          0|
    |fifo_SA_O_55_read_reg_1481        |  32|   0|   32|          0|
    |fifo_SA_O_56_read_reg_1501        |  32|   0|   32|          0|
    |fifo_SA_O_57_read_reg_1521        |  32|   0|   32|          0|
    |fifo_SA_O_58_read_reg_1541        |  32|   0|   32|          0|
    |fifo_SA_O_59_read_reg_1561        |  32|   0|   32|          0|
    |fifo_SA_O_5_read_reg_1426         |  32|   0|   32|          0|
    |fifo_SA_O_60_read_reg_1581        |  32|   0|   32|          0|
    |fifo_SA_O_61_read_reg_1601        |  32|   0|   32|          0|
    |fifo_SA_O_62_read_reg_1621        |  32|   0|   32|          0|
    |fifo_SA_O_63_read_reg_1641        |  32|   0|   32|          0|
    |fifo_SA_O_6_read_reg_1446         |  32|   0|   32|          0|
    |fifo_SA_O_7_read_reg_1466         |  32|   0|   32|          0|
    |fifo_SA_O_8_read_reg_1486         |  32|   0|   32|          0|
    |fifo_SA_O_9_read_reg_1506         |  32|   0|   32|          0|
    |fifo_SA_O_read_reg_1326           |  32|   0|   32|          0|
    |h_fu_192                          |  32|   0|   32|          0|
    |psum_10_reg_2056                  |  32|   0|   32|          0|
    |psum_11_reg_2216                  |  32|   0|   32|          0|
    |psum_12_reg_1741                  |  32|   0|   32|          0|
    |psum_13_reg_1901                  |  32|   0|   32|          0|
    |psum_14_reg_2061                  |  32|   0|   32|          0|
    |psum_15_reg_2221                  |  32|   0|   32|          0|
    |psum_16_reg_1746                  |  32|   0|   32|          0|
    |psum_17_reg_1906                  |  32|   0|   32|          0|
    |psum_18_reg_2066                  |  32|   0|   32|          0|
    |psum_19_reg_2226                  |  32|   0|   32|          0|
    |psum_1_reg_1886                   |  32|   0|   32|          0|
    |psum_20_reg_1751                  |  32|   0|   32|          0|
    |psum_21_reg_1911                  |  32|   0|   32|          0|
    |psum_22_reg_2071                  |  32|   0|   32|          0|
    |psum_23_reg_2231                  |  32|   0|   32|          0|
    |psum_24_reg_1756                  |  32|   0|   32|          0|
    |psum_25_reg_1916                  |  32|   0|   32|          0|
    |psum_26_reg_2076                  |  32|   0|   32|          0|
    |psum_27_reg_2236                  |  32|   0|   32|          0|
    |psum_28_reg_1761                  |  32|   0|   32|          0|
    |psum_29_reg_1921                  |  32|   0|   32|          0|
    |psum_2_reg_2046                   |  32|   0|   32|          0|
    |psum_30_reg_2081                  |  32|   0|   32|          0|
    |psum_31_reg_2241                  |  32|   0|   32|          0|
    |psum_32_reg_1766                  |  32|   0|   32|          0|
    |psum_33_reg_1926                  |  32|   0|   32|          0|
    |psum_34_reg_2086                  |  32|   0|   32|          0|
    |psum_35_reg_2246                  |  32|   0|   32|          0|
    |psum_36_reg_1771                  |  32|   0|   32|          0|
    |psum_37_reg_1931                  |  32|   0|   32|          0|
    |psum_38_reg_2091                  |  32|   0|   32|          0|
    |psum_39_reg_2251                  |  32|   0|   32|          0|
    |psum_3_reg_2206                   |  32|   0|   32|          0|
    |psum_40_reg_1776                  |  32|   0|   32|          0|
    |psum_41_reg_1936                  |  32|   0|   32|          0|
    |psum_42_reg_2096                  |  32|   0|   32|          0|
    |psum_43_reg_2256                  |  32|   0|   32|          0|
    |psum_44_reg_1781                  |  32|   0|   32|          0|
    |psum_45_reg_1941                  |  32|   0|   32|          0|
    |psum_46_reg_2101                  |  32|   0|   32|          0|
    |psum_47_reg_2261                  |  32|   0|   32|          0|
    |psum_48_reg_1786                  |  32|   0|   32|          0|
    |psum_49_reg_1946                  |  32|   0|   32|          0|
    |psum_4_reg_1731                   |  32|   0|   32|          0|
    |psum_50_reg_2106                  |  32|   0|   32|          0|
    |psum_51_reg_2266                  |  32|   0|   32|          0|
    |psum_52_reg_1791                  |  32|   0|   32|          0|
    |psum_53_reg_1951                  |  32|   0|   32|          0|
    |psum_54_reg_2111                  |  32|   0|   32|          0|
    |psum_55_reg_2271                  |  32|   0|   32|          0|
    |psum_56_reg_1796                  |  32|   0|   32|          0|
    |psum_57_reg_1956                  |  32|   0|   32|          0|
    |psum_58_reg_2116                  |  32|   0|   32|          0|
    |psum_59_reg_2276                  |  32|   0|   32|          0|
    |psum_5_reg_1891                   |  32|   0|   32|          0|
    |psum_60_reg_1801                  |  32|   0|   32|          0|
    |psum_61_reg_1961                  |  32|   0|   32|          0|
    |psum_62_reg_2121                  |  32|   0|   32|          0|
    |psum_63_reg_2281                  |  32|   0|   32|          0|
    |psum_6_reg_2051                   |  32|   0|   32|          0|
    |psum_7_reg_2211                   |  32|   0|   32|          0|
    |psum_8_reg_1736                   |  32|   0|   32|          0|
    |psum_9_reg_1896                   |  32|   0|   32|          0|
    |psum_reg_1726                     |  32|   0|   32|          0|
    |fifo_SA_O_16_read_reg_1331        |  64|  32|   32|          0|
    |fifo_SA_O_17_read_reg_1351        |  64|  32|   32|          0|
    |fifo_SA_O_18_read_reg_1371        |  64|  32|   32|          0|
    |fifo_SA_O_19_read_reg_1391        |  64|  32|   32|          0|
    |fifo_SA_O_20_read_reg_1411        |  64|  32|   32|          0|
    |fifo_SA_O_21_read_reg_1431        |  64|  32|   32|          0|
    |fifo_SA_O_22_read_reg_1451        |  64|  32|   32|          0|
    |fifo_SA_O_23_read_reg_1471        |  64|  32|   32|          0|
    |fifo_SA_O_24_read_reg_1491        |  64|  32|   32|          0|
    |fifo_SA_O_25_read_reg_1511        |  64|  32|   32|          0|
    |fifo_SA_O_26_read_reg_1531        |  64|  32|   32|          0|
    |fifo_SA_O_27_read_reg_1551        |  64|  32|   32|          0|
    |fifo_SA_O_28_read_reg_1571        |  64|  32|   32|          0|
    |fifo_SA_O_29_read_reg_1591        |  64|  32|   32|          0|
    |fifo_SA_O_30_read_reg_1611        |  64|  32|   32|          0|
    |fifo_SA_O_31_read_reg_1631        |  64|  32|   32|          0|
    |fifo_SA_O_32_read_reg_1336        |  64|  32|   32|          0|
    |fifo_SA_O_33_read_reg_1356        |  64|  32|   32|          0|
    |fifo_SA_O_34_read_reg_1376        |  64|  32|   32|          0|
    |fifo_SA_O_35_read_reg_1396        |  64|  32|   32|          0|
    |fifo_SA_O_36_read_reg_1416        |  64|  32|   32|          0|
    |fifo_SA_O_37_read_reg_1436        |  64|  32|   32|          0|
    |fifo_SA_O_38_read_reg_1456        |  64|  32|   32|          0|
    |fifo_SA_O_39_read_reg_1476        |  64|  32|   32|          0|
    |fifo_SA_O_40_read_reg_1496        |  64|  32|   32|          0|
    |fifo_SA_O_41_read_reg_1516        |  64|  32|   32|          0|
    |fifo_SA_O_42_read_reg_1536        |  64|  32|   32|          0|
    |fifo_SA_O_43_read_reg_1556        |  64|  32|   32|          0|
    |fifo_SA_O_44_read_reg_1576        |  64|  32|   32|          0|
    |fifo_SA_O_45_read_reg_1596        |  64|  32|   32|          0|
    |fifo_SA_O_46_read_reg_1616        |  64|  32|   32|          0|
    |fifo_SA_O_47_read_reg_1636        |  64|  32|   32|          0|
    |fifo_SA_O_48_read_reg_1341        |  64|  32|   32|          0|
    |fifo_SA_O_49_read_reg_1361        |  64|  32|   32|          0|
    |fifo_SA_O_50_read_reg_1381        |  64|  32|   32|          0|
    |fifo_SA_O_51_read_reg_1401        |  64|  32|   32|          0|
    |fifo_SA_O_52_read_reg_1421        |  64|  32|   32|          0|
    |fifo_SA_O_53_read_reg_1441        |  64|  32|   32|          0|
    |fifo_SA_O_54_read_reg_1461        |  64|  32|   32|          0|
    |fifo_SA_O_55_read_reg_1481        |  64|  32|   32|          0|
    |fifo_SA_O_56_read_reg_1501        |  64|  32|   32|          0|
    |fifo_SA_O_57_read_reg_1521        |  64|  32|   32|          0|
    |fifo_SA_O_58_read_reg_1541        |  64|  32|   32|          0|
    |fifo_SA_O_59_read_reg_1561        |  64|  32|   32|          0|
    |fifo_SA_O_60_read_reg_1581        |  64|  32|   32|          0|
    |fifo_SA_O_61_read_reg_1601        |  64|  32|   32|          0|
    |fifo_SA_O_62_read_reg_1621        |  64|  32|   32|          0|
    |fifo_SA_O_63_read_reg_1641        |  64|  32|   32|          0|
    +----------------------------------+----+----+-----+-----------+
    |Total                             |7221|1536| 5685|          0|
    +----------------------------------+----+----+-----+-----------+



================================================================
== Interface
================================================================
* Summary: 
+----------------------------------+-----+-----+------------+----------------------------------------------+--------------+
|             RTL Ports            | Dir | Bits|  Protocol  |                 Source Object                |    C Type    |
+----------------------------------+-----+-----+------------+----------------------------------------------+--------------+
|ap_clk                            |   in|    1|  ap_ctrl_hs|  ConvertToOutStream_Pipeline_VITIS_LOOP_570_1|  return value|
|ap_rst                            |   in|    1|  ap_ctrl_hs|  ConvertToOutStream_Pipeline_VITIS_LOOP_570_1|  return value|
|ap_start                          |   in|    1|  ap_ctrl_hs|  ConvertToOutStream_Pipeline_VITIS_LOOP_570_1|  return value|
|ap_done                           |  out|    1|  ap_ctrl_hs|  ConvertToOutStream_Pipeline_VITIS_LOOP_570_1|  return value|
|ap_idle                           |  out|    1|  ap_ctrl_hs|  ConvertToOutStream_Pipeline_VITIS_LOOP_570_1|  return value|
|ap_ready                          |  out|    1|  ap_ctrl_hs|  ConvertToOutStream_Pipeline_VITIS_LOOP_570_1|  return value|
|fifo_SA_O_dout                    |   in|   32|     ap_fifo|                                     fifo_SA_O|       pointer|
|fifo_SA_O_num_data_valid          |   in|    5|     ap_fifo|                                     fifo_SA_O|       pointer|
|fifo_SA_O_fifo_cap                |   in|    5|     ap_fifo|                                     fifo_SA_O|       pointer|
|fifo_SA_O_empty_n                 |   in|    1|     ap_fifo|                                     fifo_SA_O|       pointer|
|fifo_SA_O_read                    |  out|    1|     ap_fifo|                                     fifo_SA_O|       pointer|
|fifo_SA_O_16_dout                 |   in|   32|     ap_fifo|                                  fifo_SA_O_16|       pointer|
|fifo_SA_O_16_num_data_valid       |   in|    5|     ap_fifo|                                  fifo_SA_O_16|       pointer|
|fifo_SA_O_16_fifo_cap             |   in|    5|     ap_fifo|                                  fifo_SA_O_16|       pointer|
|fifo_SA_O_16_empty_n              |   in|    1|     ap_fifo|                                  fifo_SA_O_16|       pointer|
|fifo_SA_O_16_read                 |  out|    1|     ap_fifo|                                  fifo_SA_O_16|       pointer|
|fifo_SA_O_32_dout                 |   in|   32|     ap_fifo|                                  fifo_SA_O_32|       pointer|
|fifo_SA_O_32_num_data_valid       |   in|    5|     ap_fifo|                                  fifo_SA_O_32|       pointer|
|fifo_SA_O_32_fifo_cap             |   in|    5|     ap_fifo|                                  fifo_SA_O_32|       pointer|
|fifo_SA_O_32_empty_n              |   in|    1|     ap_fifo|                                  fifo_SA_O_32|       pointer|
|fifo_SA_O_32_read                 |  out|    1|     ap_fifo|                                  fifo_SA_O_32|       pointer|
|fifo_SA_O_48_dout                 |   in|   32|     ap_fifo|                                  fifo_SA_O_48|       pointer|
|fifo_SA_O_48_num_data_valid       |   in|    5|     ap_fifo|                                  fifo_SA_O_48|       pointer|
|fifo_SA_O_48_fifo_cap             |   in|    5|     ap_fifo|                                  fifo_SA_O_48|       pointer|
|fifo_SA_O_48_empty_n              |   in|    1|     ap_fifo|                                  fifo_SA_O_48|       pointer|
|fifo_SA_O_48_read                 |  out|    1|     ap_fifo|                                  fifo_SA_O_48|       pointer|
|fifo_SA_O_1_dout                  |   in|   32|     ap_fifo|                                   fifo_SA_O_1|       pointer|
|fifo_SA_O_1_num_data_valid        |   in|    5|     ap_fifo|                                   fifo_SA_O_1|       pointer|
|fifo_SA_O_1_fifo_cap              |   in|    5|     ap_fifo|                                   fifo_SA_O_1|       pointer|
|fifo_SA_O_1_empty_n               |   in|    1|     ap_fifo|                                   fifo_SA_O_1|       pointer|
|fifo_SA_O_1_read                  |  out|    1|     ap_fifo|                                   fifo_SA_O_1|       pointer|
|fifo_SA_O_17_dout                 |   in|   32|     ap_fifo|                                  fifo_SA_O_17|       pointer|
|fifo_SA_O_17_num_data_valid       |   in|    5|     ap_fifo|                                  fifo_SA_O_17|       pointer|
|fifo_SA_O_17_fifo_cap             |   in|    5|     ap_fifo|                                  fifo_SA_O_17|       pointer|
|fifo_SA_O_17_empty_n              |   in|    1|     ap_fifo|                                  fifo_SA_O_17|       pointer|
|fifo_SA_O_17_read                 |  out|    1|     ap_fifo|                                  fifo_SA_O_17|       pointer|
|fifo_SA_O_33_dout                 |   in|   32|     ap_fifo|                                  fifo_SA_O_33|       pointer|
|fifo_SA_O_33_num_data_valid       |   in|    5|     ap_fifo|                                  fifo_SA_O_33|       pointer|
|fifo_SA_O_33_fifo_cap             |   in|    5|     ap_fifo|                                  fifo_SA_O_33|       pointer|
|fifo_SA_O_33_empty_n              |   in|    1|     ap_fifo|                                  fifo_SA_O_33|       pointer|
|fifo_SA_O_33_read                 |  out|    1|     ap_fifo|                                  fifo_SA_O_33|       pointer|
|fifo_SA_O_49_dout                 |   in|   32|     ap_fifo|                                  fifo_SA_O_49|       pointer|
|fifo_SA_O_49_num_data_valid       |   in|    5|     ap_fifo|                                  fifo_SA_O_49|       pointer|
|fifo_SA_O_49_fifo_cap             |   in|    5|     ap_fifo|                                  fifo_SA_O_49|       pointer|
|fifo_SA_O_49_empty_n              |   in|    1|     ap_fifo|                                  fifo_SA_O_49|       pointer|
|fifo_SA_O_49_read                 |  out|    1|     ap_fifo|                                  fifo_SA_O_49|       pointer|
|fifo_SA_O_2_dout                  |   in|   32|     ap_fifo|                                   fifo_SA_O_2|       pointer|
|fifo_SA_O_2_num_data_valid        |   in|    5|     ap_fifo|                                   fifo_SA_O_2|       pointer|
|fifo_SA_O_2_fifo_cap              |   in|    5|     ap_fifo|                                   fifo_SA_O_2|       pointer|
|fifo_SA_O_2_empty_n               |   in|    1|     ap_fifo|                                   fifo_SA_O_2|       pointer|
|fifo_SA_O_2_read                  |  out|    1|     ap_fifo|                                   fifo_SA_O_2|       pointer|
|fifo_SA_O_18_dout                 |   in|   32|     ap_fifo|                                  fifo_SA_O_18|       pointer|
|fifo_SA_O_18_num_data_valid       |   in|    5|     ap_fifo|                                  fifo_SA_O_18|       pointer|
|fifo_SA_O_18_fifo_cap             |   in|    5|     ap_fifo|                                  fifo_SA_O_18|       pointer|
|fifo_SA_O_18_empty_n              |   in|    1|     ap_fifo|                                  fifo_SA_O_18|       pointer|
|fifo_SA_O_18_read                 |  out|    1|     ap_fifo|                                  fifo_SA_O_18|       pointer|
|fifo_SA_O_34_dout                 |   in|   32|     ap_fifo|                                  fifo_SA_O_34|       pointer|
|fifo_SA_O_34_num_data_valid       |   in|    5|     ap_fifo|                                  fifo_SA_O_34|       pointer|
|fifo_SA_O_34_fifo_cap             |   in|    5|     ap_fifo|                                  fifo_SA_O_34|       pointer|
|fifo_SA_O_34_empty_n              |   in|    1|     ap_fifo|                                  fifo_SA_O_34|       pointer|
|fifo_SA_O_34_read                 |  out|    1|     ap_fifo|                                  fifo_SA_O_34|       pointer|
|fifo_SA_O_50_dout                 |   in|   32|     ap_fifo|                                  fifo_SA_O_50|       pointer|
|fifo_SA_O_50_num_data_valid       |   in|    5|     ap_fifo|                                  fifo_SA_O_50|       pointer|
|fifo_SA_O_50_fifo_cap             |   in|    5|     ap_fifo|                                  fifo_SA_O_50|       pointer|
|fifo_SA_O_50_empty_n              |   in|    1|     ap_fifo|                                  fifo_SA_O_50|       pointer|
|fifo_SA_O_50_read                 |  out|    1|     ap_fifo|                                  fifo_SA_O_50|       pointer|
|fifo_SA_O_3_dout                  |   in|   32|     ap_fifo|                                   fifo_SA_O_3|       pointer|
|fifo_SA_O_3_num_data_valid        |   in|    5|     ap_fifo|                                   fifo_SA_O_3|       pointer|
|fifo_SA_O_3_fifo_cap              |   in|    5|     ap_fifo|                                   fifo_SA_O_3|       pointer|
|fifo_SA_O_3_empty_n               |   in|    1|     ap_fifo|                                   fifo_SA_O_3|       pointer|
|fifo_SA_O_3_read                  |  out|    1|     ap_fifo|                                   fifo_SA_O_3|       pointer|
|fifo_SA_O_19_dout                 |   in|   32|     ap_fifo|                                  fifo_SA_O_19|       pointer|
|fifo_SA_O_19_num_data_valid       |   in|    5|     ap_fifo|                                  fifo_SA_O_19|       pointer|
|fifo_SA_O_19_fifo_cap             |   in|    5|     ap_fifo|                                  fifo_SA_O_19|       pointer|
|fifo_SA_O_19_empty_n              |   in|    1|     ap_fifo|                                  fifo_SA_O_19|       pointer|
|fifo_SA_O_19_read                 |  out|    1|     ap_fifo|                                  fifo_SA_O_19|       pointer|
|fifo_SA_O_35_dout                 |   in|   32|     ap_fifo|                                  fifo_SA_O_35|       pointer|
|fifo_SA_O_35_num_data_valid       |   in|    5|     ap_fifo|                                  fifo_SA_O_35|       pointer|
|fifo_SA_O_35_fifo_cap             |   in|    5|     ap_fifo|                                  fifo_SA_O_35|       pointer|
|fifo_SA_O_35_empty_n              |   in|    1|     ap_fifo|                                  fifo_SA_O_35|       pointer|
|fifo_SA_O_35_read                 |  out|    1|     ap_fifo|                                  fifo_SA_O_35|       pointer|
|fifo_SA_O_51_dout                 |   in|   32|     ap_fifo|                                  fifo_SA_O_51|       pointer|
|fifo_SA_O_51_num_data_valid       |   in|    5|     ap_fifo|                                  fifo_SA_O_51|       pointer|
|fifo_SA_O_51_fifo_cap             |   in|    5|     ap_fifo|                                  fifo_SA_O_51|       pointer|
|fifo_SA_O_51_empty_n              |   in|    1|     ap_fifo|                                  fifo_SA_O_51|       pointer|
|fifo_SA_O_51_read                 |  out|    1|     ap_fifo|                                  fifo_SA_O_51|       pointer|
|fifo_SA_O_4_dout                  |   in|   32|     ap_fifo|                                   fifo_SA_O_4|       pointer|
|fifo_SA_O_4_num_data_valid        |   in|    5|     ap_fifo|                                   fifo_SA_O_4|       pointer|
|fifo_SA_O_4_fifo_cap              |   in|    5|     ap_fifo|                                   fifo_SA_O_4|       pointer|
|fifo_SA_O_4_empty_n               |   in|    1|     ap_fifo|                                   fifo_SA_O_4|       pointer|
|fifo_SA_O_4_read                  |  out|    1|     ap_fifo|                                   fifo_SA_O_4|       pointer|
|fifo_SA_O_20_dout                 |   in|   32|     ap_fifo|                                  fifo_SA_O_20|       pointer|
|fifo_SA_O_20_num_data_valid       |   in|    5|     ap_fifo|                                  fifo_SA_O_20|       pointer|
|fifo_SA_O_20_fifo_cap             |   in|    5|     ap_fifo|                                  fifo_SA_O_20|       pointer|
|fifo_SA_O_20_empty_n              |   in|    1|     ap_fifo|                                  fifo_SA_O_20|       pointer|
|fifo_SA_O_20_read                 |  out|    1|     ap_fifo|                                  fifo_SA_O_20|       pointer|
|fifo_SA_O_36_dout                 |   in|   32|     ap_fifo|                                  fifo_SA_O_36|       pointer|
|fifo_SA_O_36_num_data_valid       |   in|    5|     ap_fifo|                                  fifo_SA_O_36|       pointer|
|fifo_SA_O_36_fifo_cap             |   in|    5|     ap_fifo|                                  fifo_SA_O_36|       pointer|
|fifo_SA_O_36_empty_n              |   in|    1|     ap_fifo|                                  fifo_SA_O_36|       pointer|
|fifo_SA_O_36_read                 |  out|    1|     ap_fifo|                                  fifo_SA_O_36|       pointer|
|fifo_SA_O_52_dout                 |   in|   32|     ap_fifo|                                  fifo_SA_O_52|       pointer|
|fifo_SA_O_52_num_data_valid       |   in|    5|     ap_fifo|                                  fifo_SA_O_52|       pointer|
|fifo_SA_O_52_fifo_cap             |   in|    5|     ap_fifo|                                  fifo_SA_O_52|       pointer|
|fifo_SA_O_52_empty_n              |   in|    1|     ap_fifo|                                  fifo_SA_O_52|       pointer|
|fifo_SA_O_52_read                 |  out|    1|     ap_fifo|                                  fifo_SA_O_52|       pointer|
|fifo_SA_O_5_dout                  |   in|   32|     ap_fifo|                                   fifo_SA_O_5|       pointer|
|fifo_SA_O_5_num_data_valid        |   in|    5|     ap_fifo|                                   fifo_SA_O_5|       pointer|
|fifo_SA_O_5_fifo_cap              |   in|    5|     ap_fifo|                                   fifo_SA_O_5|       pointer|
|fifo_SA_O_5_empty_n               |   in|    1|     ap_fifo|                                   fifo_SA_O_5|       pointer|
|fifo_SA_O_5_read                  |  out|    1|     ap_fifo|                                   fifo_SA_O_5|       pointer|
|fifo_SA_O_21_dout                 |   in|   32|     ap_fifo|                                  fifo_SA_O_21|       pointer|
|fifo_SA_O_21_num_data_valid       |   in|    5|     ap_fifo|                                  fifo_SA_O_21|       pointer|
|fifo_SA_O_21_fifo_cap             |   in|    5|     ap_fifo|                                  fifo_SA_O_21|       pointer|
|fifo_SA_O_21_empty_n              |   in|    1|     ap_fifo|                                  fifo_SA_O_21|       pointer|
|fifo_SA_O_21_read                 |  out|    1|     ap_fifo|                                  fifo_SA_O_21|       pointer|
|fifo_SA_O_37_dout                 |   in|   32|     ap_fifo|                                  fifo_SA_O_37|       pointer|
|fifo_SA_O_37_num_data_valid       |   in|    5|     ap_fifo|                                  fifo_SA_O_37|       pointer|
|fifo_SA_O_37_fifo_cap             |   in|    5|     ap_fifo|                                  fifo_SA_O_37|       pointer|
|fifo_SA_O_37_empty_n              |   in|    1|     ap_fifo|                                  fifo_SA_O_37|       pointer|
|fifo_SA_O_37_read                 |  out|    1|     ap_fifo|                                  fifo_SA_O_37|       pointer|
|fifo_SA_O_53_dout                 |   in|   32|     ap_fifo|                                  fifo_SA_O_53|       pointer|
|fifo_SA_O_53_num_data_valid       |   in|    5|     ap_fifo|                                  fifo_SA_O_53|       pointer|
|fifo_SA_O_53_fifo_cap             |   in|    5|     ap_fifo|                                  fifo_SA_O_53|       pointer|
|fifo_SA_O_53_empty_n              |   in|    1|     ap_fifo|                                  fifo_SA_O_53|       pointer|
|fifo_SA_O_53_read                 |  out|    1|     ap_fifo|                                  fifo_SA_O_53|       pointer|
|fifo_SA_O_6_dout                  |   in|   32|     ap_fifo|                                   fifo_SA_O_6|       pointer|
|fifo_SA_O_6_num_data_valid        |   in|    5|     ap_fifo|                                   fifo_SA_O_6|       pointer|
|fifo_SA_O_6_fifo_cap              |   in|    5|     ap_fifo|                                   fifo_SA_O_6|       pointer|
|fifo_SA_O_6_empty_n               |   in|    1|     ap_fifo|                                   fifo_SA_O_6|       pointer|
|fifo_SA_O_6_read                  |  out|    1|     ap_fifo|                                   fifo_SA_O_6|       pointer|
|fifo_SA_O_22_dout                 |   in|   32|     ap_fifo|                                  fifo_SA_O_22|       pointer|
|fifo_SA_O_22_num_data_valid       |   in|    5|     ap_fifo|                                  fifo_SA_O_22|       pointer|
|fifo_SA_O_22_fifo_cap             |   in|    5|     ap_fifo|                                  fifo_SA_O_22|       pointer|
|fifo_SA_O_22_empty_n              |   in|    1|     ap_fifo|                                  fifo_SA_O_22|       pointer|
|fifo_SA_O_22_read                 |  out|    1|     ap_fifo|                                  fifo_SA_O_22|       pointer|
|fifo_SA_O_38_dout                 |   in|   32|     ap_fifo|                                  fifo_SA_O_38|       pointer|
|fifo_SA_O_38_num_data_valid       |   in|    5|     ap_fifo|                                  fifo_SA_O_38|       pointer|
|fifo_SA_O_38_fifo_cap             |   in|    5|     ap_fifo|                                  fifo_SA_O_38|       pointer|
|fifo_SA_O_38_empty_n              |   in|    1|     ap_fifo|                                  fifo_SA_O_38|       pointer|
|fifo_SA_O_38_read                 |  out|    1|     ap_fifo|                                  fifo_SA_O_38|       pointer|
|fifo_SA_O_54_dout                 |   in|   32|     ap_fifo|                                  fifo_SA_O_54|       pointer|
|fifo_SA_O_54_num_data_valid       |   in|    5|     ap_fifo|                                  fifo_SA_O_54|       pointer|
|fifo_SA_O_54_fifo_cap             |   in|    5|     ap_fifo|                                  fifo_SA_O_54|       pointer|
|fifo_SA_O_54_empty_n              |   in|    1|     ap_fifo|                                  fifo_SA_O_54|       pointer|
|fifo_SA_O_54_read                 |  out|    1|     ap_fifo|                                  fifo_SA_O_54|       pointer|
|fifo_SA_O_7_dout                  |   in|   32|     ap_fifo|                                   fifo_SA_O_7|       pointer|
|fifo_SA_O_7_num_data_valid        |   in|    5|     ap_fifo|                                   fifo_SA_O_7|       pointer|
|fifo_SA_O_7_fifo_cap              |   in|    5|     ap_fifo|                                   fifo_SA_O_7|       pointer|
|fifo_SA_O_7_empty_n               |   in|    1|     ap_fifo|                                   fifo_SA_O_7|       pointer|
|fifo_SA_O_7_read                  |  out|    1|     ap_fifo|                                   fifo_SA_O_7|       pointer|
|fifo_SA_O_23_dout                 |   in|   32|     ap_fifo|                                  fifo_SA_O_23|       pointer|
|fifo_SA_O_23_num_data_valid       |   in|    5|     ap_fifo|                                  fifo_SA_O_23|       pointer|
|fifo_SA_O_23_fifo_cap             |   in|    5|     ap_fifo|                                  fifo_SA_O_23|       pointer|
|fifo_SA_O_23_empty_n              |   in|    1|     ap_fifo|                                  fifo_SA_O_23|       pointer|
|fifo_SA_O_23_read                 |  out|    1|     ap_fifo|                                  fifo_SA_O_23|       pointer|
|fifo_SA_O_39_dout                 |   in|   32|     ap_fifo|                                  fifo_SA_O_39|       pointer|
|fifo_SA_O_39_num_data_valid       |   in|    5|     ap_fifo|                                  fifo_SA_O_39|       pointer|
|fifo_SA_O_39_fifo_cap             |   in|    5|     ap_fifo|                                  fifo_SA_O_39|       pointer|
|fifo_SA_O_39_empty_n              |   in|    1|     ap_fifo|                                  fifo_SA_O_39|       pointer|
|fifo_SA_O_39_read                 |  out|    1|     ap_fifo|                                  fifo_SA_O_39|       pointer|
|fifo_SA_O_55_dout                 |   in|   32|     ap_fifo|                                  fifo_SA_O_55|       pointer|
|fifo_SA_O_55_num_data_valid       |   in|    5|     ap_fifo|                                  fifo_SA_O_55|       pointer|
|fifo_SA_O_55_fifo_cap             |   in|    5|     ap_fifo|                                  fifo_SA_O_55|       pointer|
|fifo_SA_O_55_empty_n              |   in|    1|     ap_fifo|                                  fifo_SA_O_55|       pointer|
|fifo_SA_O_55_read                 |  out|    1|     ap_fifo|                                  fifo_SA_O_55|       pointer|
|fifo_SA_O_8_dout                  |   in|   32|     ap_fifo|                                   fifo_SA_O_8|       pointer|
|fifo_SA_O_8_num_data_valid        |   in|    5|     ap_fifo|                                   fifo_SA_O_8|       pointer|
|fifo_SA_O_8_fifo_cap              |   in|    5|     ap_fifo|                                   fifo_SA_O_8|       pointer|
|fifo_SA_O_8_empty_n               |   in|    1|     ap_fifo|                                   fifo_SA_O_8|       pointer|
|fifo_SA_O_8_read                  |  out|    1|     ap_fifo|                                   fifo_SA_O_8|       pointer|
|fifo_SA_O_24_dout                 |   in|   32|     ap_fifo|                                  fifo_SA_O_24|       pointer|
|fifo_SA_O_24_num_data_valid       |   in|    5|     ap_fifo|                                  fifo_SA_O_24|       pointer|
|fifo_SA_O_24_fifo_cap             |   in|    5|     ap_fifo|                                  fifo_SA_O_24|       pointer|
|fifo_SA_O_24_empty_n              |   in|    1|     ap_fifo|                                  fifo_SA_O_24|       pointer|
|fifo_SA_O_24_read                 |  out|    1|     ap_fifo|                                  fifo_SA_O_24|       pointer|
|fifo_SA_O_40_dout                 |   in|   32|     ap_fifo|                                  fifo_SA_O_40|       pointer|
|fifo_SA_O_40_num_data_valid       |   in|    5|     ap_fifo|                                  fifo_SA_O_40|       pointer|
|fifo_SA_O_40_fifo_cap             |   in|    5|     ap_fifo|                                  fifo_SA_O_40|       pointer|
|fifo_SA_O_40_empty_n              |   in|    1|     ap_fifo|                                  fifo_SA_O_40|       pointer|
|fifo_SA_O_40_read                 |  out|    1|     ap_fifo|                                  fifo_SA_O_40|       pointer|
|fifo_SA_O_56_dout                 |   in|   32|     ap_fifo|                                  fifo_SA_O_56|       pointer|
|fifo_SA_O_56_num_data_valid       |   in|    5|     ap_fifo|                                  fifo_SA_O_56|       pointer|
|fifo_SA_O_56_fifo_cap             |   in|    5|     ap_fifo|                                  fifo_SA_O_56|       pointer|
|fifo_SA_O_56_empty_n              |   in|    1|     ap_fifo|                                  fifo_SA_O_56|       pointer|
|fifo_SA_O_56_read                 |  out|    1|     ap_fifo|                                  fifo_SA_O_56|       pointer|
|fifo_SA_O_9_dout                  |   in|   32|     ap_fifo|                                   fifo_SA_O_9|       pointer|
|fifo_SA_O_9_num_data_valid        |   in|    5|     ap_fifo|                                   fifo_SA_O_9|       pointer|
|fifo_SA_O_9_fifo_cap              |   in|    5|     ap_fifo|                                   fifo_SA_O_9|       pointer|
|fifo_SA_O_9_empty_n               |   in|    1|     ap_fifo|                                   fifo_SA_O_9|       pointer|
|fifo_SA_O_9_read                  |  out|    1|     ap_fifo|                                   fifo_SA_O_9|       pointer|
|fifo_SA_O_25_dout                 |   in|   32|     ap_fifo|                                  fifo_SA_O_25|       pointer|
|fifo_SA_O_25_num_data_valid       |   in|    5|     ap_fifo|                                  fifo_SA_O_25|       pointer|
|fifo_SA_O_25_fifo_cap             |   in|    5|     ap_fifo|                                  fifo_SA_O_25|       pointer|
|fifo_SA_O_25_empty_n              |   in|    1|     ap_fifo|                                  fifo_SA_O_25|       pointer|
|fifo_SA_O_25_read                 |  out|    1|     ap_fifo|                                  fifo_SA_O_25|       pointer|
|fifo_SA_O_41_dout                 |   in|   32|     ap_fifo|                                  fifo_SA_O_41|       pointer|
|fifo_SA_O_41_num_data_valid       |   in|    5|     ap_fifo|                                  fifo_SA_O_41|       pointer|
|fifo_SA_O_41_fifo_cap             |   in|    5|     ap_fifo|                                  fifo_SA_O_41|       pointer|
|fifo_SA_O_41_empty_n              |   in|    1|     ap_fifo|                                  fifo_SA_O_41|       pointer|
|fifo_SA_O_41_read                 |  out|    1|     ap_fifo|                                  fifo_SA_O_41|       pointer|
|fifo_SA_O_57_dout                 |   in|   32|     ap_fifo|                                  fifo_SA_O_57|       pointer|
|fifo_SA_O_57_num_data_valid       |   in|    5|     ap_fifo|                                  fifo_SA_O_57|       pointer|
|fifo_SA_O_57_fifo_cap             |   in|    5|     ap_fifo|                                  fifo_SA_O_57|       pointer|
|fifo_SA_O_57_empty_n              |   in|    1|     ap_fifo|                                  fifo_SA_O_57|       pointer|
|fifo_SA_O_57_read                 |  out|    1|     ap_fifo|                                  fifo_SA_O_57|       pointer|
|fifo_SA_O_10_dout                 |   in|   32|     ap_fifo|                                  fifo_SA_O_10|       pointer|
|fifo_SA_O_10_num_data_valid       |   in|    5|     ap_fifo|                                  fifo_SA_O_10|       pointer|
|fifo_SA_O_10_fifo_cap             |   in|    5|     ap_fifo|                                  fifo_SA_O_10|       pointer|
|fifo_SA_O_10_empty_n              |   in|    1|     ap_fifo|                                  fifo_SA_O_10|       pointer|
|fifo_SA_O_10_read                 |  out|    1|     ap_fifo|                                  fifo_SA_O_10|       pointer|
|fifo_SA_O_26_dout                 |   in|   32|     ap_fifo|                                  fifo_SA_O_26|       pointer|
|fifo_SA_O_26_num_data_valid       |   in|    5|     ap_fifo|                                  fifo_SA_O_26|       pointer|
|fifo_SA_O_26_fifo_cap             |   in|    5|     ap_fifo|                                  fifo_SA_O_26|       pointer|
|fifo_SA_O_26_empty_n              |   in|    1|     ap_fifo|                                  fifo_SA_O_26|       pointer|
|fifo_SA_O_26_read                 |  out|    1|     ap_fifo|                                  fifo_SA_O_26|       pointer|
|fifo_SA_O_42_dout                 |   in|   32|     ap_fifo|                                  fifo_SA_O_42|       pointer|
|fifo_SA_O_42_num_data_valid       |   in|    5|     ap_fifo|                                  fifo_SA_O_42|       pointer|
|fifo_SA_O_42_fifo_cap             |   in|    5|     ap_fifo|                                  fifo_SA_O_42|       pointer|
|fifo_SA_O_42_empty_n              |   in|    1|     ap_fifo|                                  fifo_SA_O_42|       pointer|
|fifo_SA_O_42_read                 |  out|    1|     ap_fifo|                                  fifo_SA_O_42|       pointer|
|fifo_SA_O_58_dout                 |   in|   32|     ap_fifo|                                  fifo_SA_O_58|       pointer|
|fifo_SA_O_58_num_data_valid       |   in|    5|     ap_fifo|                                  fifo_SA_O_58|       pointer|
|fifo_SA_O_58_fifo_cap             |   in|    5|     ap_fifo|                                  fifo_SA_O_58|       pointer|
|fifo_SA_O_58_empty_n              |   in|    1|     ap_fifo|                                  fifo_SA_O_58|       pointer|
|fifo_SA_O_58_read                 |  out|    1|     ap_fifo|                                  fifo_SA_O_58|       pointer|
|fifo_SA_O_11_dout                 |   in|   32|     ap_fifo|                                  fifo_SA_O_11|       pointer|
|fifo_SA_O_11_num_data_valid       |   in|    5|     ap_fifo|                                  fifo_SA_O_11|       pointer|
|fifo_SA_O_11_fifo_cap             |   in|    5|     ap_fifo|                                  fifo_SA_O_11|       pointer|
|fifo_SA_O_11_empty_n              |   in|    1|     ap_fifo|                                  fifo_SA_O_11|       pointer|
|fifo_SA_O_11_read                 |  out|    1|     ap_fifo|                                  fifo_SA_O_11|       pointer|
|fifo_SA_O_27_dout                 |   in|   32|     ap_fifo|                                  fifo_SA_O_27|       pointer|
|fifo_SA_O_27_num_data_valid       |   in|    5|     ap_fifo|                                  fifo_SA_O_27|       pointer|
|fifo_SA_O_27_fifo_cap             |   in|    5|     ap_fifo|                                  fifo_SA_O_27|       pointer|
|fifo_SA_O_27_empty_n              |   in|    1|     ap_fifo|                                  fifo_SA_O_27|       pointer|
|fifo_SA_O_27_read                 |  out|    1|     ap_fifo|                                  fifo_SA_O_27|       pointer|
|fifo_SA_O_43_dout                 |   in|   32|     ap_fifo|                                  fifo_SA_O_43|       pointer|
|fifo_SA_O_43_num_data_valid       |   in|    5|     ap_fifo|                                  fifo_SA_O_43|       pointer|
|fifo_SA_O_43_fifo_cap             |   in|    5|     ap_fifo|                                  fifo_SA_O_43|       pointer|
|fifo_SA_O_43_empty_n              |   in|    1|     ap_fifo|                                  fifo_SA_O_43|       pointer|
|fifo_SA_O_43_read                 |  out|    1|     ap_fifo|                                  fifo_SA_O_43|       pointer|
|fifo_SA_O_59_dout                 |   in|   32|     ap_fifo|                                  fifo_SA_O_59|       pointer|
|fifo_SA_O_59_num_data_valid       |   in|    5|     ap_fifo|                                  fifo_SA_O_59|       pointer|
|fifo_SA_O_59_fifo_cap             |   in|    5|     ap_fifo|                                  fifo_SA_O_59|       pointer|
|fifo_SA_O_59_empty_n              |   in|    1|     ap_fifo|                                  fifo_SA_O_59|       pointer|
|fifo_SA_O_59_read                 |  out|    1|     ap_fifo|                                  fifo_SA_O_59|       pointer|
|fifo_SA_O_12_dout                 |   in|   32|     ap_fifo|                                  fifo_SA_O_12|       pointer|
|fifo_SA_O_12_num_data_valid       |   in|    5|     ap_fifo|                                  fifo_SA_O_12|       pointer|
|fifo_SA_O_12_fifo_cap             |   in|    5|     ap_fifo|                                  fifo_SA_O_12|       pointer|
|fifo_SA_O_12_empty_n              |   in|    1|     ap_fifo|                                  fifo_SA_O_12|       pointer|
|fifo_SA_O_12_read                 |  out|    1|     ap_fifo|                                  fifo_SA_O_12|       pointer|
|fifo_SA_O_28_dout                 |   in|   32|     ap_fifo|                                  fifo_SA_O_28|       pointer|
|fifo_SA_O_28_num_data_valid       |   in|    5|     ap_fifo|                                  fifo_SA_O_28|       pointer|
|fifo_SA_O_28_fifo_cap             |   in|    5|     ap_fifo|                                  fifo_SA_O_28|       pointer|
|fifo_SA_O_28_empty_n              |   in|    1|     ap_fifo|                                  fifo_SA_O_28|       pointer|
|fifo_SA_O_28_read                 |  out|    1|     ap_fifo|                                  fifo_SA_O_28|       pointer|
|fifo_SA_O_44_dout                 |   in|   32|     ap_fifo|                                  fifo_SA_O_44|       pointer|
|fifo_SA_O_44_num_data_valid       |   in|    5|     ap_fifo|                                  fifo_SA_O_44|       pointer|
|fifo_SA_O_44_fifo_cap             |   in|    5|     ap_fifo|                                  fifo_SA_O_44|       pointer|
|fifo_SA_O_44_empty_n              |   in|    1|     ap_fifo|                                  fifo_SA_O_44|       pointer|
|fifo_SA_O_44_read                 |  out|    1|     ap_fifo|                                  fifo_SA_O_44|       pointer|
|fifo_SA_O_60_dout                 |   in|   32|     ap_fifo|                                  fifo_SA_O_60|       pointer|
|fifo_SA_O_60_num_data_valid       |   in|    5|     ap_fifo|                                  fifo_SA_O_60|       pointer|
|fifo_SA_O_60_fifo_cap             |   in|    5|     ap_fifo|                                  fifo_SA_O_60|       pointer|
|fifo_SA_O_60_empty_n              |   in|    1|     ap_fifo|                                  fifo_SA_O_60|       pointer|
|fifo_SA_O_60_read                 |  out|    1|     ap_fifo|                                  fifo_SA_O_60|       pointer|
|fifo_SA_O_13_dout                 |   in|   32|     ap_fifo|                                  fifo_SA_O_13|       pointer|
|fifo_SA_O_13_num_data_valid       |   in|    5|     ap_fifo|                                  fifo_SA_O_13|       pointer|
|fifo_SA_O_13_fifo_cap             |   in|    5|     ap_fifo|                                  fifo_SA_O_13|       pointer|
|fifo_SA_O_13_empty_n              |   in|    1|     ap_fifo|                                  fifo_SA_O_13|       pointer|
|fifo_SA_O_13_read                 |  out|    1|     ap_fifo|                                  fifo_SA_O_13|       pointer|
|fifo_SA_O_29_dout                 |   in|   32|     ap_fifo|                                  fifo_SA_O_29|       pointer|
|fifo_SA_O_29_num_data_valid       |   in|    5|     ap_fifo|                                  fifo_SA_O_29|       pointer|
|fifo_SA_O_29_fifo_cap             |   in|    5|     ap_fifo|                                  fifo_SA_O_29|       pointer|
|fifo_SA_O_29_empty_n              |   in|    1|     ap_fifo|                                  fifo_SA_O_29|       pointer|
|fifo_SA_O_29_read                 |  out|    1|     ap_fifo|                                  fifo_SA_O_29|       pointer|
|fifo_SA_O_45_dout                 |   in|   32|     ap_fifo|                                  fifo_SA_O_45|       pointer|
|fifo_SA_O_45_num_data_valid       |   in|    5|     ap_fifo|                                  fifo_SA_O_45|       pointer|
|fifo_SA_O_45_fifo_cap             |   in|    5|     ap_fifo|                                  fifo_SA_O_45|       pointer|
|fifo_SA_O_45_empty_n              |   in|    1|     ap_fifo|                                  fifo_SA_O_45|       pointer|
|fifo_SA_O_45_read                 |  out|    1|     ap_fifo|                                  fifo_SA_O_45|       pointer|
|fifo_SA_O_61_dout                 |   in|   32|     ap_fifo|                                  fifo_SA_O_61|       pointer|
|fifo_SA_O_61_num_data_valid       |   in|    5|     ap_fifo|                                  fifo_SA_O_61|       pointer|
|fifo_SA_O_61_fifo_cap             |   in|    5|     ap_fifo|                                  fifo_SA_O_61|       pointer|
|fifo_SA_O_61_empty_n              |   in|    1|     ap_fifo|                                  fifo_SA_O_61|       pointer|
|fifo_SA_O_61_read                 |  out|    1|     ap_fifo|                                  fifo_SA_O_61|       pointer|
|fifo_SA_O_14_dout                 |   in|   32|     ap_fifo|                                  fifo_SA_O_14|       pointer|
|fifo_SA_O_14_num_data_valid       |   in|    5|     ap_fifo|                                  fifo_SA_O_14|       pointer|
|fifo_SA_O_14_fifo_cap             |   in|    5|     ap_fifo|                                  fifo_SA_O_14|       pointer|
|fifo_SA_O_14_empty_n              |   in|    1|     ap_fifo|                                  fifo_SA_O_14|       pointer|
|fifo_SA_O_14_read                 |  out|    1|     ap_fifo|                                  fifo_SA_O_14|       pointer|
|fifo_SA_O_30_dout                 |   in|   32|     ap_fifo|                                  fifo_SA_O_30|       pointer|
|fifo_SA_O_30_num_data_valid       |   in|    5|     ap_fifo|                                  fifo_SA_O_30|       pointer|
|fifo_SA_O_30_fifo_cap             |   in|    5|     ap_fifo|                                  fifo_SA_O_30|       pointer|
|fifo_SA_O_30_empty_n              |   in|    1|     ap_fifo|                                  fifo_SA_O_30|       pointer|
|fifo_SA_O_30_read                 |  out|    1|     ap_fifo|                                  fifo_SA_O_30|       pointer|
|fifo_SA_O_46_dout                 |   in|   32|     ap_fifo|                                  fifo_SA_O_46|       pointer|
|fifo_SA_O_46_num_data_valid       |   in|    5|     ap_fifo|                                  fifo_SA_O_46|       pointer|
|fifo_SA_O_46_fifo_cap             |   in|    5|     ap_fifo|                                  fifo_SA_O_46|       pointer|
|fifo_SA_O_46_empty_n              |   in|    1|     ap_fifo|                                  fifo_SA_O_46|       pointer|
|fifo_SA_O_46_read                 |  out|    1|     ap_fifo|                                  fifo_SA_O_46|       pointer|
|fifo_SA_O_62_dout                 |   in|   32|     ap_fifo|                                  fifo_SA_O_62|       pointer|
|fifo_SA_O_62_num_data_valid       |   in|    5|     ap_fifo|                                  fifo_SA_O_62|       pointer|
|fifo_SA_O_62_fifo_cap             |   in|    5|     ap_fifo|                                  fifo_SA_O_62|       pointer|
|fifo_SA_O_62_empty_n              |   in|    1|     ap_fifo|                                  fifo_SA_O_62|       pointer|
|fifo_SA_O_62_read                 |  out|    1|     ap_fifo|                                  fifo_SA_O_62|       pointer|
|fifo_SA_O_15_dout                 |   in|   32|     ap_fifo|                                  fifo_SA_O_15|       pointer|
|fifo_SA_O_15_num_data_valid       |   in|    5|     ap_fifo|                                  fifo_SA_O_15|       pointer|
|fifo_SA_O_15_fifo_cap             |   in|    5|     ap_fifo|                                  fifo_SA_O_15|       pointer|
|fifo_SA_O_15_empty_n              |   in|    1|     ap_fifo|                                  fifo_SA_O_15|       pointer|
|fifo_SA_O_15_read                 |  out|    1|     ap_fifo|                                  fifo_SA_O_15|       pointer|
|fifo_SA_O_31_dout                 |   in|   32|     ap_fifo|                                  fifo_SA_O_31|       pointer|
|fifo_SA_O_31_num_data_valid       |   in|    5|     ap_fifo|                                  fifo_SA_O_31|       pointer|
|fifo_SA_O_31_fifo_cap             |   in|    5|     ap_fifo|                                  fifo_SA_O_31|       pointer|
|fifo_SA_O_31_empty_n              |   in|    1|     ap_fifo|                                  fifo_SA_O_31|       pointer|
|fifo_SA_O_31_read                 |  out|    1|     ap_fifo|                                  fifo_SA_O_31|       pointer|
|fifo_SA_O_47_dout                 |   in|   32|     ap_fifo|                                  fifo_SA_O_47|       pointer|
|fifo_SA_O_47_num_data_valid       |   in|    5|     ap_fifo|                                  fifo_SA_O_47|       pointer|
|fifo_SA_O_47_fifo_cap             |   in|    5|     ap_fifo|                                  fifo_SA_O_47|       pointer|
|fifo_SA_O_47_empty_n              |   in|    1|     ap_fifo|                                  fifo_SA_O_47|       pointer|
|fifo_SA_O_47_read                 |  out|    1|     ap_fifo|                                  fifo_SA_O_47|       pointer|
|fifo_SA_O_63_dout                 |   in|   32|     ap_fifo|                                  fifo_SA_O_63|       pointer|
|fifo_SA_O_63_num_data_valid       |   in|    5|     ap_fifo|                                  fifo_SA_O_63|       pointer|
|fifo_SA_O_63_fifo_cap             |   in|    5|     ap_fifo|                                  fifo_SA_O_63|       pointer|
|fifo_SA_O_63_empty_n              |   in|    1|     ap_fifo|                                  fifo_SA_O_63|       pointer|
|fifo_SA_O_63_read                 |  out|    1|     ap_fifo|                                  fifo_SA_O_63|       pointer|
|fifo_CONV3_ACC_din                |  out|   32|     ap_fifo|                                fifo_CONV3_ACC|       pointer|
|fifo_CONV3_ACC_num_data_valid     |   in|    4|     ap_fifo|                                fifo_CONV3_ACC|       pointer|
|fifo_CONV3_ACC_fifo_cap           |   in|    4|     ap_fifo|                                fifo_CONV3_ACC|       pointer|
|fifo_CONV3_ACC_full_n             |   in|    1|     ap_fifo|                                fifo_CONV3_ACC|       pointer|
|fifo_CONV3_ACC_write              |  out|    1|     ap_fifo|                                fifo_CONV3_ACC|       pointer|
|fifo_CONV3_ACC_1_din              |  out|   32|     ap_fifo|                              fifo_CONV3_ACC_1|       pointer|
|fifo_CONV3_ACC_1_num_data_valid   |   in|    4|     ap_fifo|                              fifo_CONV3_ACC_1|       pointer|
|fifo_CONV3_ACC_1_fifo_cap         |   in|    4|     ap_fifo|                              fifo_CONV3_ACC_1|       pointer|
|fifo_CONV3_ACC_1_full_n           |   in|    1|     ap_fifo|                              fifo_CONV3_ACC_1|       pointer|
|fifo_CONV3_ACC_1_write            |  out|    1|     ap_fifo|                              fifo_CONV3_ACC_1|       pointer|
|fifo_CONV3_ACC_2_din              |  out|   32|     ap_fifo|                              fifo_CONV3_ACC_2|       pointer|
|fifo_CONV3_ACC_2_num_data_valid   |   in|    4|     ap_fifo|                              fifo_CONV3_ACC_2|       pointer|
|fifo_CONV3_ACC_2_fifo_cap         |   in|    4|     ap_fifo|                              fifo_CONV3_ACC_2|       pointer|
|fifo_CONV3_ACC_2_full_n           |   in|    1|     ap_fifo|                              fifo_CONV3_ACC_2|       pointer|
|fifo_CONV3_ACC_2_write            |  out|    1|     ap_fifo|                              fifo_CONV3_ACC_2|       pointer|
|fifo_CONV3_ACC_3_din              |  out|   32|     ap_fifo|                              fifo_CONV3_ACC_3|       pointer|
|fifo_CONV3_ACC_3_num_data_valid   |   in|    4|     ap_fifo|                              fifo_CONV3_ACC_3|       pointer|
|fifo_CONV3_ACC_3_fifo_cap         |   in|    4|     ap_fifo|                              fifo_CONV3_ACC_3|       pointer|
|fifo_CONV3_ACC_3_full_n           |   in|    1|     ap_fifo|                              fifo_CONV3_ACC_3|       pointer|
|fifo_CONV3_ACC_3_write            |  out|    1|     ap_fifo|                              fifo_CONV3_ACC_3|       pointer|
|fifo_CONV3_ACC_4_din              |  out|   32|     ap_fifo|                              fifo_CONV3_ACC_4|       pointer|
|fifo_CONV3_ACC_4_num_data_valid   |   in|    4|     ap_fifo|                              fifo_CONV3_ACC_4|       pointer|
|fifo_CONV3_ACC_4_fifo_cap         |   in|    4|     ap_fifo|                              fifo_CONV3_ACC_4|       pointer|
|fifo_CONV3_ACC_4_full_n           |   in|    1|     ap_fifo|                              fifo_CONV3_ACC_4|       pointer|
|fifo_CONV3_ACC_4_write            |  out|    1|     ap_fifo|                              fifo_CONV3_ACC_4|       pointer|
|fifo_CONV3_ACC_5_din              |  out|   32|     ap_fifo|                              fifo_CONV3_ACC_5|       pointer|
|fifo_CONV3_ACC_5_num_data_valid   |   in|    4|     ap_fifo|                              fifo_CONV3_ACC_5|       pointer|
|fifo_CONV3_ACC_5_fifo_cap         |   in|    4|     ap_fifo|                              fifo_CONV3_ACC_5|       pointer|
|fifo_CONV3_ACC_5_full_n           |   in|    1|     ap_fifo|                              fifo_CONV3_ACC_5|       pointer|
|fifo_CONV3_ACC_5_write            |  out|    1|     ap_fifo|                              fifo_CONV3_ACC_5|       pointer|
|fifo_CONV3_ACC_6_din              |  out|   32|     ap_fifo|                              fifo_CONV3_ACC_6|       pointer|
|fifo_CONV3_ACC_6_num_data_valid   |   in|    4|     ap_fifo|                              fifo_CONV3_ACC_6|       pointer|
|fifo_CONV3_ACC_6_fifo_cap         |   in|    4|     ap_fifo|                              fifo_CONV3_ACC_6|       pointer|
|fifo_CONV3_ACC_6_full_n           |   in|    1|     ap_fifo|                              fifo_CONV3_ACC_6|       pointer|
|fifo_CONV3_ACC_6_write            |  out|    1|     ap_fifo|                              fifo_CONV3_ACC_6|       pointer|
|fifo_CONV3_ACC_7_din              |  out|   32|     ap_fifo|                              fifo_CONV3_ACC_7|       pointer|
|fifo_CONV3_ACC_7_num_data_valid   |   in|    4|     ap_fifo|                              fifo_CONV3_ACC_7|       pointer|
|fifo_CONV3_ACC_7_fifo_cap         |   in|    4|     ap_fifo|                              fifo_CONV3_ACC_7|       pointer|
|fifo_CONV3_ACC_7_full_n           |   in|    1|     ap_fifo|                              fifo_CONV3_ACC_7|       pointer|
|fifo_CONV3_ACC_7_write            |  out|    1|     ap_fifo|                              fifo_CONV3_ACC_7|       pointer|
|fifo_CONV3_ACC_8_din              |  out|   32|     ap_fifo|                              fifo_CONV3_ACC_8|       pointer|
|fifo_CONV3_ACC_8_num_data_valid   |   in|    4|     ap_fifo|                              fifo_CONV3_ACC_8|       pointer|
|fifo_CONV3_ACC_8_fifo_cap         |   in|    4|     ap_fifo|                              fifo_CONV3_ACC_8|       pointer|
|fifo_CONV3_ACC_8_full_n           |   in|    1|     ap_fifo|                              fifo_CONV3_ACC_8|       pointer|
|fifo_CONV3_ACC_8_write            |  out|    1|     ap_fifo|                              fifo_CONV3_ACC_8|       pointer|
|fifo_CONV3_ACC_9_din              |  out|   32|     ap_fifo|                              fifo_CONV3_ACC_9|       pointer|
|fifo_CONV3_ACC_9_num_data_valid   |   in|    4|     ap_fifo|                              fifo_CONV3_ACC_9|       pointer|
|fifo_CONV3_ACC_9_fifo_cap         |   in|    4|     ap_fifo|                              fifo_CONV3_ACC_9|       pointer|
|fifo_CONV3_ACC_9_full_n           |   in|    1|     ap_fifo|                              fifo_CONV3_ACC_9|       pointer|
|fifo_CONV3_ACC_9_write            |  out|    1|     ap_fifo|                              fifo_CONV3_ACC_9|       pointer|
|fifo_CONV3_ACC_10_din             |  out|   32|     ap_fifo|                             fifo_CONV3_ACC_10|       pointer|
|fifo_CONV3_ACC_10_num_data_valid  |   in|    4|     ap_fifo|                             fifo_CONV3_ACC_10|       pointer|
|fifo_CONV3_ACC_10_fifo_cap        |   in|    4|     ap_fifo|                             fifo_CONV3_ACC_10|       pointer|
|fifo_CONV3_ACC_10_full_n          |   in|    1|     ap_fifo|                             fifo_CONV3_ACC_10|       pointer|
|fifo_CONV3_ACC_10_write           |  out|    1|     ap_fifo|                             fifo_CONV3_ACC_10|       pointer|
|fifo_CONV3_ACC_11_din             |  out|   32|     ap_fifo|                             fifo_CONV3_ACC_11|       pointer|
|fifo_CONV3_ACC_11_num_data_valid  |   in|    4|     ap_fifo|                             fifo_CONV3_ACC_11|       pointer|
|fifo_CONV3_ACC_11_fifo_cap        |   in|    4|     ap_fifo|                             fifo_CONV3_ACC_11|       pointer|
|fifo_CONV3_ACC_11_full_n          |   in|    1|     ap_fifo|                             fifo_CONV3_ACC_11|       pointer|
|fifo_CONV3_ACC_11_write           |  out|    1|     ap_fifo|                             fifo_CONV3_ACC_11|       pointer|
|fifo_CONV3_ACC_12_din             |  out|   32|     ap_fifo|                             fifo_CONV3_ACC_12|       pointer|
|fifo_CONV3_ACC_12_num_data_valid  |   in|    4|     ap_fifo|                             fifo_CONV3_ACC_12|       pointer|
|fifo_CONV3_ACC_12_fifo_cap        |   in|    4|     ap_fifo|                             fifo_CONV3_ACC_12|       pointer|
|fifo_CONV3_ACC_12_full_n          |   in|    1|     ap_fifo|                             fifo_CONV3_ACC_12|       pointer|
|fifo_CONV3_ACC_12_write           |  out|    1|     ap_fifo|                             fifo_CONV3_ACC_12|       pointer|
|fifo_CONV3_ACC_13_din             |  out|   32|     ap_fifo|                             fifo_CONV3_ACC_13|       pointer|
|fifo_CONV3_ACC_13_num_data_valid  |   in|    4|     ap_fifo|                             fifo_CONV3_ACC_13|       pointer|
|fifo_CONV3_ACC_13_fifo_cap        |   in|    4|     ap_fifo|                             fifo_CONV3_ACC_13|       pointer|
|fifo_CONV3_ACC_13_full_n          |   in|    1|     ap_fifo|                             fifo_CONV3_ACC_13|       pointer|
|fifo_CONV3_ACC_13_write           |  out|    1|     ap_fifo|                             fifo_CONV3_ACC_13|       pointer|
|fifo_CONV3_ACC_14_din             |  out|   32|     ap_fifo|                             fifo_CONV3_ACC_14|       pointer|
|fifo_CONV3_ACC_14_num_data_valid  |   in|    4|     ap_fifo|                             fifo_CONV3_ACC_14|       pointer|
|fifo_CONV3_ACC_14_fifo_cap        |   in|    4|     ap_fifo|                             fifo_CONV3_ACC_14|       pointer|
|fifo_CONV3_ACC_14_full_n          |   in|    1|     ap_fifo|                             fifo_CONV3_ACC_14|       pointer|
|fifo_CONV3_ACC_14_write           |  out|    1|     ap_fifo|                             fifo_CONV3_ACC_14|       pointer|
|fifo_CONV3_ACC_15_din             |  out|   32|     ap_fifo|                             fifo_CONV3_ACC_15|       pointer|
|fifo_CONV3_ACC_15_num_data_valid  |   in|    4|     ap_fifo|                             fifo_CONV3_ACC_15|       pointer|
|fifo_CONV3_ACC_15_fifo_cap        |   in|    4|     ap_fifo|                             fifo_CONV3_ACC_15|       pointer|
|fifo_CONV3_ACC_15_full_n          |   in|    1|     ap_fifo|                             fifo_CONV3_ACC_15|       pointer|
|fifo_CONV3_ACC_15_write           |  out|    1|     ap_fifo|                             fifo_CONV3_ACC_15|       pointer|
|numlines                          |   in|   32|     ap_none|                                      numlines|        scalar|
+----------------------------------+-----+-----+------------+----------------------------------------------+--------------+

